Flightcontroller.cpp:14:2:FLIGHTCONTROLLER::Flightcontroller::Flightcontroller()	32	static
Flightcontroller.cpp:23:7:void FLIGHTCONTROLLER::Flightcontroller::Init()	32	static
Flightcontroller.cpp:76:7:void FLIGHTCONTROLLER::Flightcontroller::InitMotors()	8	static
Flightcontroller.cpp:85:7:void FLIGHTCONTROLLER::Flightcontroller::InitGimbal()	8	static
Flightcontroller.cpp:93:7:void FLIGHTCONTROLLER::Flightcontroller::InitDAC()	24	static
Flightcontroller.cpp:101:7:void FLIGHTCONTROLLER::Flightcontroller::InitCounter()	4	static
Flightcontroller.cpp:109:7:void FLIGHTCONTROLLER::Flightcontroller::InitRadio()	8	static
Flightcontroller.cpp:126:7:void FLIGHTCONTROLLER::Flightcontroller::InitSDCard()	40	static
Flightcontroller.cpp:145:7:void FLIGHTCONTROLLER::Flightcontroller::LoopRadio()	16	static
Flightcontroller.cpp:152:7:void FLIGHTCONTROLLER::Flightcontroller::SetMotorSpeed()	64	static
Flightcontroller.cpp:50:7:void FLIGHTCONTROLLER::Flightcontroller::Loop()	176	static
Flightcontroller.cpp:185:7:void FLIGHTCONTROLLER::Flightcontroller::InitUSBOSD()	24	static
Flightcontroller.cpp:197:7:void FLIGHTCONTROLLER::Flightcontroller::CalculateError()	8	static
Flightcontroller.cpp:203:7:void FLIGHTCONTROLLER::Flightcontroller::PID_TrueAngle()	96	static
Flightcontroller.cpp:222:7:void FLIGHTCONTROLLER::Flightcontroller::PID_AngleMotion()	96	static
Flightcontroller.cpp:241:7:void FLIGHTCONTROLLER::Flightcontroller::SetPIDGain()	64	static
Flightcontroller.cpp:258:7:void FLIGHTCONTROLLER::Flightcontroller::MotorCalibration()	16	static
Flightcontroller.cpp:19:2:FLIGHTCONTROLLER::Flightcontroller::~Flightcontroller()	8	static
Flightcontroller.cpp:19:2:virtual FLIGHTCONTROLLER::Flightcontroller::~Flightcontroller()	8	static
