Flightcontroller.cpp:14:2:FLIGHTCONTROLLER::Flightcontroller::Flightcontroller()	32	static
Flightcontroller.cpp:23:7:void FLIGHTCONTROLLER::Flightcontroller::Init()	32	static
Flightcontroller.cpp:78:7:void FLIGHTCONTROLLER::Flightcontroller::InitMotors()	8	static
Flightcontroller.cpp:87:7:void FLIGHTCONTROLLER::Flightcontroller::InitGimbal()	8	static
Flightcontroller.cpp:95:7:void FLIGHTCONTROLLER::Flightcontroller::InitDAC()	24	static
Flightcontroller.cpp:103:7:void FLIGHTCONTROLLER::Flightcontroller::InitCounter()	4	static
Flightcontroller.cpp:111:7:void FLIGHTCONTROLLER::Flightcontroller::InitRadio()	8	static
Flightcontroller.cpp:128:7:void FLIGHTCONTROLLER::Flightcontroller::InitSDCard()	40	static
Flightcontroller.cpp:147:7:void FLIGHTCONTROLLER::Flightcontroller::LoopRadio()	16	static
Flightcontroller.cpp:154:7:void FLIGHTCONTROLLER::Flightcontroller::SetMotorSpeed()	64	static
Flightcontroller.cpp:52:7:void FLIGHTCONTROLLER::Flightcontroller::Loop()	176	static
Flightcontroller.cpp:187:7:void FLIGHTCONTROLLER::Flightcontroller::InitUSBOSD()	24	static
Flightcontroller.cpp:199:7:void FLIGHTCONTROLLER::Flightcontroller::CalculateError()	8	static
Flightcontroller.cpp:205:7:void FLIGHTCONTROLLER::Flightcontroller::PID_TrueAngle()	96	static
Flightcontroller.cpp:224:7:void FLIGHTCONTROLLER::Flightcontroller::PID_AngleMotion()	96	static
Flightcontroller.cpp:243:7:void FLIGHTCONTROLLER::Flightcontroller::SetPIDGain()	64	static
Flightcontroller.cpp:260:7:void FLIGHTCONTROLLER::Flightcontroller::MotorCalibration()	16	static
Flightcontroller.cpp:19:2:FLIGHTCONTROLLER::Flightcontroller::~Flightcontroller()	8	static
Flightcontroller.cpp:19:2:virtual FLIGHTCONTROLLER::Flightcontroller::~Flightcontroller()	8	static
