ICM20689.cpp:17:2:SENSOR::ICM20689::~ICM20689()	0	static
ICM20689.cpp:17:2:virtual SENSOR::ICM20689::~ICM20689()	8	static
ICM20689.cpp:12:2:SENSOR::ICM20689::ICM20689(SPI_HandleTypeDef&, GPIO_TypeDef*, uint8_t)	16	static
ICM20689.cpp:21:7:bool SENSOR::ICM20689::initICM()	32	static
ICM20689.cpp:44:8:float SENSOR::ICM20689::fastsqrt(float)	0	static
ICM20689.cpp:53:8:float SENSOR::ICM20689::fastsin(float)	0	static
ICM20689.cpp:57:8:float SENSOR::ICM20689::fastasin(float)	48	static
ICM20689.cpp:61:7:void SENSOR::ICM20689::calculateICM()	192	static
ICM20689.cpp:99:7:bool SENSOR::ICM20689::whoami()	24	static
ICM20689.cpp:108:7:void SENSOR::ICM20689::writeRegister(uint8_t, uint8_t)	16	static
ICM20689.cpp:121:7:void SENSOR::ICM20689::writeRegister(uint8_t, uint8_t, uint8_t)	24	static
ICM20689.cpp:134:10:uint8_t SENSOR::ICM20689::readRegister(uint8_t)	24	static
ICM20689.cpp:149:10:uint8_t SENSOR::ICM20689::readRegister(uint8_t, uint8_t)	24	static
