stm32f7xx_it.c:89:6:NMI_Handler	0	static
stm32f7xx_it.c:102:6:HardFault_Handler	0	static
stm32f7xx_it.c:117:6:MemManage_Handler	0	static
stm32f7xx_it.c:132:6:BusFault_Handler	0	static
stm32f7xx_it.c:147:6:UsageFault_Handler	0	static
stm32f7xx_it.c:162:6:SVC_Handler	0	static
stm32f7xx_it.c:175:6:DebugMon_Handler	0	static
stm32f7xx_it.c:188:6:PendSV_Handler	0	static
stm32f7xx_it.c:201:6:SysTick_Handler	0	static
stm32f7xx_it.c:222:6:DMA1_Stream1_IRQHandler	0	static
stm32f7xx_it.c:236:6:DMA1_Stream2_IRQHandler	0	static
stm32f7xx_it.c:250:6:DMA1_Stream3_IRQHandler	0	static
stm32f7xx_it.c:264:6:DMA1_Stream4_IRQHandler	0	static
stm32f7xx_it.c:278:6:DMA1_Stream5_IRQHandler	0	static
stm32f7xx_it.c:292:6:DMA1_Stream6_IRQHandler	0	static
stm32f7xx_it.c:306:6:EXTI9_5_IRQHandler	8	static
stm32f7xx_it.c:321:6:TIM4_IRQHandler	0	static
stm32f7xx_it.c:336:6:USART2_IRQHandler	0	static
stm32f7xx_it.c:350:6:DMA1_Stream7_IRQHandler	0	static
stm32f7xx_it.c:364:6:SDMMC1_IRQHandler	0	static
stm32f7xx_it.c:378:6:TIM5_IRQHandler	0	static
stm32f7xx_it.c:393:6:TIM7_IRQHandler	0	static
stm32f7xx_it.c:407:6:DMA2_Stream0_IRQHandler	0	static
stm32f7xx_it.c:421:6:DMA2_Stream2_IRQHandler	0	static
stm32f7xx_it.c:435:6:DMA2_Stream3_IRQHandler	0	static
stm32f7xx_it.c:449:6:DMA2_Stream6_IRQHandler	0	static
stm32f7xx_it.c:463:6:DMA2_Stream7_IRQHandler	0	static
