stm32f7xx_it.c:88:6:NMI_Handler	0	static
stm32f7xx_it.c:101:6:HardFault_Handler	0	static
stm32f7xx_it.c:116:6:MemManage_Handler	0	static
stm32f7xx_it.c:131:6:BusFault_Handler	0	static
stm32f7xx_it.c:146:6:UsageFault_Handler	0	static
stm32f7xx_it.c:161:6:SVC_Handler	0	static
stm32f7xx_it.c:174:6:DebugMon_Handler	0	static
stm32f7xx_it.c:187:6:PendSV_Handler	0	static
stm32f7xx_it.c:200:6:SysTick_Handler	0	static
stm32f7xx_it.c:221:6:DMA1_Stream1_IRQHandler	0	static
stm32f7xx_it.c:235:6:DMA1_Stream2_IRQHandler	0	static
stm32f7xx_it.c:249:6:DMA1_Stream3_IRQHandler	0	static
stm32f7xx_it.c:263:6:DMA1_Stream4_IRQHandler	0	static
stm32f7xx_it.c:277:6:DMA1_Stream5_IRQHandler	0	static
stm32f7xx_it.c:291:6:DMA1_Stream6_IRQHandler	0	static
stm32f7xx_it.c:305:6:EXTI9_5_IRQHandler	8	static
stm32f7xx_it.c:320:6:TIM4_IRQHandler	24	static
stm32f7xx_it.c:346:6:USART2_IRQHandler	0	static
stm32f7xx_it.c:360:6:DMA1_Stream7_IRQHandler	0	static
stm32f7xx_it.c:374:6:SDMMC1_IRQHandler	0	static
stm32f7xx_it.c:388:6:TIM5_IRQHandler	0	static
stm32f7xx_it.c:402:6:TIM7_IRQHandler	0	static
stm32f7xx_it.c:416:6:DMA2_Stream0_IRQHandler	0	static
stm32f7xx_it.c:430:6:DMA2_Stream2_IRQHandler	0	static
stm32f7xx_it.c:444:6:DMA2_Stream3_IRQHandler	0	static
stm32f7xx_it.c:458:6:DMA2_Stream6_IRQHandler	0	static
stm32f7xx_it.c:472:6:DMA2_Stream7_IRQHandler	0	static
