stm32f7xx_it.c:86:6:NMI_Handler	0	static
stm32f7xx_it.c:99:6:HardFault_Handler	0	static
stm32f7xx_it.c:114:6:MemManage_Handler	0	static
stm32f7xx_it.c:129:6:BusFault_Handler	0	static
stm32f7xx_it.c:144:6:UsageFault_Handler	0	static
stm32f7xx_it.c:159:6:SVC_Handler	0	static
stm32f7xx_it.c:172:6:DebugMon_Handler	0	static
stm32f7xx_it.c:185:6:PendSV_Handler	0	static
stm32f7xx_it.c:198:6:SysTick_Handler	0	static
stm32f7xx_it.c:219:6:DMA1_Stream1_IRQHandler	0	static
stm32f7xx_it.c:233:6:DMA1_Stream2_IRQHandler	0	static
stm32f7xx_it.c:247:6:DMA1_Stream3_IRQHandler	0	static
stm32f7xx_it.c:261:6:DMA1_Stream4_IRQHandler	0	static
stm32f7xx_it.c:275:6:DMA1_Stream5_IRQHandler	0	static
stm32f7xx_it.c:289:6:DMA1_Stream6_IRQHandler	0	static
stm32f7xx_it.c:303:6:EXTI9_5_IRQHandler	8	static
stm32f7xx_it.c:318:6:TIM4_IRQHandler	24	static
stm32f7xx_it.c:343:6:USART2_IRQHandler	0	static
stm32f7xx_it.c:357:6:DMA1_Stream7_IRQHandler	0	static
stm32f7xx_it.c:371:6:SDMMC1_IRQHandler	0	static
stm32f7xx_it.c:385:6:DMA2_Stream0_IRQHandler	0	static
stm32f7xx_it.c:399:6:DMA2_Stream2_IRQHandler	0	static
stm32f7xx_it.c:413:6:DMA2_Stream3_IRQHandler	0	static
stm32f7xx_it.c:427:6:DMA2_Stream6_IRQHandler	0	static
stm32f7xx_it.c:441:6:DMA2_Stream7_IRQHandler	0	static
