stm32f7xx_hal_dac_ex.c:88:10:HAL_DACEx_DualGetValue	0	static
stm32f7xx_hal_dac_ex.c:124:19:HAL_DACEx_TriangleWaveGenerate	16	static
stm32f7xx_hal_dac_ex.c:173:19:HAL_DACEx_NoiseWaveGenerate	16	static
stm32f7xx_hal_dac_ex.c:213:19:HAL_DACEx_DualSetValue	4	static
stm32f7xx_hal_dac_ex.c:252:13:HAL_DACEx_ConvCpltCallbackCh2	0	static
stm32f7xx_hal_dac_ex.c:268:13:HAL_DACEx_ConvHalfCpltCallbackCh2	0	static
stm32f7xx_hal_dac_ex.c:284:13:HAL_DACEx_ErrorCallbackCh2	0	static
stm32f7xx_hal_dac_ex.c:300:13:HAL_DACEx_DMAUnderrunCallbackCh2	0	static
stm32f7xx_hal_dac_ex.c:316:6:DAC_DMAConvCpltCh2	8	static
stm32f7xx_hal_dac_ex.c:335:6:DAC_DMAHalfConvCpltCh2	8	static
stm32f7xx_hal_dac_ex.c:352:6:DAC_DMAErrorCh2	8	static
