stm32f7xx_hal_sd.c:2446:13:SD_DMATransmitCplt	0	static
stm32f7xx_hal_sd.c:3061:17:SD_FindSCR	64	static
stm32f7xx_hal_sd.c:492:13:HAL_SD_MspInit	0	static
stm32f7xx_hal_sd.c:507:13:HAL_SD_MspDeInit	0	static
stm32f7xx_hal_sd.c:451:19:HAL_SD_DeInit	8	static
stm32f7xx_hal_sd.c:548:19:HAL_SD_ReadBlocks	56	static
stm32f7xx_hal_sd.c:734:19:HAL_SD_WriteBlocks	48	static
stm32f7xx_hal_sd.c:906:19:HAL_SD_ReadBlocks_IT	48	static
stm32f7xx_hal_sd.c:1007:19:HAL_SD_WriteBlocks_IT	48	static
stm32f7xx_hal_sd.c:1109:19:HAL_SD_ReadBlocks_DMA	48	static
stm32f7xx_hal_sd.c:1222:19:HAL_SD_WriteBlocks_DMA	48	static
stm32f7xx_hal_sd.c:1332:19:HAL_SD_Erase	32	static
stm32f7xx_hal_sd.c:1606:21:HAL_SD_GetState	0	static
stm32f7xx_hal_sd.c:1617:10:HAL_SD_GetError	0	static
stm32f7xx_hal_sd.c:1627:14:HAL_SD_TxCpltCallback	0	static
stm32f7xx_hal_sd.c:1642:13:HAL_SD_RxCpltCallback	0	static
stm32f7xx_hal_sd.c:1657:13:HAL_SD_ErrorCallback	0	static
stm32f7xx_hal_sd.c:2459:13:SD_DMAReceiveCplt	16	static
stm32f7xx_hal_sd.c:2500:13:SD_DMAError	8	static
stm32f7xx_hal_sd.c:1672:13:HAL_SD_AbortCallback	0	static
stm32f7xx_hal_sd.c:2540:13:SD_DMATxAbort	16	static
stm32f7xx_hal_sd.c:2585:13:SD_DMARxAbort	16	static
stm32f7xx_hal_sd.c:1432:6:HAL_SD_IRQHandler	16	static
stm32f7xx_hal_sd.c:1883:19:HAL_SD_GetCardCID	16	static
stm32f7xx_hal_sd.c:1964:19:HAL_SD_GetCardCSD	20	static
stm32f7xx_hal_sd.c:397:19:HAL_SD_InitCard	112	static
stm32f7xx_hal_sd.c:332:19:HAL_SD_Init	8	static
stm32f7xx_hal_sd.c:2111:19:HAL_SD_GetCardStatus	120	static
stm32f7xx_hal_sd.c:2199:19:HAL_SD_GetCardInfo	8	static
stm32f7xx_hal_sd.c:2224:19:HAL_SD_ConfigWideBusOperation	64	static
stm32f7xx_hal_sd.c:2296:25:HAL_SD_GetCardState	8	static
stm32f7xx_hal_sd.c:2319:19:HAL_SD_Abort	8	static
stm32f7xx_hal_sd.c:2366:19:HAL_SD_Abort_IT	16	static
