Archive member included to satisfy reference by file (symbol)

/opt/st/stm32cubeide_1.14.0/plugins/com.st.stm32cube.ide.mcu.externaltools.gnu-tools-for-stm32.11.3.rel1.linux64_1.1.100.202309141235/tools/bin/../lib/gcc/arm-none-eabi/11.3.1/../../../../arm-none-eabi/lib/thumb/v7e-m+fp/hard/libm.a(libm_a-s_sin.o)
                              ./Core/Src/ICM20689.o (sin)
/opt/st/stm32cubeide_1.14.0/plugins/com.st.stm32cube.ide.mcu.externaltools.gnu-tools-for-stm32.11.3.rel1.linux64_1.1.100.202309141235/tools/bin/../lib/gcc/arm-none-eabi/11.3.1/../../../../arm-none-eabi/lib/thumb/v7e-m+fp/hard/libm.a(libm_a-wf_asin.o)
                              ./Core/Src/ICM20689.o (asinf)
/opt/st/stm32cubeide_1.14.0/plugins/com.st.stm32cube.ide.mcu.externaltools.gnu-tools-for-stm32.11.3.rel1.linux64_1.1.100.202309141235/tools/bin/../lib/gcc/arm-none-eabi/11.3.1/../../../../arm-none-eabi/lib/thumb/v7e-m+fp/hard/libm.a(libm_a-sf_fabs.o)
                              /opt/st/stm32cubeide_1.14.0/plugins/com.st.stm32cube.ide.mcu.externaltools.gnu-tools-for-stm32.11.3.rel1.linux64_1.1.100.202309141235/tools/bin/../lib/gcc/arm-none-eabi/11.3.1/../../../../arm-none-eabi/lib/thumb/v7e-m+fp/hard/libm.a(libm_a-wf_asin.o) (fabsf)
/opt/st/stm32cubeide_1.14.0/plugins/com.st.stm32cube.ide.mcu.externaltools.gnu-tools-for-stm32.11.3.rel1.linux64_1.1.100.202309141235/tools/bin/../lib/gcc/arm-none-eabi/11.3.1/../../../../arm-none-eabi/lib/thumb/v7e-m+fp/hard/libm.a(libm_a-sf_nan.o)
                              /opt/st/stm32cubeide_1.14.0/plugins/com.st.stm32cube.ide.mcu.externaltools.gnu-tools-for-stm32.11.3.rel1.linux64_1.1.100.202309141235/tools/bin/../lib/gcc/arm-none-eabi/11.3.1/../../../../arm-none-eabi/lib/thumb/v7e-m+fp/hard/libm.a(libm_a-wf_asin.o) (nanf)
/opt/st/stm32cubeide_1.14.0/plugins/com.st.stm32cube.ide.mcu.externaltools.gnu-tools-for-stm32.11.3.rel1.linux64_1.1.100.202309141235/tools/bin/../lib/gcc/arm-none-eabi/11.3.1/../../../../arm-none-eabi/lib/thumb/v7e-m+fp/hard/libm.a(libm_a-k_cos.o)
                              /opt/st/stm32cubeide_1.14.0/plugins/com.st.stm32cube.ide.mcu.externaltools.gnu-tools-for-stm32.11.3.rel1.linux64_1.1.100.202309141235/tools/bin/../lib/gcc/arm-none-eabi/11.3.1/../../../../arm-none-eabi/lib/thumb/v7e-m+fp/hard/libm.a(libm_a-s_sin.o) (__kernel_cos)
/opt/st/stm32cubeide_1.14.0/plugins/com.st.stm32cube.ide.mcu.externaltools.gnu-tools-for-stm32.11.3.rel1.linux64_1.1.100.202309141235/tools/bin/../lib/gcc/arm-none-eabi/11.3.1/../../../../arm-none-eabi/lib/thumb/v7e-m+fp/hard/libm.a(libm_a-k_sin.o)
                              /opt/st/stm32cubeide_1.14.0/plugins/com.st.stm32cube.ide.mcu.externaltools.gnu-tools-for-stm32.11.3.rel1.linux64_1.1.100.202309141235/tools/bin/../lib/gcc/arm-none-eabi/11.3.1/../../../../arm-none-eabi/lib/thumb/v7e-m+fp/hard/libm.a(libm_a-s_sin.o) (__kernel_sin)
/opt/st/stm32cubeide_1.14.0/plugins/com.st.stm32cube.ide.mcu.externaltools.gnu-tools-for-stm32.11.3.rel1.linux64_1.1.100.202309141235/tools/bin/../lib/gcc/arm-none-eabi/11.3.1/../../../../arm-none-eabi/lib/thumb/v7e-m+fp/hard/libm.a(libm_a-e_rem_pio2.o)
                              /opt/st/stm32cubeide_1.14.0/plugins/com.st.stm32cube.ide.mcu.externaltools.gnu-tools-for-stm32.11.3.rel1.linux64_1.1.100.202309141235/tools/bin/../lib/gcc/arm-none-eabi/11.3.1/../../../../arm-none-eabi/lib/thumb/v7e-m+fp/hard/libm.a(libm_a-s_sin.o) (__ieee754_rem_pio2)
/opt/st/stm32cubeide_1.14.0/plugins/com.st.stm32cube.ide.mcu.externaltools.gnu-tools-for-stm32.11.3.rel1.linux64_1.1.100.202309141235/tools/bin/../lib/gcc/arm-none-eabi/11.3.1/../../../../arm-none-eabi/lib/thumb/v7e-m+fp/hard/libm.a(libm_a-s_fabs.o)
                              /opt/st/stm32cubeide_1.14.0/plugins/com.st.stm32cube.ide.mcu.externaltools.gnu-tools-for-stm32.11.3.rel1.linux64_1.1.100.202309141235/tools/bin/../lib/gcc/arm-none-eabi/11.3.1/../../../../arm-none-eabi/lib/thumb/v7e-m+fp/hard/libm.a(libm_a-e_rem_pio2.o) (fabs)
/opt/st/stm32cubeide_1.14.0/plugins/com.st.stm32cube.ide.mcu.externaltools.gnu-tools-for-stm32.11.3.rel1.linux64_1.1.100.202309141235/tools/bin/../lib/gcc/arm-none-eabi/11.3.1/../../../../arm-none-eabi/lib/thumb/v7e-m+fp/hard/libm.a(libm_a-ef_asin.o)
                              /opt/st/stm32cubeide_1.14.0/plugins/com.st.stm32cube.ide.mcu.externaltools.gnu-tools-for-stm32.11.3.rel1.linux64_1.1.100.202309141235/tools/bin/../lib/gcc/arm-none-eabi/11.3.1/../../../../arm-none-eabi/lib/thumb/v7e-m+fp/hard/libm.a(libm_a-wf_asin.o) (__ieee754_asinf)
/opt/st/stm32cubeide_1.14.0/plugins/com.st.stm32cube.ide.mcu.externaltools.gnu-tools-for-stm32.11.3.rel1.linux64_1.1.100.202309141235/tools/bin/../lib/gcc/arm-none-eabi/11.3.1/../../../../arm-none-eabi/lib/thumb/v7e-m+fp/hard/libm.a(libm_a-ef_sqrt.o)
[...]
Memory Configuration

Name             Origin             Length             Attributes
RAM              0x0000000020000000 0x0000000000040000 xrw
FLASH            0x0000000008000000 0x0000000000080000 xr
*default*        0x0000000000000000 0xffffffffffffffff

Linker script and memory map

LOAD /opt/st/stm32cubeide_1.14.0/plugins/com.st.stm32cube.ide.mcu.externaltools.gnu-tools-for-stm32.11.3.rel1.linux64_1.1.100.202309141235/tools/bin/../lib/gcc/arm-none-eabi/11.3.1/thumb/v7e-m+fp/hard/crti.o
LOAD /opt/st/stm32cubeide_1.14.0/plugins/com.st.stm32cube.ide.mcu.externaltools.gnu-tools-for-stm32.11.3.rel1.linux64_1.1.100.202309141235/tools/bin/../lib/gcc/arm-none-eabi/11.3.1/thumb/v7e-m+fp/hard/crtbegin.o
LOAD /opt/st/stm32cubeide_1.14.0/plugins/com.st.stm32cube.ide.mcu.externaltools.gnu-tools-for-stm32.11.3.rel1.linux64_1.1.100.202309141235/tools/bin/../lib/gcc/arm-none-eabi/11.3.1/../../../../arm-none-eabi/lib/thumb/v7e-m+fp/hard/crt0.o
LOAD ./Core/Src/GPIO.o
LOAD ./Core/Src/ICM20689.o
LOAD ./Core/Src/InterruptHandlers.o
LOAD ./Core/Src/PID.o
LOAD ./Core/Src/RF24.o
LOAD ./Core/Src/SPI.o
LOAD ./Core/Src/Sensors.o
LOAD ./Core/Src/TIM.o
LOAD ./Core/Src/UART.o
LOAD ./Core/Src/fast_math.o
LOAD ./Core/Src/main.o
LOAD ./Core/Src/motor.o
LOAD ./Core/Src/receiver.o
LOAD ./Core/Src/stm32f7xx_hal_msp.o
LOAD ./Core/Src/stm32f7xx_it.o
LOAD ./Core/Src/syscalls.o
LOAD ./Core/Src/sysmem.o
LOAD ./Core/Src/system_stm32f7xx.o
LOAD ./Core/Startup/startup_stm32f722retx.o
LOAD ./Drivers/STM32F7xx_HAL_Driver/Src/stm32f7xx_hal.o
LOAD ./Drivers/STM32F7xx_HAL_Driver/Src/stm32f7xx_hal_cortex.o
LOAD ./Drivers/STM32F7xx_HAL_Driver/Src/stm32f7xx_hal_dma.o
LOAD ./Drivers/STM32F7xx_HAL_Driver/Src/stm32f7xx_hal_dma_ex.o
LOAD ./Drivers/STM32F7xx_HAL_Driver/Src/stm32f7xx_hal_exti.o
LOAD ./Drivers/STM32F7xx_HAL_Driver/Src/stm32f7xx_hal_flash.o
LOAD ./Drivers/STM32F7xx_HAL_Driver/Src/stm32f7xx_hal_flash_ex.o
LOAD ./Drivers/STM32F7xx_HAL_Driver/Src/stm32f7xx_hal_gpio.o
LOAD ./Drivers/STM32F7xx_HAL_Driver/Src/stm32f7xx_hal_i2c.o
LOAD ./Drivers/STM32F7xx_HAL_Driver/Src/stm32f7xx_hal_i2c_ex.o
LOAD ./Drivers/STM32F7xx_HAL_Driver/Src/stm32f7xx_hal_pwr.o
LOAD ./Drivers/STM32F7xx_HAL_Driver/Src/stm32f7xx_hal_pwr_ex.o
LOAD ./Drivers/STM32F7xx_HAL_Driver/Src/stm32f7xx_hal_rcc.o
LOAD ./Drivers/STM32F7xx_HAL_Driver/Src/stm32f7xx_hal_rcc_ex.o
LOAD ./Drivers/STM32F7xx_HAL_Driver/Src/stm32f7xx_hal_tim.o
LOAD ./Drivers/STM32F7xx_HAL_Driver/Src/stm32f7xx_hal_tim_ex.o
START GROUP
LOAD /opt/st/stm32cubeide_1.14.0/plugins/com.st.stm32cube.ide.mcu.externaltools.gnu-tools-for-stm32.11.3.rel1.linux64_1.1.100.202309141235/tools/bin/../lib/gcc/arm-none-eabi/11.3.1/../../../../arm-none-eabi/lib/thumb/v7e-m+fp/hard/libstdc++_nano.a
LOAD /opt/st/stm32cubeide_1.14.0/plugins/com.st.stm32cube.ide.mcu.externaltools.gnu-tools-for-stm32.11.3.rel1.linux64_1.1.100.202309141235/tools/bin/../lib/gcc/arm-none-eabi/11.3.1/../../../../arm-none-eabi/lib/thumb/v7e-m+fp/hard/libsupc++_nano.a
END GROUP
LOAD /opt/st/stm32cubeide_1.14.0/plugins/com.st.stm32cube.ide.mcu.externaltools.gnu-tools-for-stm32.11.3.rel1.linux64_1.1.100.202309141235/tools/bin/../lib/gcc/arm-none-eabi/11.3.1/../../../../arm-none-eabi/lib/thumb/v7e-m+fp/hard/libstdc++_nano.a
LOAD /opt/st/stm32cubeide_1.14.0/plugins/com.st.stm32cube.ide.mcu.externaltools.gnu-tools-for-stm32.11.3.rel1.linux64_1.1.100.202309141235/tools/bin/../lib/gcc/arm-none-eabi/11.3.1/../../../../arm-none-eabi/lib/thumb/v7e-m+fp/hard/libm.a
LOAD /opt/st/stm32cubeide_1.14.0/plugins/com.st.stm32cube.ide.mcu.externaltools.gnu-tools-for-stm32.11.3.rel1.linux64_1.1.100.202309141235/tools/bin/../lib/gcc/arm-none-eabi/11.3.1/../../../../arm-none-eabi/lib/thumb/v7e-m+fp/hard/libc_nano.a
START GROUP
LOAD /opt/st/stm32cubeide_1.14.0/plugins/com.st.stm32cube.ide.mcu.externaltools.gnu-tools-for-stm32.11.3.rel1.linux64_1.1.100.202309141235/tools/bin/../lib/gcc/arm-none-eabi/11.3.1/thumb/v7e-m+fp/hard/libgcc.a
LOAD /opt/st/stm32cubeide_1.14.0/plugins/com.st.stm32cube.ide.mcu.externaltools.gnu-tools-for-stm32.11.3.rel1.linux64_1.1.100.202309141235/tools/bin/../lib/gcc/arm-none-eabi/11.3.1/../../../../arm-none-eabi/lib/thumb/v7e-m+fp/hard/libc_nano.a
END GROUP
START GROUP
LOAD /opt/st/stm32cubeide_1.14.0/plugins/com.st.stm32cube.ide.mcu.externaltools.gnu-tools-for-stm32.11.3.rel1.linux64_1.1.100.202309141235/tools/bin/../lib/gcc/arm-none-eabi/11.3.1/thumb/v7e-m+fp/hard/libgcc.a
LOAD /opt/st/stm32cubeide_1.14.0/plugins/com.st.stm32cube.ide.mcu.externaltools.gnu-tools-for-stm32.11.3.rel1.linux64_1.1.100.202309141235/tools/bin/../lib/gcc/arm-none-eabi/11.3.1/../../../../arm-none-eabi/lib/thumb/v7e-m+fp/hard/libc_nano.a
LOAD /opt/st/stm32cubeide_1.14.0/plugins/com.st.stm32cube.ide.mcu.externaltools.gnu-tools-for-stm32.11.3.rel1.linux64_1.1.100.202309141235/tools/bin/../lib/gcc/arm-none-eabi/11.3.1/../../../../arm-none-eabi/lib/thumb/v7e-m+fp/hard/libnosys.a
END GROUP
START GROUP
LOAD /opt/st/stm32cubeide_1.14.0/plugins/com.st.stm32cube.ide.mcu.externaltools.gnu-tools-for-stm32.11.3.rel1.linux64_1.1.100.202309141235/tools/bin/../lib/gcc/arm-none-eabi/11.3.1/thumb/v7e-m+fp/hard/libgcc.a
LOAD /opt/st/stm32cubeide_1.14.0/plugins/com.st.stm32cube.ide.mcu.externaltools.gnu-tools-for-stm32.11.3.rel1.linux64_1.1.100.202309141235/tools/bin/../lib/gcc/arm-none-eabi/11.3.1/../../../../arm-none-eabi/lib/thumb/v7e-m+fp/hard/libc_nano.a
LOAD /opt/st/stm32cubeide_1.14.0/plugins/com.st.stm32cube.ide.mcu.externaltools.gnu-tools-for-stm32.11.3.rel1.linux64_1.1.100.202309141235/tools/bin/../lib/gcc/arm-none-eabi/11.3.1/../../../../arm-none-eabi/lib/thumb/v7e-m+fp/hard/libnosys.a
END GROUP
LOAD /opt/st/stm32cubeide_1.14.0/plugins/com.st.stm32cube.ide.mcu.externaltools.gnu-tools-for-stm32.11.3.rel1.linux64_1.1.100.202309141235/tools/bin/../lib/gcc/arm-none-eabi/11.3.1/thumb/v7e-m+fp/hard/crtend.o
LOAD /opt/st/stm32cubeide_1.14.0/plugins/com.st.stm32cube.ide.mcu.externaltools.gnu-tools-for-stm32.11.3.rel1.linux64_1.1.100.202309141235/tools/bin/../lib/gcc/arm-none-eabi/11.3.1/thumb/v7e-m+fp/hard/crtn.o
                0x0000000020040000                _estack = (ORIGIN (RAM) + LENGTH (RAM))
                0x0000000000002000                _Min_Heap_Size = 0x2000
                0x0000000000004000                _Min_Stack_Size = 0x4000

.isr_vector     0x0000000008000000      0x1e0
                0x0000000008000000                . = ALIGN (0x4)
 *(.isr_vector)
 .isr_vector    0x0000000008000000      0x1e0 ./Core/Startup/startup_stm32f722retx.o
                0x0000000008000000                g_pfnVectors
                0x00000000080001e0                . = ALIGN (0x4)

.text           0x00000000080001e0     0x40b4
                0x00000000080001e0                . = ALIGN (0x4)
 *(.text)
 .text          0x00000000080001e0       0x40 /opt/st/stm32cubeide_1.14.0/plugins/com.st.stm32cube.ide.mcu.externaltools.gnu-tools-for-stm32.11.3.rel1.linux64_1.1.100.202309141235/tools/bin/../lib/gcc/arm-none-eabi/11.3.1/thumb/v7e-m+fp/hard/crtbegin.o
 .text          0x0000000008000220      0x378 /opt/st/stm32cubeide_1.14.0/plugins/com.st.stm32cube.ide.mcu.externaltools.gnu-tools-for-stm32.11.3.rel1.linux64_1.1.100.202309141235/tools/bin/../lib/gcc/arm-none-eabi/11.3.1/thumb/v7e-m+fp/hard/libgcc.a(_arm_addsubdf3.o)
                0x0000000008000220                __aeabi_drsub
                0x0000000008000228                __aeabi_dsub
                0x0000000008000228                __subdf3
                0x000000000800022c                __adddf3
                0x000000000800022c                __aeabi_dadd
                0x00000000080004a4                __aeabi_ui2d
                0x00000000080004a4                __floatunsidf
                0x00000000080004c4                __floatsidf
                0x00000000080004c4                __aeabi_i2d
                0x00000000080004e8                __extendsfdf2
                0x00000000080004e8                __aeabi_f2d
                0x000000000800052c                __aeabi_ul2d
                0x000000000800052c                __floatundidf
                0x000000000800053c                __floatdidf
                0x000000000800053c                __aeabi_l2d
 .text          0x0000000008000598      0x424 /opt/st/stm32cubeide_1.14.0/plugins/com.st.stm32cube.ide.mcu.externaltools.gnu-tools-for-stm32.11.3.rel1.linux64_1.1.100.202309141235/tools/bin/../lib/gcc/arm-none-eabi/11.3.1/thumb/v7e-m+fp/hard/libgcc.a(_arm_muldivdf3.o)
                0x0000000008000598                __aeabi_dmul
                0x0000000008000598                __muldf3
                0x00000000080007ec                __aeabi_ddiv
                0x00000000080007ec                __divdf3
 .text          0x00000000080009bc      0x110 /opt/st/stm32cubeide_1.14.0/plugins/com.st.stm32cube.ide.mcu.externaltools.gnu-tools-for-stm32.11.3.rel1.linux64_1.1.100.202309141235/tools/bin/../lib/gcc/arm-none-eabi/11.3.1/thumb/v7e-m+fp/hard/libgcc.a(_arm_cmpdf2.o)
                0x00000000080009bc                __gtdf2
                0x00000000080009bc                __gedf2
                0x00000000080009c4                __ltdf2
                0x00000000080009c4                __ledf2
                0x00000000080009cc                __cmpdf2
                0x00000000080009cc                __eqdf2
                0x00000000080009cc                __nedf2
                0x0000000008000a48                __aeabi_cdrcmple
                0x0000000008000a58                __aeabi_cdcmple
                0x0000000008000a58                __aeabi_cdcmpeq
                0x0000000008000a68                __aeabi_dcmpeq
                0x0000000008000a7c                __aeabi_dcmplt
                0x0000000008000a90                __aeabi_dcmple
                0x0000000008000aa4                __aeabi_dcmpge
                0x0000000008000ab8                __aeabi_dcmpgt
 .text          0x0000000008000acc       0x50 /opt/st/stm32cubeide_1.14.0/plugins/com.st.stm32cube.ide.mcu.externaltools.gnu-tools-for-stm32.11.3.rel1.linux64_1.1.100.202309141235/tools/bin/../lib/gcc/arm-none-eabi/11.3.1/thumb/v7e-m+fp/hard/libgcc.a(_arm_fixdfsi.o)
                0x0000000008000acc                __fixdfsi
                0x0000000008000acc                __aeabi_d2iz
 .text          0x0000000008000b1c       0xa0 /opt/st/stm32cubeide_1.14.0/plugins/com.st.stm32cube.ide.mcu.externaltools.gnu-tools-for-stm32.11.3.rel1.linux64_1.1.100.202309141235/tools/bin/../lib/gcc/arm-none-eabi/11.3.1/thumb/v7e-m+fp/hard/libgcc.a(_arm_truncdfsf2.o)
                0x0000000008000b1c                __aeabi_d2f
                0x0000000008000b1c                __truncdfsf2
 .text          0x0000000008000bbc       0x30 /opt/st/stm32cubeide_1.14.0/plugins/com.st.stm32cube.ide.mcu.externaltools.gnu-tools-for-stm32.11.3.rel1.linux64_1.1.100.202309141235/tools/bin/../lib/gcc/arm-none-eabi/11.3.1/thumb/v7e-m+fp/hard/libgcc.a(_aeabi_uldivmod.o)
                0x0000000008000bbc                __aeabi_uldivmod
 .text          0x0000000008000bec      0x2c8 /opt/st/stm32cubeide_1.14.0/plugins/com.st.stm32cube.ide.mcu.externaltools.gnu-tools-for-stm32.11.3.rel1.linux64_1.1.100.202309141235/tools/bin/../lib/gcc/arm-none-eabi/11.3.1/thumb/v7e-m+fp/hard/libgcc.a(_udivmoddi4.o)
                0x0000000008000bec                __udivmoddi4
 .text          0x0000000008000eb4        0x4 /opt/st/stm32cubeide_1.14.0/plugins/com.st.stm32cube.ide.mcu.externaltools.gnu-tools-for-stm32.11.3.rel1.linux64_1.1.100.202309141235/tools/bin/../lib/gcc/arm-none-eabi/11.3.1/thumb/v7e-m+fp/hard/libgcc.a(_dvmd_tls.o)
                0x0000000008000eb4                __aeabi_ldiv0
                0x0000000008000eb4                __aeabi_idiv0
 *(.text*)
 .text._ZN4GPIO2ENEP12GPIO_TypeDef
                0x0000000008000eb8       0xcc ./Core/Src/GPIO.o
                0x0000000008000eb8                GPIO::EN(GPIO_TypeDef*)
 .text._ZN4GPIO4MODEEP12GPIO_TypeDefhh
                0x0000000008000f84        0xc ./Core/Src/GPIO.o
                0x0000000008000f84                GPIO::MODE(GPIO_TypeDef*, unsigned char, unsigned char)
 .text._ZN4GPIO5SPEEDEP12GPIO_TypeDefhh
                0x0000000008000f90        0xc ./Core/Src/GPIO.o
                0x0000000008000f90                GPIO::SPEED(GPIO_TypeDef*, unsigned char, unsigned char)
 .text._ZN4GPIO4PUPDEP12GPIO_TypeDefhh
                0x0000000008000f9c        0xc ./Core/Src/GPIO.o
                0x0000000008000f9c                GPIO::PUPD(GPIO_TypeDef*, unsigned char, unsigned char)
 .text._ZN4GPIO3AFREP12GPIO_TypeDefhh
                0x0000000008000fa8       0x20 ./Core/Src/GPIO.o
                0x0000000008000fa8                GPIO::AFR(GPIO_TypeDef*, unsigned char, unsigned char)
 .text._ZN4GPIO5WRITEEP12GPIO_TypeDefhb
                0x0000000008000fc8       0x14 ./Core/Src/GPIO.o
                0x0000000008000fc8                GPIO::WRITE(GPIO_TypeDef*, unsigned char, bool)
 .text._ZN4GPIO4READEP12GPIO_TypeDefh
                0x0000000008000fdc       0x14 ./Core/Src/GPIO.o
                0x0000000008000fdc                GPIO::READ(GPIO_TypeDef*, unsigned char)
 .text._ZN7SENSORS3IMU8IMU_InitEv
                0x0000000008000ff0      0x214 ./Core/Src/ICM20689.o
                0x0000000008000ff0                SENSORS::IMU::IMU_Init()
 *fill*         0x0000000008001204        0x4 
 .text._ZN7SENSORS3IMU13IMU_readAngleEv
                0x0000000008001208      0x1f4 ./Core/Src/ICM20689.o
                0x0000000008001208                SENSORS::IMU::IMU_readAngle()
 *fill*         0x00000000080013fc        0x4 
 .text._ZN7SENSORS3IMU13IMU_calcAngleEv
                0x0000000008001400      0x2b8 ./Core/Src/ICM20689.o
                0x0000000008001400                SENSORS::IMU::IMU_calcAngle()
 .text.SPI3_IRQHandler
                0x00000000080016b8        0xc ./Core/Src/InterruptHandlers.o
                0x00000000080016b8                SPI3_IRQHandler
 .text.SPI2_IRQHandler
                0x00000000080016c4        0xc ./Core/Src/InterruptHandlers.o
                0x00000000080016c4                SPI2_IRQHandler
 .text.USART1_IRQHandler
                0x00000000080016d0        0xc ./Core/Src/InterruptHandlers.o
                0x00000000080016d0                USART1_IRQHandler
 .text.TIM3_IRQHandler
                0x00000000080016dc        0xc ./Core/Src/InterruptHandlers.o
                0x00000000080016dc                TIM3_IRQHandler
 .text.TIM4_IRQHandler
                0x00000000080016e8        0xc ./Core/Src/InterruptHandlers.o
                0x00000000080016e8                TIM4_IRQHandler
 .text.TIM5_IRQHandler
                0x00000000080016f4       0xb0 ./Core/Src/InterruptHandlers.o
                0x00000000080016f4                TIM5_IRQHandler
 .text.TIM7_IRQHandler
                0x00000000080017a4       0x48 ./Core/Src/InterruptHandlers.o
                0x00000000080017a4                TIM7_IRQHandler
 .text.EXTI9_5_IRQHandler
                0x00000000080017ec        0x4 ./Core/Src/InterruptHandlers.o
                0x00000000080017ec                EXTI9_5_IRQHandler
 .text.startup._GLOBAL__sub_I_spi3
                0x00000000080017f0      0x1cc ./Core/Src/InterruptHandlers.o
 .text._ZN3PID4calcEff
                0x00000000080019bc       0x84 ./Core/Src/PID.o
                0x00000000080019bc                PID::calc(float, float)
 .text._ZN3COM3SPI4InitEv
                0x0000000008001a40      0x16c ./Core/Src/SPI.o
                0x0000000008001a40                COM::SPI::Init()
 .text._ZN3COM3SPI8TransmitEPKhj
                0x0000000008001bac       0x30 ./Core/Src/SPI.o
                0x0000000008001bac                COM::SPI::Transmit(unsigned char const*, unsigned int)
 .text._ZN3COM3SPI7ReceiveEPhj
                0x0000000008001bdc       0x34 ./Core/Src/SPI.o
                0x0000000008001bdc                COM::SPI::Receive(unsigned char*, unsigned int)
 .text._ZN3COM3SPI17Interrupt_HandlerEv
                0x0000000008001c10      0x11c ./Core/Src/SPI.o
                0x0000000008001c10                COM::SPI::Interrupt_Handler()
 .text._ZN3COM3SPI5CS_ENEv
                0x0000000008001d2c       0x14 ./Core/Src/SPI.o
                0x0000000008001d2c                COM::SPI::CS_EN()
 .text._ZN3COM3SPI6CS_DISEv
                0x0000000008001d40       0x10 ./Core/Src/SPI.o
                0x0000000008001d40                COM::SPI::CS_DIS()
 .text.startup._GLOBAL__sub_I_imu
                0x0000000008001d50       0x80 ./Core/Src/Sensors.o
 .text._ZN5TIMER3TIM4InitEv
                0x0000000008001dd0       0xf8 ./Core/Src/TIM.o
                0x0000000008001dd0                TIMER::TIM::Init()
 .text._ZN5TIMER3TIM21EnableUpdateInterruptEv
                0x0000000008001ec8        0xc ./Core/Src/TIM.o
                0x0000000008001ec8                TIMER::TIM::EnableUpdateInterrupt()
 .text._ZN5TIMER3TIM23UpdateInterrupt_HandlerEv
                0x0000000008001ed4        0xc ./Core/Src/TIM.o
                0x0000000008001ed4                TIMER::TIM::UpdateInterrupt_Handler()
 .text._ZN5TIMER3TIM13EnableChannelEP12GPIO_TypeDefhhh
                0x0000000008001ee0       0x74 ./Core/Src/TIM.o
                0x0000000008001ee0                TIMER::TIM::EnableChannel(GPIO_TypeDef*, unsigned char, unsigned char, unsigned char)
 .text._ZN5TIMER3TIM9EnablePWMEh
                0x0000000008001f54       0xac ./Core/Src/TIM.o
                0x0000000008001f54                TIMER::TIM::EnablePWM(unsigned char)
 .text._ZN5TIMER3TIM9TIM_StartEv
                0x0000000008002000        0xc ./Core/Src/TIM.o
                0x0000000008002000                TIMER::TIM::TIM_Start()
 .text._ZN5TIMER3TIM17Interrupt_HandlerEv
                0x000000000800200c       0xf8 ./Core/Src/TIM.o
                0x000000000800200c                TIMER::TIM::Interrupt_Handler()
 .text._ZN5TIMER3TIM16PWM_setDutyCycleEht
                0x0000000008002104       0x28 ./Core/Src/TIM.o
                0x0000000008002104                TIMER::TIM::PWM_setDutyCycle(unsigned char, unsigned short)
 .text._ZN5TIMER3TIM18EnableInputCaptureEh
                0x000000000800212c       0xe0 ./Core/Src/TIM.o
                0x000000000800212c                TIMER::TIM::EnableInputCapture(unsigned char)
 .text._ZN3COM4UART17Interrupt_HandlerEv
                0x000000000800220c       0x4c ./Core/Src/UART.o
                0x000000000800220c                COM::UART::Interrupt_Handler()
 .text._Z18SystemClock_Configv
                0x0000000008002258       0x98 ./Core/Src/main.o
                0x0000000008002258                SystemClock_Config()
 .text.startup.main
                0x00000000080022f0      0x28c ./Core/Src/main.o
                0x00000000080022f0                main
 .text._ZN5motorC2Ev
                0x000000000800257c        0x4 ./Core/Src/motor.o
                0x000000000800257c                motor::motor()
                0x000000000800257c                motor::motor()
 .text._ZN5motor8setMotorEv
                0x0000000008002580      0x110 ./Core/Src/motor.o
                0x0000000008002580                motor::setMotor()
 .text._ZN8receiverC2Ev
                0x0000000008002690        0x4 ./Core/Src/receiver.o
                0x0000000008002690                receiver::receiver()
                0x0000000008002690                receiver::receiver()
 .text._ZN8receiver6getValEv
                0x0000000008002694       0xb0 ./Core/Src/receiver.o
                0x0000000008002694                receiver::getVal()
 .text.HAL_MspInit
                0x0000000008002744       0x30 ./Core/Src/stm32f7xx_hal_msp.o
                0x0000000008002744                HAL_MspInit
 .text.NMI_Handler
                0x0000000008002774        0x4 ./Core/Src/stm32f7xx_it.o
                0x0000000008002774                NMI_Handler
 .text.HardFault_Handler
                0x0000000008002778        0x4 ./Core/Src/stm32f7xx_it.o
                0x0000000008002778                HardFault_Handler
 .text.MemManage_Handler
                0x000000000800277c        0x4 ./Core/Src/stm32f7xx_it.o
                0x000000000800277c                MemManage_Handler
 .text.BusFault_Handler
                0x0000000008002780        0x4 ./Core/Src/stm32f7xx_it.o
                0x0000000008002780                BusFault_Handler
 .text.UsageFault_Handler
                0x0000000008002784        0x4 ./Core/Src/stm32f7xx_it.o
                0x0000000008002784                UsageFault_Handler
 .text.SVC_Handler
                0x0000000008002788        0x4 ./Core/Src/stm32f7xx_it.o
                0x0000000008002788                SVC_Handler
 .text.DebugMon_Handler
                0x000000000800278c        0x4 ./Core/Src/stm32f7xx_it.o
                0x000000000800278c                DebugMon_Handler
 .text.PendSV_Handler
                0x0000000008002790        0x4 ./Core/Src/stm32f7xx_it.o
                0x0000000008002790                PendSV_Handler
 .text.SysTick_Handler
                0x0000000008002794        0x4 ./Core/Src/stm32f7xx_it.o
                0x0000000008002794                SysTick_Handler
 .text.SystemInit
                0x0000000008002798       0x14 ./Core/Src/system_stm32f7xx.o
                0x0000000008002798                SystemInit
 .text.Reset_Handler
                0x00000000080027ac       0x50 ./Core/Startup/startup_stm32f722retx.o
                0x00000000080027ac                Reset_Handler
 .text.Default_Handler
                0x00000000080027fc        0x2 ./Core/Startup/startup_stm32f722retx.o
                0x00000000080027fc                RTC_Alarm_IRQHandler
                0x00000000080027fc                EXTI2_IRQHandler
                0x00000000080027fc                TIM8_CC_IRQHandler
                0x00000000080027fc                UART8_IRQHandler
                0x00000000080027fc                SPI4_IRQHandler
                0x00000000080027fc                TIM1_CC_IRQHandler
                0x00000000080027fc                DMA2_Stream5_IRQHandler
                0x00000000080027fc                DMA1_Stream5_IRQHandler
                0x00000000080027fc                PVD_IRQHandler
                0x00000000080027fc                TAMP_STAMP_IRQHandler
                0x00000000080027fc                EXTI3_IRQHandler
                0x00000000080027fc                TIM8_TRG_COM_TIM14_IRQHandler
                0x00000000080027fc                TIM1_UP_TIM10_IRQHandler
                0x00000000080027fc                TIM8_UP_TIM13_IRQHandler
                0x00000000080027fc                I2C3_ER_IRQHandler
                0x00000000080027fc                EXTI0_IRQHandler
                0x00000000080027fc                I2C2_EV_IRQHandler
                0x00000000080027fc                DMA1_Stream2_IRQHandler
                0x00000000080027fc                CAN1_RX0_IRQHandler
                0x00000000080027fc                FPU_IRQHandler
                0x00000000080027fc                OTG_HS_WKUP_IRQHandler
                0x00000000080027fc                DMA2_Stream2_IRQHandler
                0x00000000080027fc                SPI1_IRQHandler
                0x00000000080027fc                TIM6_DAC_IRQHandler
                0x00000000080027fc                TIM1_BRK_TIM9_IRQHandler
                0x00000000080027fc                DMA2_Stream3_IRQHandler
                0x00000000080027fc                SAI2_IRQHandler
                0x00000000080027fc                USART6_IRQHandler
                0x00000000080027fc                USART3_IRQHandler
                0x00000000080027fc                CAN1_RX1_IRQHandler
                0x00000000080027fc                UART5_IRQHandler
                0x00000000080027fc                DMA2_Stream0_IRQHandler
                0x00000000080027fc                QUADSPI_IRQHandler
                0x00000000080027fc                I2C1_EV_IRQHandler
                0x00000000080027fc                DMA1_Stream6_IRQHandler
                0x00000000080027fc                DMA1_Stream1_IRQHandler
                0x00000000080027fc                UART4_IRQHandler
                0x00000000080027fc                RCC_IRQHandler
                0x00000000080027fc                TIM8_BRK_TIM12_IRQHandler
                0x00000000080027fc                Default_Handler
                0x00000000080027fc                EXTI15_10_IRQHandler
                0x00000000080027fc                ADC_IRQHandler
                0x00000000080027fc                DMA1_Stream7_IRQHandler
                0x00000000080027fc                SPI5_IRQHandler
                0x00000000080027fc                SDMMC1_IRQHandler
                0x00000000080027fc                DMA2_Stream7_IRQHandler
                0x00000000080027fc                I2C3_EV_IRQHandler
                0x00000000080027fc                RTC_WKUP_IRQHandler
                0x00000000080027fc                OTG_HS_EP1_IN_IRQHandler
                0x00000000080027fc                DMA1_Stream0_IRQHandler
                0x00000000080027fc                CAN1_TX_IRQHandler
                0x00000000080027fc                EXTI4_IRQHandler
                0x00000000080027fc                RNG_IRQHandler
                0x00000000080027fc                OTG_HS_EP1_OUT_IRQHandler
                0x00000000080027fc                WWDG_IRQHandler
                0x00000000080027fc                TIM2_IRQHandler
                0x00000000080027fc                OTG_FS_WKUP_IRQHandler
                0x00000000080027fc                TIM1_TRG_COM_TIM11_IRQHandler
                0x00000000080027fc                OTG_HS_IRQHandler
                0x00000000080027fc                EXTI1_IRQHandler
                0x00000000080027fc                SDMMC2_IRQHandler
                0x00000000080027fc                UART7_IRQHandler
                0x00000000080027fc                USART2_IRQHandler
                0x00000000080027fc                I2C2_ER_IRQHandler
                0x00000000080027fc                DMA2_Stream1_IRQHandler
                0x00000000080027fc                CAN1_SCE_IRQHandler
                0x00000000080027fc                FLASH_IRQHandler
                0x00000000080027fc                DMA2_Stream4_IRQHandler
                0x00000000080027fc                OTG_FS_IRQHandler
                0x00000000080027fc                DMA1_Stream4_IRQHandler
                0x00000000080027fc                I2C1_ER_IRQHandler
                0x00000000080027fc                FMC_IRQHandler
                0x00000000080027fc                LPTIM1_IRQHandler
                0x00000000080027fc                DMA2_Stream6_IRQHandler
                0x00000000080027fc                SAI1_IRQHandler
                0x00000000080027fc                DMA1_Stream3_IRQHandler
 *fill*         0x00000000080027fe        0x2 
 .text.HAL_InitTick
                0x0000000008002800       0x48 ./Drivers/STM32F7xx_HAL_Driver/Src/stm32f7xx_hal.o
                0x0000000008002800                HAL_InitTick
 .text.HAL_Init
                0x0000000008002848       0x18 ./Drivers/STM32F7xx_HAL_Driver/Src/stm32f7xx_hal.o
                0x0000000008002848                HAL_Init
 .text.HAL_IncTick
                0x0000000008002860       0x18 ./Drivers/STM32F7xx_HAL_Driver/Src/stm32f7xx_hal.o
                0x0000000008002860                HAL_IncTick
 .text.HAL_GetTick
                0x0000000008002878        0xc ./Drivers/STM32F7xx_HAL_Driver/Src/stm32f7xx_hal.o
                0x0000000008002878                HAL_GetTick
 .text.HAL_NVIC_SetPriorityGrouping
                0x0000000008002884       0x24 ./Drivers/STM32F7xx_HAL_Driver/Src/stm32f7xx_hal_cortex.o
                0x0000000008002884                HAL_NVIC_SetPriorityGrouping
 .text.HAL_NVIC_SetPriority
                0x00000000080028a8       0x7c ./Drivers/STM32F7xx_HAL_Driver/Src/stm32f7xx_hal_cortex.o
                0x00000000080028a8                HAL_NVIC_SetPriority
 .text.HAL_SYSTICK_Config
                0x0000000008002924       0x2c ./Drivers/STM32F7xx_HAL_Driver/Src/stm32f7xx_hal_cortex.o
                0x0000000008002924                HAL_SYSTICK_Config
 .text.HAL_PWREx_EnableOverDrive
                0x0000000008002950       0x74 ./Drivers/STM32F7xx_HAL_Driver/Src/stm32f7xx_hal_pwr_ex.o
                0x0000000008002950                HAL_PWREx_EnableOverDrive
 .text.HAL_RCC_OscConfig
                0x00000000080029c4      0x3dc ./Drivers/STM32F7xx_HAL_Driver/Src/stm32f7xx_hal_rcc.o
                0x00000000080029c4                HAL_RCC_OscConfig
 .text.HAL_RCC_ClockConfig
                0x0000000008002da0      0x1a8 ./Drivers/STM32F7xx_HAL_Driver/Src/stm32f7xx_hal_rcc.o
                0x0000000008002da0                HAL_RCC_ClockConfig
 .text.sin      0x0000000008002f48       0xb0 /opt/st/stm32cubeide_1.14.0/plugins/com.st.stm32cube.ide.mcu.externaltools.gnu-tools-for-stm32.11.3.rel1.linux64_1.1.100.202309141235/tools/bin/../lib/gcc/arm-none-eabi/11.3.1/../../../../arm-none-eabi/lib/thumb/v7e-m+fp/hard/libm.a(libm_a-s_sin.o)
                0x0000000008002f48                sin
 .text.asinf    0x0000000008002ff8       0x58 /opt/st/stm32cubeide_1.14.0/plugins/com.st.stm32cube.ide.mcu.externaltools.gnu-tools-for-stm32.11.3.rel1.linux64_1.1.100.202309141235/tools/bin/../lib/gcc/arm-none-eabi/11.3.1/../../../../arm-none-eabi/lib/thumb/v7e-m+fp/hard/libm.a(libm_a-wf_asin.o)
                0x0000000008002ff8                asinf
 .text.fabsf    0x0000000008003050        0xe /opt/st/stm32cubeide_1.14.0/plugins/com.st.stm32cube.ide.mcu.externaltools.gnu-tools-for-stm32.11.3.rel1.linux64_1.1.100.202309141235/tools/bin/../lib/gcc/arm-none-eabi/11.3.1/../../../../arm-none-eabi/lib/thumb/v7e-m+fp/hard/libm.a(libm_a-sf_fabs.o)
                0x0000000008003050                fabsf
 *fill*         0x000000000800305e        0x2 
 .text.nanf     0x0000000008003060        0xc /opt/st/stm32cubeide_1.14.0/plugins/com.st.stm32cube.ide.mcu.externaltools.gnu-tools-for-stm32.11.3.rel1.linux64_1.1.100.202309141235/tools/bin/../lib/gcc/arm-none-eabi/11.3.1/../../../../arm-none-eabi/lib/thumb/v7e-m+fp/hard/libm.a(libm_a-sf_nan.o)
                0x0000000008003060                nanf
 *fill*         0x000000000800306c        0x4 
 .text.__kernel_cos
                0x0000000008003070      0x18c /opt/st/stm32cubeide_1.14.0/plugins/com.st.stm32cube.ide.mcu.externaltools.gnu-tools-for-stm32.11.3.rel1.linux64_1.1.100.202309141235/tools/bin/../lib/gcc/arm-none-eabi/11.3.1/../../../../arm-none-eabi/lib/thumb/v7e-m+fp/hard/libm.a(libm_a-k_cos.o)
                0x0000000008003070                __kernel_cos
 *fill*         0x00000000080031fc        0x4 
 .text.__kernel_sin
                0x0000000008003200      0x17c /opt/st/stm32cubeide_1.14.0/plugins/com.st.stm32cube.ide.mcu.externaltools.gnu-tools-for-stm32.11.3.rel1.linux64_1.1.100.202309141235/tools/bin/../lib/gcc/arm-none-eabi/11.3.1/../../../../arm-none-eabi/lib/thumb/v7e-m+fp/hard/libm.a(libm_a-k_sin.o)
                0x0000000008003200                __kernel_sin
 *fill*         0x000000000800337c        0x4 
 .text.__ieee754_rem_pio2
                0x0000000008003380      0x40c /opt/st/stm32cubeide_1.14.0/plugins/com.st.stm32cube.ide.mcu.externaltools.gnu-tools-for-stm32.11.3.rel1.linux64_1.1.100.202309141235/tools/bin/../lib/gcc/arm-none-eabi/11.3.1/../../../../arm-none-eabi/lib/thumb/v7e-m+fp/hard/libm.a(libm_a-e_rem_pio2.o)
                0x0000000008003380                __ieee754_rem_pio2
 .text.fabs     0x000000000800378c       0x12 /opt/st/stm32cubeide_1.14.0/plugins/com.st.stm32cube.ide.mcu.externaltools.gnu-tools-for-stm32.11.3.rel1.linux64_1.1.100.202309141235/tools/bin/../lib/gcc/arm-none-eabi/11.3.1/../../../../arm-none-eabi/lib/thumb/v7e-m+fp/hard/libm.a(libm_a-s_fabs.o)
                0x000000000800378c                fabs
 *fill*         0x000000000800379e        0x2 
 .text.__ieee754_asinf
                0x00000000080037a0      0x1cc /opt/st/stm32cubeide_1.14.0/plugins/com.st.stm32cube.ide.mcu.externaltools.gnu-tools-for-stm32.11.3.rel1.linux64_1.1.100.202309141235/tools/bin/../lib/gcc/arm-none-eabi/11.3.1/../../../../arm-none-eabi/lib/thumb/v7e-m+fp/hard/libm.a(libm_a-ef_asin.o)
                0x00000000080037a0                __ieee754_asinf
 .text.__ieee754_sqrtf
                0x000000000800396c        0x6 /opt/st/stm32cubeide_1.14.0/plugins/com.st.stm32cube.ide.mcu.externaltools.gnu-tools-for-stm32.11.3.rel1.linux64_1.1.100.202309141235/tools/bin/../lib/gcc/arm-none-eabi/11.3.1/../../../../arm-none-eabi/lib/thumb/v7e-m+fp/hard/libm.a(libm_a-ef_sqrt.o)
                0x000000000800396c                __ieee754_sqrtf
 *fill*         0x0000000008003972        0x6 
 .text.__kernel_rem_pio2
                0x0000000008003978      0x69c /opt/st/stm32cubeide_1.14.0/plugins/com.st.stm32cube.ide.mcu.externaltools.gnu-tools-for-stm32.11.3.rel1.linux64_1.1.100.202309141235/tools/bin/../lib/gcc/arm-none-eabi/11.3.1/../../../../arm-none-eabi/lib/thumb/v7e-m+fp/hard/libm.a(libm_a-k_rem_pio2.o)
                0x0000000008003978                __kernel_rem_pio2
 *fill*         0x0000000008004014        0x4 
 .text.scalbn   0x0000000008004018       0xfc /opt/st/stm32cubeide_1.14.0/plugins/com.st.stm32cube.ide.mcu.externaltools.gnu-tools-for-stm32.11.3.rel1.linux64_1.1.100.202309141235/tools/bin/../lib/gcc/arm-none-eabi/11.3.1/../../../../arm-none-eabi/lib/thumb/v7e-m+fp/hard/libm.a(libm_a-s_scalbn.o)
                0x0000000008004018                scalbn
 *fill*         0x0000000008004114        0x4 
 .text.floor    0x0000000008004118      0x100 /opt/st/stm32cubeide_1.14.0/plugins/com.st.stm32cube.ide.mcu.externaltools.gnu-tools-for-stm32.11.3.rel1.linux64_1.1.100.202309141235/tools/bin/../lib/gcc/arm-none-eabi/11.3.1/../../../../arm-none-eabi/lib/thumb/v7e-m+fp/hard/libm.a(libm_a-s_floor.o)
                0x0000000008004118                floor
 .text.memset   0x0000000008004218       0x10 /opt/st/stm32cubeide_1.14.0/plugins/com.st.stm32cube.ide.mcu.externaltools.gnu-tools-for-stm32.11.3.rel1.linux64_1.1.100.202309141235/tools/bin/../lib/gcc/arm-none-eabi/11.3.1/../../../../arm-none-eabi/lib/thumb/v7e-m+fp/hard/libc_nano.a(libc_a-memset.o)
                0x0000000008004218                memset
 .text.__errno  0x0000000008004228        0xc /opt/st/stm32cubeide_1.14.0/plugins/com.st.stm32cube.ide.mcu.externaltools.gnu-tools-for-stm32.11.3.rel1.linux64_1.1.100.202309141235/tools/bin/../lib/gcc/arm-none-eabi/11.3.1/../../../../arm-none-eabi/lib/thumb/v7e-m+fp/hard/libc_nano.a(libc_a-errno.o)
                0x0000000008004228                __errno
 .text.__libc_init_array
                0x0000000008004234       0x48 /opt/st/stm32cubeide_1.14.0/plugins/com.st.stm32cube.ide.mcu.externaltools.gnu-tools-for-stm32.11.3.rel1.linux64_1.1.100.202309141235/tools/bin/../lib/gcc/arm-none-eabi/11.3.1/../../../../arm-none-eabi/lib/thumb/v7e-m+fp/hard/libc_nano.a(libc_a-init.o)
                0x0000000008004234                __libc_init_array
 *(.glue_7)
 .glue_7        0x000000000800427c        0x0 linker stubs
 *(.glue_7t)
 .glue_7t       0x000000000800427c        0x0 linker stubs
 *(.eh_frame)
 .eh_frame      0x000000000800427c        0x0 /opt/st/stm32cubeide_1.14.0/plugins/com.st.stm32cube.ide.mcu.externaltools.gnu-tools-for-stm32.11.3.rel1.linux64_1.1.100.202309141235/tools/bin/../lib/gcc/arm-none-eabi/11.3.1/thumb/v7e-m+fp/hard/crtbegin.o
 *(.init)
 .init          0x000000000800427c        0x4 /opt/st/stm32cubeide_1.14.0/plugins/com.st.stm32cube.ide.mcu.externaltools.gnu-tools-for-stm32.11.3.rel1.linux64_1.1.100.202309141235/tools/bin/../lib/gcc/arm-none-eabi/11.3.1/thumb/v7e-m+fp/hard/crti.o
                0x000000000800427c                _init
 .init          0x0000000008004280        0x8 /opt/st/stm32cubeide_1.14.0/plugins/com.st.stm32cube.ide.mcu.externaltools.gnu-tools-for-stm32.11.3.rel1.linux64_1.1.100.202309141235/tools/bin/../lib/gcc/arm-none-eabi/11.3.1/thumb/v7e-m+fp/hard/crtn.o
 *(.fini)
 .fini          0x0000000008004288        0x4 /opt/st/stm32cubeide_1.14.0/plugins/com.st.stm32cube.ide.mcu.externaltools.gnu-tools-for-stm32.11.3.rel1.linux64_1.1.100.202309141235/tools/bin/../lib/gcc/arm-none-eabi/11.3.1/thumb/v7e-m+fp/hard/crti.o
                0x0000000008004288                _fini
 .fini          0x000000000800428c        0x8 /opt/st/stm32cubeide_1.14.0/plugins/com.st.stm32cube.ide.mcu.externaltools.gnu-tools-for-stm32.11.3.rel1.linux64_1.1.100.202309141235/tools/bin/../lib/gcc/arm-none-eabi/11.3.1/thumb/v7e-m+fp/hard/crtn.o
                0x0000000008004294                . = ALIGN (0x4)
                0x0000000008004294                _etext = .

.vfp11_veneer   0x0000000008004294        0x0
 .vfp11_veneer  0x0000000008004294        0x0 linker stubs

.v4_bx          0x0000000008004294        0x0
 .v4_bx         0x0000000008004294        0x0 linker stubs

.iplt           0x0000000008004294        0x0
 .iplt          0x0000000008004294        0x0 /opt/st/stm32cubeide_1.14.0/plugins/com.st.stm32cube.ide.mcu.externaltools.gnu-tools-for-stm32.11.3.rel1.linux64_1.1.100.202309141235/tools/bin/../lib/gcc/arm-none-eabi/11.3.1/thumb/v7e-m+fp/hard/crtbegin.o

.rodata         0x0000000008004298      0x1f0
                0x0000000008004298                . = ALIGN (0x4)
 *(.rodata)
 *(.rodata*)
 .rodata.AHBPrescTable
                0x0000000008004298       0x10 ./Core/Src/system_stm32f7xx.o
                0x0000000008004298                AHBPrescTable
 .rodata.asinf.str1.1
                0x00000000080042a8        0x1 /opt/st/stm32cubeide_1.14.0/plugins/com.st.stm32cube.ide.mcu.externaltools.gnu-tools-for-stm32.11.3.rel1.linux64_1.1.100.202309141235/tools/bin/../lib/gcc/arm-none-eabi/11.3.1/../../../../arm-none-eabi/lib/thumb/v7e-m+fp/hard/libm.a(libm_a-wf_asin.o)
 *fill*         0x00000000080042a9        0x3 
 .rodata.npio2_hw
                0x00000000080042ac       0x80 /opt/st/stm32cubeide_1.14.0/plugins/com.st.stm32cube.ide.mcu.externaltools.gnu-tools-for-stm32.11.3.rel1.linux64_1.1.100.202309141235/tools/bin/../lib/gcc/arm-none-eabi/11.3.1/../../../../arm-none-eabi/lib/thumb/v7e-m+fp/hard/libm.a(libm_a-e_rem_pio2.o)
 .rodata.two_over_pi
                0x000000000800432c      0x108 /opt/st/stm32cubeide_1.14.0/plugins/com.st.stm32cube.ide.mcu.externaltools.gnu-tools-for-stm32.11.3.rel1.linux64_1.1.100.202309141235/tools/bin/../lib/gcc/arm-none-eabi/11.3.1/../../../../arm-none-eabi/lib/thumb/v7e-m+fp/hard/libm.a(libm_a-e_rem_pio2.o)
 *fill*         0x0000000008004434        0x4 
 .rodata.PIo2   0x0000000008004438       0x40 /opt/st/stm32cubeide_1.14.0/plugins/com.st.stm32cube.ide.mcu.externaltools.gnu-tools-for-stm32.11.3.rel1.linux64_1.1.100.202309141235/tools/bin/../lib/gcc/arm-none-eabi/11.3.1/../../../../arm-none-eabi/lib/thumb/v7e-m+fp/hard/libm.a(libm_a-k_rem_pio2.o)
 .rodata.init_jk
                0x0000000008004478       0x10 /opt/st/stm32cubeide_1.14.0/plugins/com.st.stm32cube.ide.mcu.externaltools.gnu-tools-for-stm32.11.3.rel1.linux64_1.1.100.202309141235/tools/bin/../lib/gcc/arm-none-eabi/11.3.1/../../../../arm-none-eabi/lib/thumb/v7e-m+fp/hard/libm.a(libm_a-k_rem_pio2.o)
                0x0000000008004488                . = ALIGN (0x4)

.ARM.extab      0x0000000008004488        0x0
                0x0000000008004488                . = ALIGN (0x4)
 *(.ARM.extab* .gnu.linkonce.armextab.*)
                0x0000000008004488                . = ALIGN (0x4)

.ARM            0x0000000008004488        0x8
                0x0000000008004488                . = ALIGN (0x4)
                0x0000000008004488                __exidx_start = .
 *(.ARM.exidx*)
 .ARM.exidx     0x0000000008004488        0x8 /opt/st/stm32cubeide_1.14.0/plugins/com.st.stm32cube.ide.mcu.externaltools.gnu-tools-for-stm32.11.3.rel1.linux64_1.1.100.202309141235/tools/bin/../lib/gcc/arm-none-eabi/11.3.1/thumb/v7e-m+fp/hard/libgcc.a(_udivmoddi4.o)
                0x0000000008004490                __exidx_end = .
                0x0000000008004490                . = ALIGN (0x4)

.rel.dyn        0x0000000008004490        0x0
 .rel.iplt      0x0000000008004490        0x0 /opt/st/stm32cubeide_1.14.0/plugins/com.st.stm32cube.ide.mcu.externaltools.gnu-tools-for-stm32.11.3.rel1.linux64_1.1.100.202309141235/tools/bin/../lib/gcc/arm-none-eabi/11.3.1/thumb/v7e-m+fp/hard/crtbegin.o

.preinit_array  0x0000000008004490        0x0
                0x0000000008004490                . = ALIGN (0x4)
                0x0000000008004490                PROVIDE (__preinit_array_start = .)
 *(.preinit_array*)
                0x0000000008004490                PROVIDE (__preinit_array_end = .)
                0x0000000008004490                . = ALIGN (0x4)

.init_array     0x0000000008004490        0xc
                0x0000000008004490                . = ALIGN (0x4)
                0x0000000008004490                PROVIDE (__init_array_start = .)
 *(SORT_BY_NAME(.init_array.*))
 *(.init_array*)
 .init_array    0x0000000008004490        0x4 /opt/st/stm32cubeide_1.14.0/plugins/com.st.stm32cube.ide.mcu.externaltools.gnu-tools-for-stm32.11.3.rel1.linux64_1.1.100.202309141235/tools/bin/../lib/gcc/arm-none-eabi/11.3.1/thumb/v7e-m+fp/hard/crtbegin.o
 .init_array    0x0000000008004494        0x4 ./Core/Src/InterruptHandlers.o
 .init_array    0x0000000008004498        0x4 ./Core/Src/Sensors.o
                0x000000000800449c                PROVIDE (__init_array_end = .)
                0x000000000800449c                . = ALIGN (0x4)

.fini_array     0x000000000800449c        0x4
                0x000000000800449c                . = ALIGN (0x4)
                [!provide]                        PROVIDE (__fini_array_start = .)
 *(SORT_BY_NAME(.fini_array.*))
 *(.fini_array*)
 .fini_array    0x000000000800449c        0x4 /opt/st/stm32cubeide_1.14.0/plugins/com.st.stm32cube.ide.mcu.externaltools.gnu-tools-for-stm32.11.3.rel1.linux64_1.1.100.202309141235/tools/bin/../lib/gcc/arm-none-eabi/11.3.1/thumb/v7e-m+fp/hard/crtbegin.o
                [!provide]                        PROVIDE (__fini_array_end = .)
                0x00000000080044a0                . = ALIGN (0x4)
                0x00000000080044a0                _sidata = LOADADDR (.data)

.data           0x0000000020000000      0x2a4 load address 0x00000000080044a0
                0x0000000020000000                . = ALIGN (0x4)
                0x0000000020000000                _sdata = .
 *(.data)
 *(.data*)
 .data._ZN7SENSORS3IMU11filter_tapsE
                0x0000000020000000      0x244 ./Core/Src/ICM20689.o
                0x0000000020000000                SENSORS::IMU::filter_taps
 .data.looptime
                0x0000000020000244        0x4 ./Core/Src/main.o
                0x0000000020000244                looptime
 .data.SystemCoreClock
                0x0000000020000248        0x4 ./Core/Src/system_stm32f7xx.o
                0x0000000020000248                SystemCoreClock
 .data.uwTickFreq
                0x000000002000024c        0x1 ./Drivers/STM32F7xx_HAL_Driver/Src/stm32f7xx_hal.o
                0x000000002000024c                uwTickFreq
 *fill*         0x000000002000024d        0x3 
 .data.uwTickPrio
                0x0000000020000250        0x4 ./Drivers/STM32F7xx_HAL_Driver/Src/stm32f7xx_hal.o
                0x0000000020000250                uwTickPrio
 .data._impure_data
                0x0000000020000254       0x4c /opt/st/stm32cubeide_1.14.0/plugins/com.st.stm32cube.ide.mcu.externaltools.gnu-tools-for-stm32.11.3.rel1.linux64_1.1.100.202309141235/tools/bin/../lib/gcc/arm-none-eabi/11.3.1/../../../../arm-none-eabi/lib/thumb/v7e-m+fp/hard/libc_nano.a(libc_a-impure.o)
                0x0000000020000254                _impure_data
 .data._impure_ptr
                0x00000000200002a0        0x4 /opt/st/stm32cubeide_1.14.0/plugins/com.st.stm32cube.ide.mcu.externaltools.gnu-tools-for-stm32.11.3.rel1.linux64_1.1.100.202309141235/tools/bin/../lib/gcc/arm-none-eabi/11.3.1/../../../../arm-none-eabi/lib/thumb/v7e-m+fp/hard/libc_nano.a(libc_a-impure.o)
                0x00000000200002a0                _impure_ptr
 *(.RamFunc)
 *(.RamFunc*)
                0x00000000200002a4                . = ALIGN (0x4)
                0x00000000200002a4                _edata = .

.igot.plt       0x00000000200002a4        0x0 load address 0x0000000008004744
 .igot.plt      0x00000000200002a4        0x0 /opt/st/stm32cubeide_1.14.0/plugins/com.st.stm32cube.ide.mcu.externaltools.gnu-tools-for-stm32.11.3.rel1.linux64_1.1.100.202309141235/tools/bin/../lib/gcc/arm-none-eabi/11.3.1/thumb/v7e-m+fp/hard/crtbegin.o
                0x00000000200002a4                . = ALIGN (0x4)

.bss            0x00000000200002a4      0xb80 load address 0x0000000008004744
                0x00000000200002a4                _sbss = .
                0x00000000200002a4                __bss_start__ = _sbss
 *(.bss)
 .bss           0x00000000200002a4       0x1c /opt/st/stm32cubeide_1.14.0/plugins/com.st.stm32cube.ide.mcu.externaltools.gnu-tools-for-stm32.11.3.rel1.linux64_1.1.100.202309141235/tools/bin/../lib/gcc/arm-none-eabi/11.3.1/thumb/v7e-m+fp/hard/crtbegin.o
 *(.bss*)
 .bss.spi2      0x00000000200002c0       0x34 ./Core/Src/InterruptHandlers.o
                0x00000000200002c0                spi2
 .bss.spi3      0x00000000200002f4       0x34 ./Core/Src/InterruptHandlers.o
                0x00000000200002f4                spi3
 .bss.tim2_motor
                0x0000000020000328       0x44 ./Core/Src/InterruptHandlers.o
                0x0000000020000328                tim2_motor
 .bss.tim3_controller
                0x000000002000036c       0x44 ./Core/Src/InterruptHandlers.o
                0x000000002000036c                tim3_controller
 .bss.tim4_controller
                0x00000000200003b0       0x44 ./Core/Src/InterruptHandlers.o
                0x00000000200003b0                tim4_controller
 .bss.tim5_trig
                0x00000000200003f4       0x44 ./Core/Src/InterruptHandlers.o
                0x00000000200003f4                tim5_trig
 .bss.tim7_trig
                0x0000000020000438       0x44 ./Core/Src/InterruptHandlers.o
                0x0000000020000438                tim7_trig
 .bss.uart1     0x000000002000047c       0x2c ./Core/Src/InterruptHandlers.o
                0x000000002000047c                uart1
 .bss.PITCH_PID
                0x00000000200004a8       0x38 ./Core/Src/Sensors.o
                0x00000000200004a8                PITCH_PID
 .bss.ROLL_PID  0x00000000200004e0       0x38 ./Core/Src/Sensors.o
                0x00000000200004e0                ROLL_PID
 .bss.YAW_PID   0x0000000020000518       0x38 ./Core/Src/Sensors.o
                0x0000000020000518                YAW_PID
 .bss.imu       0x0000000020000550      0x768 ./Core/Src/Sensors.o
                0x0000000020000550                imu
 .bss.mot       0x0000000020000cb8       0x10 ./Core/Src/Sensors.o
                0x0000000020000cb8                mot
 .bss.recv      0x0000000020000cc8       0x20 ./Core/Src/Sensors.o
                0x0000000020000cc8                recv
 .bss.uwTick    0x0000000020000ce8        0x4 ./Drivers/STM32F7xx_HAL_Driver/Src/stm32f7xx_hal.o
                0x0000000020000ce8                uwTick
 .bss.__sf      0x0000000020000cec      0x138 /opt/st/stm32cubeide_1.14.0/plugins/com.st.stm32cube.ide.mcu.externaltools.gnu-tools-for-stm32.11.3.rel1.linux64_1.1.100.202309141235/tools/bin/../lib/gcc/arm-none-eabi/11.3.1/../../../../arm-none-eabi/lib/thumb/v7e-m+fp/hard/libc_nano.a(libc_a-findfp.o)
                0x0000000020000cec                __sf
 *(COMMON)
                0x0000000020000e24                . = ALIGN (0x4)
                0x0000000020000e24                _ebss = .
                0x0000000020000e24                __bss_end__ = _ebss

._user_heap_stack
                0x0000000020000e24     0x6004 load address 0x0000000008004744
                0x0000000020000e28                . = ALIGN (0x8)
 *fill*         0x0000000020000e24        0x4 
                [!provide]                        PROVIDE (end = .)
                0x0000000020000e28                PROVIDE (_end = .)
                0x0000000020002e28                . = (. + _Min_Heap_Size)
 *fill*         0x0000000020000e28     0x2000 
                0x0000000020006e28                . = (. + _Min_Stack_Size)
 *fill*         0x0000000020002e28     0x4000 
                0x0000000020006e28                . = ALIGN (0x8)

/DISCARD/
 libc.a(*)
 libm.a(*)
 libgcc.a(*)

.ARM.attributes
                0x0000000000000000       0x30
 *(.ARM.attributes)
 .ARM.attributes
                0x0000000000000000       0x1e /opt/st/stm32cubeide_1.14.0/plugins/com.st.stm32cube.ide.mcu.externaltools.gnu-tools-for-stm32.11.3.rel1.linux64_1.1.100.202309141235/tools/bin/../lib/gcc/arm-none-eabi/11.3.1/thumb/v7e-m+fp/hard/crti.o
 .ARM.attributes
                0x000000000000001e       0x34 /opt/st/stm32cubeide_1.14.0/plugins/com.st.stm32cube.ide.mcu.externaltools.gnu-tools-for-stm32.11.3.rel1.linux64_1.1.100.202309141235/tools/bin/../lib/gcc/arm-none-eabi/11.3.1/thumb/v7e-m+fp/hard/crtbegin.o
 .ARM.attributes
                0x0000000000000052       0x30 ./Core/Src/GPIO.o
 .ARM.attributes
                0x0000000000000082       0x30 ./Core/Src/ICM20689.o
 .ARM.attributes
                0x00000000000000b2       0x30 ./Core/Src/InterruptHandlers.o
 .ARM.attributes
                0x00000000000000e2       0x30 ./Core/Src/PID.o
 .ARM.attributes
                0x0000000000000112       0x30 ./Core/Src/SPI.o
 .ARM.attributes
                0x0000000000000142       0x30 ./Core/Src/Sensors.o
 .ARM.attributes
                0x0000000000000172       0x30 ./Core/Src/TIM.o
 .ARM.attributes
                0x00000000000001a2       0x30 ./Core/Src/UART.o
 .ARM.attributes
                0x00000000000001d2       0x30 ./Core/Src/main.o
 .ARM.attributes
                0x0000000000000202       0x30 ./Core/Src/motor.o
 .ARM.attributes
                0x0000000000000232       0x30 ./Core/Src/receiver.o
 .ARM.attributes
                0x0000000000000262       0x30 ./Core/Src/stm32f7xx_hal_msp.o
 .ARM.attributes
                0x0000000000000292       0x30 ./Core/Src/stm32f7xx_it.o
 .ARM.attributes
                0x00000000000002c2       0x30 ./Core/Src/system_stm32f7xx.o
 .ARM.attributes
                0x00000000000002f2       0x21 ./Core/Startup/startup_stm32f722retx.o
 .ARM.attributes
                0x0000000000000313       0x30 ./Drivers/STM32F7xx_HAL_Driver/Src/stm32f7xx_hal.o
 .ARM.attributes
                0x0000000000000343       0x30 ./Drivers/STM32F7xx_HAL_Driver/Src/stm32f7xx_hal_cortex.o
 .ARM.attributes
                0x0000000000000373       0x30 ./Drivers/STM32F7xx_HAL_Driver/Src/stm32f7xx_hal_pwr_ex.o
 .ARM.attributes
                0x00000000000003a3       0x30 ./Drivers/STM32F7xx_HAL_Driver/Src/stm32f7xx_hal_rcc.o
 .ARM.attributes
                0x00000000000003d3       0x34 /opt/st/stm32cubeide_1.14.0/plugins/com.st.stm32cube.ide.mcu.externaltools.gnu-tools-for-stm32.11.3.rel1.linux64_1.1.100.202309141235/tools/bin/../lib/gcc/arm-none-eabi/11.3.1/../../../../arm-none-eabi/lib/thumb/v7e-m+fp/hard/libm.a(libm_a-s_sin.o)
 .ARM.attributes
                0x0000000000000407       0x34 /opt/st/stm32cubeide_1.14.0/plugins/com.st.stm32cube.ide.mcu.externaltools.gnu-tools-for-stm32.11.3.rel1.linux64_1.1.100.202309141235/tools/bin/../lib/gcc/arm-none-eabi/11.3.1/../../../../arm-none-eabi/lib/thumb/v7e-m+fp/hard/libm.a(libm_a-wf_asin.o)
 .ARM.attributes
                0x000000000000043b       0x34 /opt/st/stm32cubeide_1.14.0/plugins/com.st.stm32cube.ide.mcu.externaltools.gnu-tools-for-stm32.11.3.rel1.linux64_1.1.100.202309141235/tools/bin/../lib/gcc/arm-none-eabi/11.3.1/../../../../arm-none-eabi/lib/thumb/v7e-m+fp/hard/libm.a(libm_a-sf_fabs.o)
 .ARM.attributes
                0x000000000000046f       0x34 /opt/st/stm32cubeide_1.14.0/plugins/com.st.stm32cube.ide.mcu.externaltools.gnu-tools-for-stm32.11.3.rel1.linux64_1.1.100.202309141235/tools/bin/../lib/gcc/arm-none-eabi/11.3.1/../../../../arm-none-eabi/lib/thumb/v7e-m+fp/hard/libm.a(libm_a-sf_nan.o)
 .ARM.attributes
                0x00000000000004a3       0x34 /opt/st/stm32cubeide_1.14.0/plugins/com.st.stm32cube.ide.mcu.externaltools.gnu-tools-for-stm32.11.3.rel1.linux64_1.1.100.202309141235/tools/bin/../lib/gcc/arm-none-eabi/11.3.1/../../../../arm-none-eabi/lib/thumb/v7e-m+fp/hard/libm.a(libm_a-k_cos.o)
 .ARM.attributes
                0x00000000000004d7       0x34 /opt/st/stm32cubeide_1.14.0/plugins/com.st.stm32cube.ide.mcu.externaltools.gnu-tools-for-stm32.11.3.rel1.linux64_1.1.100.202309141235/tools/bin/../lib/gcc/arm-none-eabi/11.3.1/../../../../arm-none-eabi/lib/thumb/v7e-m+fp/hard/libm.a(libm_a-k_sin.o)
 .ARM.attributes
                0x000000000000050b       0x34 /opt/st/stm32cubeide_1.14.0/plugins/com.st.stm32cube.ide.mcu.externaltools.gnu-tools-for-stm32.11.3.rel1.linux64_1.1.100.202309141235/tools/bin/../lib/gcc/arm-none-eabi/11.3.1/../../../../arm-none-eabi/lib/thumb/v7e-m+fp/hard/libm.a(libm_a-e_rem_pio2.o)
 .ARM.attributes
                0x000000000000053f       0x34 /opt/st/stm32cubeide_1.14.0/plugins/com.st.stm32cube.ide.mcu.externaltools.gnu-tools-for-stm32.11.3.rel1.linux64_1.1.100.202309141235/tools/bin/../lib/gcc/arm-none-eabi/11.3.1/../../../../arm-none-eabi/lib/thumb/v7e-m+fp/hard/libm.a(libm_a-s_fabs.o)
 .ARM.attributes
                0x0000000000000573       0x34 /opt/st/stm32cubeide_1.14.0/plugins/com.st.stm32cube.ide.mcu.externaltools.gnu-tools-for-stm32.11.3.rel1.linux64_1.1.100.202309141235/tools/bin/../lib/gcc/arm-none-eabi/11.3.1/../../../../arm-none-eabi/lib/thumb/v7e-m+fp/hard/libm.a(libm_a-ef_asin.o)
 .ARM.attributes
                0x00000000000005a7       0x34 /opt/st/stm32cubeide_1.14.0/plugins/com.st.stm32cube.ide.mcu.externaltools.gnu-tools-for-stm32.11.3.rel1.linux64_1.1.100.202309141235/tools/bin/../lib/gcc/arm-none-eabi/11.3.1/../../../../arm-none-eabi/lib/thumb/v7e-m+fp/hard/libm.a(libm_a-ef_sqrt.o)
 .ARM.attributes
                0x00000000000005db       0x34 /opt/st/stm32cubeide_1.14.0/plugins/com.st.stm32cube.ide.mcu.externaltools.gnu-tools-for-stm32.11.3.rel1.linux64_1.1.100.202309141235/tools/bin/../lib/gcc/arm-none-eabi/11.3.1/../../../../arm-none-eabi/lib/thumb/v7e-m+fp/hard/libm.a(libm_a-k_rem_pio2.o)
 .ARM.attributes
                0x000000000000060f       0x34 /opt/st/stm32cubeide_1.14.0/plugins/com.st.stm32cube.ide.mcu.externaltools.gnu-tools-for-stm32.11.3.rel1.linux64_1.1.100.202309141235/tools/bin/../lib/gcc/arm-none-eabi/11.3.1/../../../../arm-none-eabi/lib/thumb/v7e-m+fp/hard/libm.a(libm_a-s_scalbn.o)
 .ARM.attributes
                0x0000000000000643       0x34 /opt/st/stm32cubeide_1.14.0/plugins/com.st.stm32cube.ide.mcu.externaltools.gnu-tools-for-stm32.11.3.rel1.linux64_1.1.100.202309141235/tools/bin/../lib/gcc/arm-none-eabi/11.3.1/../../../../arm-none-eabi/lib/thumb/v7e-m+fp/hard/libm.a(libm_a-s_floor.o)
 .ARM.attributes
                0x0000000000000677       0x34 /opt/st/stm32cubeide_1.14.0/plugins/com.st.stm32cube.ide.mcu.externaltools.gnu-tools-for-stm32.11.3.rel1.linux64_1.1.100.202309141235/tools/bin/../lib/gcc/arm-none-eabi/11.3.1/../../../../arm-none-eabi/lib/thumb/v7e-m+fp/hard/libc_nano.a(libc_a-findfp.o)
 .ARM.attributes
                0x00000000000006ab       0x34 /opt/st/stm32cubeide_1.14.0/plugins/com.st.stm32cube.ide.mcu.externaltools.gnu-tools-for-stm32.11.3.rel1.linux64_1.1.100.202309141235/tools/bin/../lib/gcc/arm-none-eabi/11.3.1/../../../../arm-none-eabi/lib/thumb/v7e-m+fp/hard/libc_nano.a(libc_a-memset.o)
 .ARM.attributes
                0x00000000000006df       0x34 /opt/st/stm32cubeide_1.14.0/plugins/com.st.stm32cube.ide.mcu.externaltools.gnu-tools-for-stm32.11.3.rel1.linux64_1.1.100.202309141235/tools/bin/../lib/gcc/arm-none-eabi/11.3.1/../../../../arm-none-eabi/lib/thumb/v7e-m+fp/hard/libc_nano.a(libc_a-impure.o)
 .ARM.attributes
                0x0000000000000713       0x34 /opt/st/stm32cubeide_1.14.0/plugins/com.st.stm32cube.ide.mcu.externaltools.gnu-tools-for-stm32.11.3.rel1.linux64_1.1.100.202309141235/tools/bin/../lib/gcc/arm-none-eabi/11.3.1/../../../../arm-none-eabi/lib/thumb/v7e-m+fp/hard/libc_nano.a(libc_a-errno.o)
 .ARM.attributes
                0x0000000000000747       0x34 /opt/st/stm32cubeide_1.14.0/plugins/com.st.stm32cube.ide.mcu.externaltools.gnu-tools-for-stm32.11.3.rel1.linux64_1.1.100.202309141235/tools/bin/../lib/gcc/arm-none-eabi/11.3.1/../../../../arm-none-eabi/lib/thumb/v7e-m+fp/hard/libc_nano.a(libc_a-init.o)
 .ARM.attributes
                0x000000000000077b       0x1e /opt/st/stm32cubeide_1.14.0/plugins/com.st.stm32cube.ide.mcu.externaltools.gnu-tools-for-stm32.11.3.rel1.linux64_1.1.100.202309141235/tools/bin/../lib/gcc/arm-none-eabi/11.3.1/thumb/v7e-m+fp/hard/libgcc.a(_arm_addsubdf3.o)
 .ARM.attributes
                0x0000000000000799       0x1e /opt/st/stm32cubeide_1.14.0/plugins/com.st.stm32cube.ide.mcu.externaltools.gnu-tools-for-stm32.11.3.rel1.linux64_1.1.100.202309141235/tools/bin/../lib/gcc/arm-none-eabi/11.3.1/thumb/v7e-m+fp/hard/libgcc.a(_arm_muldivdf3.o)
 .ARM.attributes
                0x00000000000007b7       0x1e /opt/st/stm32cubeide_1.14.0/plugins/com.st.stm32cube.ide.mcu.externaltools.gnu-tools-for-stm32.11.3.rel1.linux64_1.1.100.202309141235/tools/bin/../lib/gcc/arm-none-eabi/11.3.1/thumb/v7e-m+fp/hard/libgcc.a(_arm_cmpdf2.o)
 .ARM.attributes
                0x00000000000007d5       0x1e /opt/st/stm32cubeide_1.14.0/plugins/com.st.stm32cube.ide.mcu.externaltools.gnu-tools-for-stm32.11.3.rel1.linux64_1.1.100.202309141235/tools/bin/../lib/gcc/arm-none-eabi/11.3.1/thumb/v7e-m+fp/hard/libgcc.a(_arm_fixdfsi.o)
 .ARM.attributes
                0x00000000000007f3       0x1e /opt/st/stm32cubeide_1.14.0/plugins/com.st.stm32cube.ide.mcu.externaltools.gnu-tools-for-stm32.11.3.rel1.linux64_1.1.100.202309141235/tools/bin/../lib/gcc/arm-none-eabi/11.3.1/thumb/v7e-m+fp/hard/libgcc.a(_arm_truncdfsf2.o)
 .ARM.attributes
                0x0000000000000811       0x1e /opt/st/stm32cubeide_1.14.0/plugins/com.st.stm32cube.ide.mcu.externaltools.gnu-tools-for-stm32.11.3.rel1.linux64_1.1.100.202309141235/tools/bin/../lib/gcc/arm-none-eabi/11.3.1/thumb/v7e-m+fp/hard/libgcc.a(_aeabi_uldivmod.o)
 .ARM.attributes
                0x000000000000082f       0x34 /opt/st/stm32cubeide_1.14.0/plugins/com.st.stm32cube.ide.mcu.externaltools.gnu-tools-for-stm32.11.3.rel1.linux64_1.1.100.202309141235/tools/bin/../lib/gcc/arm-none-eabi/11.3.1/thumb/v7e-m+fp/hard/libgcc.a(_udivmoddi4.o)
 .ARM.attributes
                0x0000000000000863       0x1e /opt/st/stm32cubeide_1.14.0/plugins/com.st.stm32cube.ide.mcu.externaltools.gnu-tools-for-stm32.11.3.rel1.linux64_1.1.100.202309141235/tools/bin/../lib/gcc/arm-none-eabi/11.3.1/thumb/v7e-m+fp/hard/libgcc.a(_dvmd_tls.o)
 .ARM.attributes
                0x0000000000000881       0x1e /opt/st/stm32cubeide_1.14.0/plugins/com.st.stm32cube.ide.mcu.externaltools.gnu-tools-for-stm32.11.3.rel1.linux64_1.1.100.202309141235/tools/bin/../lib/gcc/arm-none-eabi/11.3.1/thumb/v7e-m+fp/hard/crtn.o
OUTPUT(SHARKSKY3.elf elf32-littlearm)
LOAD linker stubs
LOAD /opt/st/stm32cubeide_1.14.0/plugins/com.st.stm32cube.ide.mcu.externaltools.gnu-tools-for-stm32.11.3.rel1.linux64_1.1.100.202309141235/tools/bin/../lib/gcc/arm-none-eabi/11.3.1/../../../../arm-none-eabi/lib/thumb/v7e-m+fp/hard/libc.a
LOAD /opt/st/stm32cubeide_1.14.0/plugins/com.st.stm32cube.ide.mcu.externaltools.gnu-tools-for-stm32.11.3.rel1.linux64_1.1.100.202309141235/tools/bin/../lib/gcc/arm-none-eabi/11.3.1/../../../../arm-none-eabi/lib/thumb/v7e-m+fp/hard/libm.a
LOAD /opt/st/stm32cubeide_1.14.0/plugins/com.st.stm32cube.ide.mcu.externaltools.gnu-tools-for-stm32.11.3.rel1.linux64_1.1.100.202309141235/tools/bin/../lib/gcc/arm-none-eabi/11.3.1/thumb/v7e-m+fp/hard/libgcc.a

.comment        0x0000000000000000       0x43
 .comment       0x0000000000000000       0x43 /opt/st/stm32cubeide_1.14.0/plugins/com.st.stm32cube.ide.mcu.externaltools.gnu-tools-for-stm32.11.3.rel1.linux64_1.1.100.202309141235/tools/bin/../lib/gcc/arm-none-eabi/11.3.1/thumb/v7e-m+fp/hard/crtbegin.o
                                         0x44 (size before relaxing)
 .comment       0x0000000000000043       0x44 ./Core/Src/GPIO.o
 .comment       0x0000000000000043       0x44 ./Core/Src/ICM20689.o
 .comment       0x0000000000000043       0x44 ./Core/Src/InterruptHandlers.o
 .comment       0x0000000000000043       0x44 ./Core/Src/PID.o
 .comment       0x0000000000000043       0x44 ./Core/Src/SPI.o
 .comment       0x0000000000000043       0x44 ./Core/Src/Sensors.o
 .comment       0x0000000000000043       0x44 ./Core/Src/TIM.o
 .comment       0x0000000000000043       0x44 ./Core/Src/UART.o
 .comment       0x0000000000000043       0x44 ./Core/Src/main.o
 .comment       0x0000000000000043       0x44 ./Core/Src/motor.o
 .comment       0x0000000000000043       0x44 ./Core/Src/receiver.o
 .comment       0x0000000000000043       0x44 ./Core/Src/stm32f7xx_hal_msp.o
 .comment       0x0000000000000043       0x44 ./Core/Src/stm32f7xx_it.o
 .comment       0x0000000000000043       0x44 ./Core/Src/system_stm32f7xx.o
 .comment       0x0000000000000043       0x44 ./Drivers/STM32F7xx_HAL_Driver/Src/stm32f7xx_hal.o
 .comment       0x0000000000000043       0x44 ./Drivers/STM32F7xx_HAL_Driver/Src/stm32f7xx_hal_cortex.o
 .comment       0x0000000000000043       0x44 ./Drivers/STM32F7xx_HAL_Driver/Src/stm32f7xx_hal_pwr_ex.o
 .comment       0x0000000000000043       0x44 ./Drivers/STM32F7xx_HAL_Driver/Src/stm32f7xx_hal_rcc.o

.debug_info     0x0000000000000000    0x1477d
 .debug_info    0x0000000000000000      0x655 ./Core/Src/GPIO.o
 .debug_info    0x0000000000000655     0x3d63 ./Core/Src/ICM20689.o
 .debug_info    0x00000000000043b8     0x3325 ./Core/Src/InterruptHandlers.o
 .debug_info    0x00000000000076dd      0x1a3 ./Core/Src/PID.o
 .debug_info    0x0000000000007880      0xf11 ./Core/Src/SPI.o
 .debug_info    0x0000000000008791     0x1fe7 ./Core/Src/Sensors.o
 .debug_info    0x000000000000a778      0xf45 ./Core/Src/TIM.o
 .debug_info    0x000000000000b6bd      0xa43 ./Core/Src/UART.o
 .debug_info    0x000000000000c100     0x3730 ./Core/Src/main.o
 .debug_info    0x000000000000f830      0x9c3 ./Core/Src/motor.o
 .debug_info    0x00000000000101f3      0x946 ./Core/Src/receiver.o
 .debug_info    0x0000000000010b39      0x289 ./Core/Src/stm32f7xx_hal_msp.o
 .debug_info    0x0000000000010dc2      0x114 ./Core/Src/stm32f7xx_it.o
 .debug_info    0x0000000000010ed6      0x706 ./Core/Src/system_stm32f7xx.o
 .debug_info    0x00000000000115dc       0x23 ./Core/Startup/startup_stm32f722retx.o
 .debug_info    0x00000000000115ff      0xa67 ./Drivers/STM32F7xx_HAL_Driver/Src/stm32f7xx_hal.o
 .debug_info    0x0000000000012066     0x1146 ./Drivers/STM32F7xx_HAL_Driver/Src/stm32f7xx_hal_cortex.o
 .debug_info    0x00000000000131ac      0x9aa ./Drivers/STM32F7xx_HAL_Driver/Src/stm32f7xx_hal_pwr_ex.o
 .debug_info    0x0000000000013b56      0xc27 ./Drivers/STM32F7xx_HAL_Driver/Src/stm32f7xx_hal_rcc.o

.debug_abbrev   0x0000000000000000     0x3616
 .debug_abbrev  0x0000000000000000      0x18b ./Core/Src/GPIO.o
 .debug_abbrev  0x000000000000018b      0x688 ./Core/Src/ICM20689.o
 .debug_abbrev  0x0000000000000813      0x536 ./Core/Src/InterruptHandlers.o
 .debug_abbrev  0x0000000000000d49       0xf9 ./Core/Src/PID.o
 .debug_abbrev  0x0000000000000e42      0x3df ./Core/Src/SPI.o
 .debug_abbrev  0x0000000000001221      0x417 ./Core/Src/Sensors.o
 .debug_abbrev  0x0000000000001638      0x35d ./Core/Src/TIM.o
 .debug_abbrev  0x0000000000001995      0x317 ./Core/Src/UART.o
 .debug_abbrev  0x0000000000001cac      0x60c ./Core/Src/main.o
 .debug_abbrev  0x00000000000022b8      0x2c8 ./Core/Src/motor.o
 .debug_abbrev  0x0000000000002580      0x291 ./Core/Src/receiver.o
 .debug_abbrev  0x0000000000002811       0xd6 ./Core/Src/stm32f7xx_hal_msp.o
 .debug_abbrev  0x00000000000028e7       0xb6 ./Core/Src/stm32f7xx_it.o
 .debug_abbrev  0x000000000000299d      0x141 ./Core/Src/system_stm32f7xx.o
 .debug_abbrev  0x0000000000002ade       0x12 ./Core/Startup/startup_stm32f722retx.o
 .debug_abbrev  0x0000000000002af0      0x284 ./Drivers/STM32F7xx_HAL_Driver/Src/stm32f7xx_hal.o
 .debug_abbrev  0x0000000000002d74      0x383 ./Drivers/STM32F7xx_HAL_Driver/Src/stm32f7xx_hal_cortex.o
 .debug_abbrev  0x00000000000030f7      0x1ef ./Drivers/STM32F7xx_HAL_Driver/Src/stm32f7xx_hal_pwr_ex.o
 .debug_abbrev  0x00000000000032e6      0x330 ./Drivers/STM32F7xx_HAL_Driver/Src/stm32f7xx_hal_rcc.o

.debug_loclists
                0x0000000000000000     0x23f1
 .debug_loclists
                0x0000000000000000      0x295 ./Core/Src/GPIO.o
 .debug_loclists
                0x0000000000000295      0xb3e ./Core/Src/ICM20689.o
 .debug_loclists
                0x0000000000000dd3      0x2b2 ./Core/Src/InterruptHandlers.o
 .debug_loclists
                0x0000000000001085       0x4f ./Core/Src/PID.o
 .debug_loclists
                0x00000000000010d4      0x1b5 ./Core/Src/SPI.o
 .debug_loclists
                0x0000000000001289      0x12c ./Core/Src/Sensors.o
 .debug_loclists
                0x00000000000013b5      0x185 ./Core/Src/TIM.o
 .debug_loclists
                0x000000000000153a       0xd3 ./Core/Src/UART.o
 .debug_loclists
                0x000000000000160d       0x72 ./Core/Src/main.o
 .debug_loclists
                0x000000000000167f       0xc5 ./Core/Src/motor.o
 .debug_loclists
                0x0000000000001744       0xcb ./Core/Src/system_stm32f7xx.o
 .debug_loclists
                0x000000000000180f       0xe2 ./Drivers/STM32F7xx_HAL_Driver/Src/stm32f7xx_hal.o
 .debug_loclists
                0x00000000000018f1      0x4cb ./Drivers/STM32F7xx_HAL_Driver/Src/stm32f7xx_hal_cortex.o
 .debug_loclists
                0x0000000000001dbc      0x180 ./Drivers/STM32F7xx_HAL_Driver/Src/stm32f7xx_hal_pwr_ex.o
 .debug_loclists
                0x0000000000001f3c      0x4b5 ./Drivers/STM32F7xx_HAL_Driver/Src/stm32f7xx_hal_rcc.o

.debug_aranges  0x0000000000000000      0x688
 .debug_aranges
                0x0000000000000000       0x58 ./Core/Src/GPIO.o
 .debug_aranges
                0x0000000000000058       0xa0 ./Core/Src/ICM20689.o
 .debug_aranges
                0x00000000000000f8       0x60 ./Core/Src/InterruptHandlers.o
 .debug_aranges
                0x0000000000000158       0x20 ./Core/Src/PID.o
 .debug_aranges
                0x0000000000000178       0x60 ./Core/Src/SPI.o
 .debug_aranges
                0x00000000000001d8       0x20 ./Core/Src/Sensors.o
 .debug_aranges
                0x00000000000001f8       0x70 ./Core/Src/TIM.o
 .debug_aranges
                0x0000000000000268       0x30 ./Core/Src/UART.o
 .debug_aranges
                0x0000000000000298       0x38 ./Core/Src/main.o
 .debug_aranges
                0x00000000000002d0       0x28 ./Core/Src/motor.o
 .debug_aranges
                0x00000000000002f8       0x28 ./Core/Src/receiver.o
 .debug_aranges
                0x0000000000000320       0x20 ./Core/Src/stm32f7xx_hal_msp.o
 .debug_aranges
                0x0000000000000340       0x50 ./Core/Src/stm32f7xx_it.o
 .debug_aranges
                0x0000000000000390       0x28 ./Core/Src/system_stm32f7xx.o
 .debug_aranges
                0x00000000000003b8       0x28 ./Core/Startup/startup_stm32f722retx.o
 .debug_aranges
                0x00000000000003e0       0xf8 ./Drivers/STM32F7xx_HAL_Driver/Src/stm32f7xx_hal.o
 .debug_aranges
                0x00000000000004d8       0xa8 ./Drivers/STM32F7xx_HAL_Driver/Src/stm32f7xx_hal_cortex.o
 .debug_aranges
                0x0000000000000580       0x80 ./Drivers/STM32F7xx_HAL_Driver/Src/stm32f7xx_hal_pwr_ex.o
 .debug_aranges
                0x0000000000000600       0x88 ./Drivers/STM32F7xx_HAL_Driver/Src/stm32f7xx_hal_rcc.o

.debug_rnglists
                0x0000000000000000      0x9d9
 .debug_rnglists
                0x0000000000000000       0x3f ./Core/Src/GPIO.o
 .debug_rnglists
                0x000000000000003f      0x300 ./Core/Src/ICM20689.o
 .debug_rnglists
                0x000000000000033f      0x114 ./Core/Src/InterruptHandlers.o
 .debug_rnglists
                0x0000000000000453       0x14 ./Core/Src/PID.o
 .debug_rnglists
                0x0000000000000467       0x6f ./Core/Src/SPI.o
 .debug_rnglists
                0x00000000000004d6       0x24 ./Core/Src/Sensors.o
 .debug_rnglists
                0x00000000000004fa       0x65 ./Core/Src/TIM.o
 .debug_rnglists
                0x000000000000055f       0x20 ./Core/Src/UART.o
 .debug_rnglists
                0x000000000000057f       0x7b ./Core/Src/main.o
 .debug_rnglists
                0x00000000000005fa       0x2a ./Core/Src/motor.o
 .debug_rnglists
                0x0000000000000624       0x1a ./Core/Src/receiver.o
 .debug_rnglists
                0x000000000000063e       0x1f ./Core/Src/stm32f7xx_hal_msp.o
 .debug_rnglists
                0x000000000000065d       0x37 ./Core/Src/stm32f7xx_it.o
 .debug_rnglists
                0x0000000000000694       0x19 ./Core/Src/system_stm32f7xx.o
 .debug_rnglists
                0x00000000000006ad       0x19 ./Core/Startup/startup_stm32f722retx.o
 .debug_rnglists
                0x00000000000006c6       0xb5 ./Drivers/STM32F7xx_HAL_Driver/Src/stm32f7xx_hal.o
 .debug_rnglists
                0x000000000000077b       0xd0 ./Drivers/STM32F7xx_HAL_Driver/Src/stm32f7xx_hal_cortex.o
 .debug_rnglists
                0x000000000000084b       0xae ./Drivers/STM32F7xx_HAL_Driver/Src/stm32f7xx_hal_pwr_ex.o
 .debug_rnglists
                0x00000000000008f9       0xe0 ./Drivers/STM32F7xx_HAL_Driver/Src/stm32f7xx_hal_rcc.o

.debug_macro    0x0000000000000000    0x247aa
 .debug_macro   0x0000000000000000       0xcb ./Core/Src/GPIO.o
 .debug_macro   0x00000000000000cb      0xb8c ./Core/Src/GPIO.o
 .debug_macro   0x0000000000000c57       0x58 ./Core/Src/GPIO.o
 .debug_macro   0x0000000000000caf       0x3b ./Core/Src/GPIO.o
 .debug_macro   0x0000000000000cea       0x1c ./Core/Src/GPIO.o
 .debug_macro   0x0000000000000d06       0x22 ./Core/Src/GPIO.o
 .debug_macro   0x0000000000000d28       0x8e ./Core/Src/GPIO.o
 .debug_macro   0x0000000000000db6       0x51 ./Core/Src/GPIO.o
 .debug_macro   0x0000000000000e07      0x103 ./Core/Src/GPIO.o
 .debug_macro   0x0000000000000f0a       0x6a ./Core/Src/GPIO.o
 .debug_macro   0x0000000000000f74      0x1df ./Core/Src/GPIO.o
 .debug_macro   0x0000000000001153       0x1c ./Core/Src/GPIO.o
 .debug_macro   0x000000000000116f       0x22 ./Core/Src/GPIO.o
 .debug_macro   0x0000000000001191       0xd9 ./Core/Src/GPIO.o
 .debug_macro   0x000000000000126a     0x12cd ./Core/Src/GPIO.o
 .debug_macro   0x0000000000002537      0x11f ./Core/Src/GPIO.o
 .debug_macro   0x0000000000002656       0x19 ./Core/Src/GPIO.o
 .debug_macro   0x000000000000266f    0x15c67 ./Core/Src/GPIO.o
 .debug_macro   0x00000000000182d6      0x391 ./Core/Src/ICM20689.o
 .debug_macro   0x0000000000018667      0x196 ./Core/Src/ICM20689.o
 .debug_macro   0x00000000000187fd       0x16 ./Core/Src/ICM20689.o
 .debug_macro   0x0000000000018813       0x28 ./Core/Src/ICM20689.o
 .debug_macro   0x000000000001883b      0x1b2 ./Core/Src/ICM20689.o
 .debug_macro   0x00000000000189ed       0x10 ./Core/Src/ICM20689.o
 .debug_macro   0x00000000000189fd      0x3ed ./Core/Src/ICM20689.o
 .debug_macro   0x0000000000018dea      0x17b ./Core/Src/ICM20689.o
 .debug_macro   0x0000000000018f65       0x61 ./Core/Src/ICM20689.o
 .debug_macro   0x0000000000018fc6       0x2a ./Core/Src/ICM20689.o
 .debug_macro   0x0000000000018ff0       0x43 ./Core/Src/ICM20689.o
 .debug_macro   0x0000000000019033       0x34 ./Core/Src/ICM20689.o
 .debug_macro   0x0000000000019067       0x16 ./Core/Src/ICM20689.o
 .debug_macro   0x000000000001907d       0x18 ./Core/Src/ICM20689.o
 .debug_macro   0x0000000000019095       0x16 ./Core/Src/ICM20689.o
 .debug_macro   0x00000000000190ab       0x43 ./Core/Src/ICM20689.o
 .debug_macro   0x00000000000190ee       0x34 ./Core/Src/ICM20689.o
 .debug_macro   0x0000000000019122       0x10 ./Core/Src/ICM20689.o
 .debug_macro   0x0000000000019132       0x58 ./Core/Src/ICM20689.o
 .debug_macro   0x000000000001918a       0x8e ./Core/Src/ICM20689.o
 .debug_macro   0x0000000000019218       0x10 ./Core/Src/ICM20689.o
 .debug_macro   0x0000000000019228      0x177 ./Core/Src/ICM20689.o
 .debug_macro   0x000000000001939f      0x38c ./Core/Src/ICM20689.o
 .debug_macro   0x000000000001972b      0x194 ./Core/Src/ICM20689.o
 .debug_macro   0x00000000000198bf       0x10 ./Core/Src/ICM20689.o
 .debug_macro   0x00000000000198cf       0x16 ./Core/Src/ICM20689.o
 .debug_macro   0x00000000000198e5       0x35 ./Core/Src/ICM20689.o
 .debug_macro   0x000000000001991a       0x16 ./Core/Src/ICM20689.o
 .debug_macro   0x0000000000019930       0x29 ./Core/Src/ICM20689.o
 .debug_macro   0x0000000000019959       0x10 ./Core/Src/ICM20689.o
 .debug_macro   0x0000000000019969      0x3c7 ./Core/Src/ICM20689.o
 .debug_macro   0x0000000000019d30      0x287 ./Core/Src/ICM20689.o
 .debug_macro   0x0000000000019fb7       0x2e ./Core/Src/ICM20689.o
 .debug_macro   0x0000000000019fe5       0x6d ./Core/Src/ICM20689.o
 .debug_macro   0x000000000001a052     0x3749 ./Core/Src/ICM20689.o
 .debug_macro   0x000000000001d79b       0x5d ./Core/Src/ICM20689.o
 .debug_macro   0x000000000001d7f8     0x1588 ./Core/Src/ICM20689.o
 .debug_macro   0x000000000001ed80      0x6c4 ./Core/Src/ICM20689.o
 .debug_macro   0x000000000001f444      0x17e ./Core/Src/ICM20689.o
 .debug_macro   0x000000000001f5c2      0x115 ./Core/Src/ICM20689.o
 .debug_macro   0x000000000001f6d7      0x1d8 ./Core/Src/ICM20689.o
 .debug_macro   0x000000000001f8af       0xa5 ./Core/Src/ICM20689.o
 .debug_macro   0x000000000001f954      0x24f ./Core/Src/ICM20689.o
 .debug_macro   0x000000000001fba3       0x71 ./Core/Src/ICM20689.o
 .debug_macro   0x000000000001fc14       0x58 ./Core/Src/ICM20689.o
 .debug_macro   0x000000000001fc6c      0x236 ./Core/Src/ICM20689.o
 .debug_macro   0x000000000001fea2      0x154 ./Core/Src/ICM20689.o
 .debug_macro   0x000000000001fff6      0x2c3 ./Core/Src/ICM20689.o
 .debug_macro   0x00000000000202b9       0x12 ./Core/Src/ICM20689.o
 .debug_macro   0x00000000000202cb      0x22c ./Core/Src/ICM20689.o
 .debug_macro   0x00000000000204f7       0x61 ./Core/Src/ICM20689.o
 .debug_macro   0x0000000000020558       0xa5 ./Core/Src/ICM20689.o
 .debug_macro   0x00000000000205fd      0x12e ./Core/Src/ICM20689.o
 .debug_macro   0x000000000002072b      0x108 ./Core/Src/ICM20689.o
 .debug_macro   0x0000000000020833       0x35 ./Core/Src/ICM20689.o
 .debug_macro   0x0000000000020868      0x14d ./Core/Src/ICM20689.o
 .debug_macro   0x00000000000209b5      0x3c1 ./Core/Src/InterruptHandlers.o
 .debug_macro   0x0000000000020d76       0x1b ./Core/Src/PID.o
 .debug_macro   0x0000000000020d91      0x118 ./Core/Src/SPI.o
 .debug_macro   0x0000000000020ea9      0x3b9 ./Core/Src/Sensors.o
 .debug_macro   0x0000000000021262      0x155 ./Core/Src/TIM.o
 .debug_macro   0x00000000000213b7      0x118 ./Core/Src/UART.o
 .debug_macro   0x00000000000214cf      0x3e5 ./Core/Src/main.o
 .debug_macro   0x00000000000218b4       0x63 ./Core/Src/main.o
 .debug_macro   0x0000000000021917      0x185 ./Core/Src/motor.o
 .debug_macro   0x0000000000021a9c      0x185 ./Core/Src/receiver.o
 .debug_macro   0x0000000000021c21      0x1c4 ./Core/Src/stm32f7xx_hal_msp.o
 .debug_macro   0x0000000000021de5      0xab4 ./Core/Src/stm32f7xx_hal_msp.o
 .debug_macro   0x0000000000022899     0x12cd ./Core/Src/stm32f7xx_hal_msp.o
 .debug_macro   0x0000000000023b66      0x174 ./Core/Src/stm32f7xx_hal_msp.o
 .debug_macro   0x0000000000023cda      0x1ce ./Core/Src/stm32f7xx_it.o
 .debug_macro   0x0000000000023ea8      0x1ba ./Core/Src/system_stm32f7xx.o
 .debug_macro   0x0000000000024062      0x1de ./Drivers/STM32F7xx_HAL_Driver/Src/stm32f7xx_hal.o
 .debug_macro   0x0000000000024240      0x1ba ./Drivers/STM32F7xx_HAL_Driver/Src/stm32f7xx_hal_cortex.o
 .debug_macro   0x00000000000243fa      0x1d2 ./Drivers/STM32F7xx_HAL_Driver/Src/stm32f7xx_hal_pwr_ex.o
 .debug_macro   0x00000000000245cc      0x1de ./Drivers/STM32F7xx_HAL_Driver/Src/stm32f7xx_hal_rcc.o

.debug_line     0x0000000000000000     0xcac4
 .debug_line    0x0000000000000000      0x66f ./Core/Src/GPIO.o
 .debug_line    0x000000000000066f     0x1b9a ./Core/Src/ICM20689.o
 .debug_line    0x0000000000002209      0xebc ./Core/Src/InterruptHandlers.o
 .debug_line    0x00000000000030c5       0xee ./Core/Src/PID.o
 .debug_line    0x00000000000031b3      0xb81 ./Core/Src/SPI.o
 .debug_line    0x0000000000003d34      0xc35 ./Core/Src/Sensors.o
 .debug_line    0x0000000000004969      0xee2 ./Core/Src/TIM.o
 .debug_line    0x000000000000584b      0x86e ./Core/Src/UART.o
 .debug_line    0x00000000000060b9     0x107e ./Core/Src/main.o
 .debug_line    0x0000000000007137      0x8bf ./Core/Src/motor.o
 .debug_line    0x00000000000079f6      0x7f3 ./Core/Src/receiver.o
 .debug_line    0x00000000000081e9      0x66e ./Core/Src/stm32f7xx_hal_msp.o
 .debug_line    0x0000000000008857      0x732 ./Core/Src/stm32f7xx_it.o
 .debug_line    0x0000000000008f89      0x6ea ./Core/Src/system_stm32f7xx.o
 .debug_line    0x0000000000009673       0x7a ./Core/Startup/startup_stm32f722retx.o
 .debug_line    0x00000000000096ed      0xa1d ./Drivers/STM32F7xx_HAL_Driver/Src/stm32f7xx_hal.o
 .debug_line    0x000000000000a10a      0xc6a ./Drivers/STM32F7xx_HAL_Driver/Src/stm32f7xx_hal_cortex.o
 .debug_line    0x000000000000ad74      0xa8e ./Drivers/STM32F7xx_HAL_Driver/Src/stm32f7xx_hal_pwr_ex.o
 .debug_line    0x000000000000b802     0x12c2 ./Drivers/STM32F7xx_HAL_Driver/Src/stm32f7xx_hal_rcc.o

.debug_str      0x0000000000000000    0xd0051
 .debug_str     0x0000000000000000    0x89591 ./Core/Src/GPIO.o
                                      0x8979d (size before relaxing)
 .debug_str     0x0000000000089591    0x44f18 ./Core/Src/ICM20689.o
                                      0xced05 (size before relaxing)
 .debug_str     0x00000000000ce4a9      0x6f4 ./Core/Src/InterruptHandlers.o
                                      0xcf1b7 (size before relaxing)
 .debug_str     0x00000000000ceb9d       0x22 ./Core/Src/PID.o
                                       0x326e (size before relaxing)
 .debug_str     0x00000000000cebbf       0x61 ./Core/Src/SPI.o
                                      0x8bbd5 (size before relaxing)
 .debug_str     0x00000000000cec20       0x5b ./Core/Src/Sensors.o
                                      0xce357 (size before relaxing)
 .debug_str     0x00000000000cec7b       0x43 ./Core/Src/TIM.o
                                      0x8c0eb (size before relaxing)
 .debug_str     0x00000000000cecbe       0x15 ./Core/Src/UART.o
                                      0x8ba71 (size before relaxing)
 .debug_str     0x00000000000cecd3      0x482 ./Core/Src/main.o
                                      0xcf4bd (size before relaxing)
 .debug_str     0x00000000000cf155       0x24 ./Core/Src/motor.o
                                      0x8bed5 (size before relaxing)
 .debug_str     0x00000000000cf179       0x2a ./Core/Src/receiver.o
                                      0x8bef6 (size before relaxing)
 .debug_str     0x00000000000cf1a3      0x213 ./Core/Src/stm32f7xx_hal_msp.o
                                      0xc72b6 (size before relaxing)
 .debug_str     0x00000000000cf3b6       0xb7 ./Core/Src/stm32f7xx_it.o
                                      0xc721f (size before relaxing)
 .debug_str     0x00000000000cf46d       0x87 ./Core/Src/system_stm32f7xx.o
                                      0xc742f (size before relaxing)
 .debug_str     0x00000000000cf4f4       0x34 ./Core/Startup/startup_stm32f722retx.o
                                         0x7f (size before relaxing)
 .debug_str     0x00000000000cf528      0x3ab ./Drivers/STM32F7xx_HAL_Driver/Src/stm32f7xx_hal.o
                                      0xc7d06 (size before relaxing)
 .debug_str     0x00000000000cf8d3      0x30a ./Drivers/STM32F7xx_HAL_Driver/Src/stm32f7xx_hal_cortex.o
                                      0xc7cf1 (size before relaxing)
 .debug_str     0x00000000000cfbdd      0x1d1 ./Drivers/STM32F7xx_HAL_Driver/Src/stm32f7xx_hal_pwr_ex.o
                                      0xc769e (size before relaxing)
 .debug_str     0x00000000000cfdae      0x2a3 ./Drivers/STM32F7xx_HAL_Driver/Src/stm32f7xx_hal_rcc.o
                                      0xc77a9 (size before relaxing)

.debug_frame    0x0000000000000000     0x1594
 .debug_frame   0x0000000000000000       0x90 ./Core/Src/GPIO.o
 .debug_frame   0x0000000000000090      0x268 ./Core/Src/ICM20689.o
 .debug_frame   0x00000000000002f8       0xe4 ./Core/Src/InterruptHandlers.o
 .debug_frame   0x00000000000003dc       0x20 ./Core/Src/PID.o
 .debug_frame   0x00000000000003fc       0xe0 ./Core/Src/SPI.o
 .debug_frame   0x00000000000004dc       0x2c ./Core/Src/Sensors.o
 .debug_frame   0x0000000000000508       0xec ./Core/Src/TIM.o
 .debug_frame   0x00000000000005f4       0x60 ./Core/Src/UART.o
 .debug_frame   0x0000000000000654       0x80 ./Core/Src/main.o
 .debug_frame   0x00000000000006d4       0x40 ./Core/Src/motor.o
 .debug_frame   0x0000000000000714       0x30 ./Core/Src/receiver.o
 .debug_frame   0x0000000000000744       0x28 ./Core/Src/stm32f7xx_hal_msp.o
 .debug_frame   0x000000000000076c       0xa0 ./Core/Src/stm32f7xx_it.o
 .debug_frame   0x000000000000080c       0x30 ./Core/Src/system_stm32f7xx.o
 .debug_frame   0x000000000000083c      0x210 ./Drivers/STM32F7xx_HAL_Driver/Src/stm32f7xx_hal.o
 .debug_frame   0x0000000000000a4c      0x158 ./Drivers/STM32F7xx_HAL_Driver/Src/stm32f7xx_hal_cortex.o
 .debug_frame   0x0000000000000ba4      0x15c ./Drivers/STM32F7xx_HAL_Driver/Src/stm32f7xx_hal_pwr_ex.o
 .debug_frame   0x0000000000000d00      0x19c ./Drivers/STM32F7xx_HAL_Driver/Src/stm32f7xx_hal_rcc.o
 .debug_frame   0x0000000000000e9c       0x38 /opt/st/stm32cubeide_1.14.0/plugins/com.st.stm32cube.ide.mcu.externaltools.gnu-tools-for-stm32.11.3.rel1.linux64_1.1.100.202309141235/tools/bin/../lib/gcc/arm-none-eabi/11.3.1/../../../../arm-none-eabi/lib/thumb/v7e-m+fp/hard/libm.a(libm_a-s_sin.o)
 .debug_frame   0x0000000000000ed4       0x48 /opt/st/stm32cubeide_1.14.0/plugins/com.st.stm32cube.ide.mcu.externaltools.gnu-tools-for-stm32.11.3.rel1.linux64_1.1.100.202309141235/tools/bin/../lib/gcc/arm-none-eabi/11.3.1/../../../../arm-none-eabi/lib/thumb/v7e-m+fp/hard/libm.a(libm_a-wf_asin.o)
 .debug_frame   0x0000000000000f1c       0x20 /opt/st/stm32cubeide_1.14.0/plugins/com.st.stm32cube.ide.mcu.externaltools.gnu-tools-for-stm32.11.3.rel1.linux64_1.1.100.202309141235/tools/bin/../lib/gcc/arm-none-eabi/11.3.1/../../../../arm-none-eabi/lib/thumb/v7e-m+fp/hard/libm.a(libm_a-sf_fabs.o)
 .debug_frame   0x0000000000000f3c       0x20 /opt/st/stm32cubeide_1.14.0/plugins/com.st.stm32cube.ide.mcu.externaltools.gnu-tools-for-stm32.11.3.rel1.linux64_1.1.100.202309141235/tools/bin/../lib/gcc/arm-none-eabi/11.3.1/../../../../arm-none-eabi/lib/thumb/v7e-m+fp/hard/libm.a(libm_a-sf_nan.o)
 .debug_frame   0x0000000000000f5c       0x3c /opt/st/stm32cubeide_1.14.0/plugins/com.st.stm32cube.ide.mcu.externaltools.gnu-tools-for-stm32.11.3.rel1.linux64_1.1.100.202309141235/tools/bin/../lib/gcc/arm-none-eabi/11.3.1/../../../../arm-none-eabi/lib/thumb/v7e-m+fp/hard/libm.a(libm_a-k_cos.o)
 .debug_frame   0x0000000000000f98       0x5c /opt/st/stm32cubeide_1.14.0/plugins/com.st.stm32cube.ide.mcu.externaltools.gnu-tools-for-stm32.11.3.rel1.linux64_1.1.100.202309141235/tools/bin/../lib/gcc/arm-none-eabi/11.3.1/../../../../arm-none-eabi/lib/thumb/v7e-m+fp/hard/libm.a(libm_a-k_sin.o)
 .debug_frame   0x0000000000000ff4       0x50 /opt/st/stm32cubeide_1.14.0/plugins/com.st.stm32cube.ide.mcu.externaltools.gnu-tools-for-stm32.11.3.rel1.linux64_1.1.100.202309141235/tools/bin/../lib/gcc/arm-none-eabi/11.3.1/../../../../arm-none-eabi/lib/thumb/v7e-m+fp/hard/libm.a(libm_a-e_rem_pio2.o)
 .debug_frame   0x0000000000001044       0x20 /opt/st/stm32cubeide_1.14.0/plugins/com.st.stm32cube.ide.mcu.externaltools.gnu-tools-for-stm32.11.3.rel1.linux64_1.1.100.202309141235/tools/bin/../lib/gcc/arm-none-eabi/11.3.1/../../../../arm-none-eabi/lib/thumb/v7e-m+fp/hard/libm.a(libm_a-s_fabs.o)
 .debug_frame   0x0000000000001064       0x48 /opt/st/stm32cubeide_1.14.0/plugins/com.st.stm32cube.ide.mcu.externaltools.gnu-tools-for-stm32.11.3.rel1.linux64_1.1.100.202309141235/tools/bin/../lib/gcc/arm-none-eabi/11.3.1/../../../../arm-none-eabi/lib/thumb/v7e-m+fp/hard/libm.a(libm_a-ef_asin.o)
 .debug_frame   0x00000000000010ac       0x20 /opt/st/stm32cubeide_1.14.0/plugins/com.st.stm32cube.ide.mcu.externaltools.gnu-tools-for-stm32.11.3.rel1.linux64_1.1.100.202309141235/tools/bin/../lib/gcc/arm-none-eabi/11.3.1/../../../../arm-none-eabi/lib/thumb/v7e-m+fp/hard/libm.a(libm_a-ef_sqrt.o)
 .debug_frame   0x00000000000010cc       0x54 /opt/st/stm32cubeide_1.14.0/plugins/com.st.stm32cube.ide.mcu.externaltools.gnu-tools-for-stm32.11.3.rel1.linux64_1.1.100.202309141235/tools/bin/../lib/gcc/arm-none-eabi/11.3.1/../../../../arm-none-eabi/lib/thumb/v7e-m+fp/hard/libm.a(libm_a-k_rem_pio2.o)
 .debug_frame   0x0000000000001120       0x2c /opt/st/stm32cubeide_1.14.0/plugins/com.st.stm32cube.ide.mcu.externaltools.gnu-tools-for-stm32.11.3.rel1.linux64_1.1.100.202309141235/tools/bin/../lib/gcc/arm-none-eabi/11.3.1/../../../../arm-none-eabi/lib/thumb/v7e-m+fp/hard/libm.a(libm_a-s_scalbn.o)
 .debug_frame   0x000000000000114c       0x30 /opt/st/stm32cubeide_1.14.0/plugins/com.st.stm32cube.ide.mcu.externaltools.gnu-tools-for-stm32.11.3.rel1.linux64_1.1.100.202309141235/tools/bin/../lib/gcc/arm-none-eabi/11.3.1/../../../../arm-none-eabi/lib/thumb/v7e-m+fp/hard/libm.a(libm_a-s_floor.o)
 .debug_frame   0x000000000000117c      0x144 /opt/st/stm32cubeide_1.14.0/plugins/com.st.stm32cube.ide.mcu.externaltools.gnu-tools-for-stm32.11.3.rel1.linux64_1.1.100.202309141235/tools/bin/../lib/gcc/arm-none-eabi/11.3.1/../../../../arm-none-eabi/lib/thumb/v7e-m+fp/hard/libc_nano.a(libc_a-findfp.o)
 .debug_frame   0x00000000000012c0       0x20 /opt/st/stm32cubeide_1.14.0/plugins/com.st.stm32cube.ide.mcu.externaltools.gnu-tools-for-stm32.11.3.rel1.linux64_1.1.100.202309141235/tools/bin/../lib/gcc/arm-none-eabi/11.3.1/../../../../arm-none-eabi/lib/thumb/v7e-m+fp/hard/libc_nano.a(libc_a-memset.o)
 .debug_frame   0x00000000000012e0       0x20 /opt/st/stm32cubeide_1.14.0/plugins/com.st.stm32cube.ide.mcu.externaltools.gnu-tools-for-stm32.11.3.rel1.linux64_1.1.100.202309141235/tools/bin/../lib/gcc/arm-none-eabi/11.3.1/../../../../arm-none-eabi/lib/thumb/v7e-m+fp/hard/libc_nano.a(libc_a-errno.o)
 .debug_frame   0x0000000000001300       0x2c /opt/st/stm32cubeide_1.14.0/plugins/com.st.stm32cube.ide.mcu.externaltools.gnu-tools-for-stm32.11.3.rel1.linux64_1.1.100.202309141235/tools/bin/../lib/gcc/arm-none-eabi/11.3.1/../../../../arm-none-eabi/lib/thumb/v7e-m+fp/hard/libc_nano.a(libc_a-init.o)
 .debug_frame   0x000000000000132c       0xac /opt/st/stm32cubeide_1.14.0/plugins/com.st.stm32cube.ide.mcu.externaltools.gnu-tools-for-stm32.11.3.rel1.linux64_1.1.100.202309141235/tools/bin/../lib/gcc/arm-none-eabi/11.3.1/thumb/v7e-m+fp/hard/libgcc.a(_arm_addsubdf3.o)
 .debug_frame   0x00000000000013d8       0x50 /opt/st/stm32cubeide_1.14.0/plugins/com.st.stm32cube.ide.mcu.externaltools.gnu-tools-for-stm32.11.3.rel1.linux64_1.1.100.202309141235/tools/bin/../lib/gcc/arm-none-eabi/11.3.1/thumb/v7e-m+fp/hard/libgcc.a(_arm_muldivdf3.o)
 .debug_frame   0x0000000000001428       0xc4 /opt/st/stm32cubeide_1.14.0/plugins/com.st.stm32cube.ide.mcu.externaltools.gnu-tools-for-stm32.11.3.rel1.linux64_1.1.100.202309141235/tools/bin/../lib/gcc/arm-none-eabi/11.3.1/thumb/v7e-m+fp/hard/libgcc.a(_arm_cmpdf2.o)
 .debug_frame   0x00000000000014ec       0x24 /opt/st/stm32cubeide_1.14.0/plugins/com.st.stm32cube.ide.mcu.externaltools.gnu-tools-for-stm32.11.3.rel1.linux64_1.1.100.202309141235/tools/bin/../lib/gcc/arm-none-eabi/11.3.1/thumb/v7e-m+fp/hard/libgcc.a(_arm_fixdfsi.o)
 .debug_frame   0x0000000000001510       0x24 /opt/st/stm32cubeide_1.14.0/plugins/com.st.stm32cube.ide.mcu.externaltools.gnu-tools-for-stm32.11.3.rel1.linux64_1.1.100.202309141235/tools/bin/../lib/gcc/arm-none-eabi/11.3.1/thumb/v7e-m+fp/hard/libgcc.a(_arm_truncdfsf2.o)
 .debug_frame   0x0000000000001534       0x2c /opt/st/stm32cubeide_1.14.0/plugins/com.st.stm32cube.ide.mcu.externaltools.gnu-tools-for-stm32.11.3.rel1.linux64_1.1.100.202309141235/tools/bin/../lib/gcc/arm-none-eabi/11.3.1/thumb/v7e-m+fp/hard/libgcc.a(_aeabi_uldivmod.o)
 .debug_frame   0x0000000000001560       0x34 /opt/st/stm32cubeide_1.14.0/plugins/com.st.stm32cube.ide.mcu.externaltools.gnu-tools-for-stm32.11.3.rel1.linux64_1.1.100.202309141235/tools/bin/../lib/gcc/arm-none-eabi/11.3.1/thumb/v7e-m+fp/hard/libgcc.a(_udivmoddi4.o)

.debug_line_str
                0x0000000000000000       0x73
 .debug_line_str
                0x0000000000000000       0x73 ./Core/Startup/startup_stm32f722retx.o
                                         0x8b (size before relaxing)
