ICM20689.cpp:11:2:Sensor::ICM20689::ICM20689()	16	static
ICM20689.cpp:20:7:void Sensor::ICM20689::Initalize()	16	static
ICM20689.cpp:44:7:void Sensor::ICM20689::SelfTest()	0	static
ICM20689.cpp:48:7:void Sensor::ICM20689::SetGyroOffset()	0	static
ICM20689.cpp:52:7:void Sensor::ICM20689::SetAccelOffset()	0	static
ICM20689.cpp:56:7:void Sensor::ICM20689::DMPIntStatus()	0	static
ICM20689.cpp:60:7:void Sensor::ICM20689::IntStatus()	0	static
ICM20689.cpp:64:7:void Sensor::ICM20689::SigReset()	0	static
ICM20689.cpp:68:7:void Sensor::ICM20689::FIFOCount()	0	static
ICM20689.cpp:72:7:void Sensor::ICM20689::FIFORW()	0	static
ICM20689.cpp:76:7:void Sensor::ICM20689::ReadGyro()	40	static
ICM20689.cpp:93:7:void Sensor::ICM20689::ReadAccel()	0	static
ICM20689.cpp:97:7:void Sensor::ICM20689::ReadTemp()	0	static
ICM20689.cpp:16:2:Sensor::ICM20689::~ICM20689()	8	static
ICM20689.cpp:16:2:virtual Sensor::ICM20689::~ICM20689()	8	static
