../Core/Src/ICM20689.cpp:18:7:void SENSORS::IMU::IMU_writeRegister(uint8_t, uint8_t)	16	static
../Core/Src/ICM20689.cpp:29:7:void SENSORS::IMU::_IMU_writeRegister(uint8_t, uint8_t, uint8_t)	16	static
../Core/Src/ICM20689.cpp:42:10:uint8_t SENSORS::IMU::IMU_readRegister(uint8_t)	16	static
../Core/Src/ICM20689.cpp:56:10:uint8_t SENSORS::IMU::IMU_readRegisters(uint8_t, uint8_t*, uint8_t)	24	static
../Core/Src/ICM20689.cpp:69:10:uint8_t SENSORS::IMU::_IMU_readRegister(uint8_t, uint8_t)	16	static
../Core/Src/ICM20689.cpp:84:7:bool SENSORS::IMU::IMU_whoami()	16	static
../Core/Src/ICM20689.cpp:93:7:bool SENSORS::IMU::IMU_Init()	32	static
../Core/Src/ICM20689.cpp:117:7:void SENSORS::IMU::IMU_startINT()	8	static
../Core/Src/ICM20689.cpp:128:7:void SENSORS::IMU::IMU_readAngle()	32	static
../Core/Src/ICM20689.cpp:151:7:void SENSORS::IMU::IMU_calcAngle()	40	static
../Core/Src/ICM20689.cpp:158:7:void SENSORS::IMU::IMU_calcAccelAngle()	8	static
../Core/Src/ICM20689.cpp:169:7:void SENSORS::IMU::IMU_calcGyroAngle()	0	static
../Core/Src/ICM20689.cpp:176:7:void SENSORS::IMU::IMU_ComplementaryFilter()	24	static
../Core/Src/ICM20689.cpp:189:7:void SENSORS::IMU::IMU_FIR()	32	static
../Core/Src/ICM20689.cpp:198:7:void SENSORS::IMU::IMU_DLPF()	40	static
../Core/Src/ICM20689.cpp:212:7:void SENSORS::IMU::FIRFilter_Init(SENSORS::IMU::FIRFilter*, float*, float*, uint8_t)	4	static
../Core/Src/ICM20689.cpp:225:8:float SENSORS::IMU::FIRFilter_Update(SENSORS::IMU::FIRFilter*, float)	24	static
