../Core/Src/InterruptHandlers.cpp:18:17:void SPI3_IRQHandler()	0	static
../Core/Src/InterruptHandlers.cpp:22:17:void SPI2_IRQHandler()	0	static
../Core/Src/InterruptHandlers.cpp:26:17:void USART1_IRQHandler()	0	static
../Core/Src/InterruptHandlers.cpp:30:17:void TIM3_IRQHandler()	0	static
../Core/Src/InterruptHandlers.cpp:34:17:void TIM4_IRQHandler()	0	static
../Core/Src/InterruptHandlers.cpp:38:17:void TIM5_IRQHandler()	8	static
../Core/Src/InterruptHandlers.cpp:49:17:void TIM7_IRQHandler()	0	static
../Core/Src/InterruptHandlers.cpp:53:17:void EXTI9_5_IRQHandler()	0	static
../Core/Src/InterruptHandlers.cpp:57:1:cpp)	36	static
