../Core/Src/InterruptHandlers.cpp:19:17:void SPI3_IRQHandler()	0	static
../Core/Src/InterruptHandlers.cpp:23:17:void SPI2_IRQHandler()	0	static
../Core/Src/InterruptHandlers.cpp:27:17:void USART1_IRQHandler()	0	static
../Core/Src/InterruptHandlers.cpp:31:17:void TIM3_IRQHandler()	0	static
../Core/Src/InterruptHandlers.cpp:35:17:void TIM4_IRQHandler()	0	static
../Core/Src/InterruptHandlers.cpp:39:17:void TIM5_IRQHandler()	8	static
../Core/Src/InterruptHandlers.cpp:48:17:void TIM7_IRQHandler()	8	static
../Core/Src/InterruptHandlers.cpp:58:17:void EXTI9_5_IRQHandler()	0	static
../Core/Src/InterruptHandlers.cpp:62:1:cpp)	36	static
