../Core/Src/RF24.cpp:234:6:void RF24::print_byte_register(const char*, uint8_t, uint8_t)	128	static
../Core/Src/RF24.cpp:14:6:void RF24::csn(GPIO_PinState)	0	static
../Core/Src/RF24.cpp:27:6:void RF24::ce(GPIO_PinState)	0	static
../Core/Src/RF24.cpp:58:9:uint8_t RF24::read_register(uint8_t, uint8_t*, uint8_t)	24	static
../Core/Src/RF24.cpp:72:9:uint8_t RF24::read_register(uint8_t)	16	static
../Core/Src/RF24.cpp:86:9:uint8_t RF24::write_register(uint8_t, uint8_t*, uint8_t)	24	static
../Core/Src/RF24.cpp:102:9:uint8_t RF24::write_register(uint8_t, uint8_t)	24	static
../Core/Src/RF24.cpp:121:9:uint8_t RF24::write_payload(const void*, uint8_t, uint8_t)	40	static
../Core/Src/RF24.cpp:150:9:uint8_t RF24::read_payload(void*, uint8_t)	24	static
../Core/Src/RF24.cpp:180:9:uint8_t RF24::flush_rx()	16	static
../Core/Src/RF24.cpp:187:9:uint8_t RF24::flush_tx()	16	static
../Core/Src/RF24.cpp:194:9:uint8_t RF24::spiTrans(uint8_t)	24	static
../Core/Src/RF24.cpp:208:9:uint8_t RF24::get_status()	16	static
../Core/Src/RF24.cpp:215:6:void RF24::print_status(uint8_t)	128	static
../Core/Src/RF24.cpp:225:6:void RF24::print_observe_tx(uint8_t)	120	static
../Core/Src/RF24.cpp:234:6:void RF24::print_byte_register(const char*, uint8_t, uint8_t)	128	static
../Core/Src/RF24.cpp:255:6:void RF24::print_address_register(const char*, uint8_t, uint8_t)	152	dynamic
../Core/Src/RF24.cpp:284:1:RF24::RF24(GPIO_TypeDef*, uint16_t)	4	static
../Core/Src/RF24.cpp:295:6:void RF24::setChannel(uint8_t)	16	static
../Core/Src/RF24.cpp:301:9:uint8_t RF24::getChannel()	16	static
../Core/Src/RF24.cpp:308:6:void RF24::setPayloadSize(uint8_t)	0	static
../Core/Src/RF24.cpp:315:9:uint8_t RF24::getPayloadSize()	0	static
../Core/Src/RF24.cpp:345:6:void RF24::printDetails()	168	dynamic
../Core/Src/RF24.cpp:378:6:bool RF24::begin()	32	static
../Core/Src/RF24.cpp:467:6:bool RF24::isChipConnected()	16	static
../Core/Src/RF24.cpp:480:6:void RF24::startListening()	24	static
../Core/Src/RF24.cpp:512:6:void RF24::stopListening()	24	static
../Core/Src/RF24.cpp:533:6:void RF24::powerDown()	24	static
../Core/Src/RF24.cpp:542:6:void RF24::powerUp()	16	static
../Core/Src/RF24.cpp:560:6:void RF24::errNotify()	0	static
../Core/Src/RF24.cpp:577:6:bool RF24::write(const void*, uint8_t, bool)	48	static
../Core/Src/RF24.cpp:616:6:bool RF24::write(const void*, uint8_t)	0	static
../Core/Src/RF24.cpp:623:6:bool RF24::writeBlocking(const void*, uint8_t, uint32_t)	56	static
../Core/Src/RF24.cpp:663:6:void RF24::reUseTX()	24	static
../Core/Src/RF24.cpp:673:6:bool RF24::writeFast(const void*, uint8_t, bool)	48	static
../Core/Src/RF24.cpp:710:6:bool RF24::writeFast(const void*, uint8_t)	0	static
../Core/Src/RF24.cpp:721:6:void RF24::startFastWrite(const void*, uint8_t, bool, bool)	40	static
../Core/Src/RF24.cpp:737:6:void RF24::startWrite(const void*, uint8_t, bool)	32	static
../Core/Src/RF24.cpp:754:6:bool RF24::rxFifoFull()	16	static
../Core/Src/RF24.cpp:760:6:bool RF24::txStandBy()	40	static
../Core/Src/RF24.cpp:792:6:bool RF24::txStandBy(uint32_t, bool)	40	static
../Core/Src/RF24.cpp:834:6:void RF24::maskIRQ(bool, bool, bool)	32	static
../Core/Src/RF24.cpp:847:9:uint8_t RF24::getDynamicPayloadSize()	16	static
../Core/Src/RF24.cpp:867:6:bool RF24::available()	16	static
../Core/Src/RF24.cpp:874:6:bool RF24::available(uint8_t*)	16	static
../Core/Src/RF24.cpp:894:6:void RF24::read(void*, uint8_t)	32	static
../Core/Src/RF24.cpp:907:6:void RF24::whatHappened(bool&, bool&, bool&)	24	static
../Core/Src/RF24.cpp:921:6:void RF24::openWritingPipe(uint64_t)	32	static
../Core/Src/RF24.cpp:935:6:void RF24::openWritingPipe(const uint8_t*)	24	static
../Core/Src/RF24.cpp:956:6:void RF24::openReadingPipe(uint8_t, uint64_t)	48	static
../Core/Src/RF24.cpp:984:6:void RF24::setAddressWidth(uint8_t)	24	static
../Core/Src/RF24.cpp:1002:6:void RF24::openReadingPipe(uint8_t, const uint8_t*)	24	static
../Core/Src/RF24.cpp:1034:6:void RF24::closeReadingPipe(uint8_t)	24	static
../Core/Src/RF24.cpp:1041:6:void RF24::toggle_features()	16	static
../Core/Src/RF24.cpp:1053:6:void RF24::enableDynamicPayloads()	24	static
../Core/Src/RF24.cpp:1074:6:void RF24::disableDynamicPayloads()	24	static
../Core/Src/RF24.cpp:1098:6:void RF24::enableAckPayload()	24	static
../Core/Src/RF24.cpp:1123:6:void RF24::enableDynamicAck()	16	static
../Core/Src/RF24.cpp:1141:6:void RF24::writeAckPayload(uint8_t, const void*, uint8_t)	24	static
../Core/Src/RF24.cpp:1159:6:bool RF24::isAckPayloadAvailable()	16	static
../Core/Src/RF24.cpp:1166:6:bool RF24::isPVariant()	0	static
../Core/Src/RF24.cpp:1173:6:void RF24::setAutoAck(bool)	16	static
../Core/Src/RF24.cpp:1183:6:void RF24::setAutoAck(uint8_t, bool)	24	static
../Core/Src/RF24.cpp:1202:6:bool RF24::testCarrier()	16	static
../Core/Src/RF24.cpp:1209:6:bool RF24::testRPD()	16	static
../Core/Src/RF24.cpp:1216:6:void RF24::setPALevel(uint8_t)	16	static
../Core/Src/RF24.cpp:1235:9:uint8_t RF24::getPALevel()	16	static
../Core/Src/RF24.cpp:1243:6:bool RF24::setDataRate(rf24_datarate_e)	24	static
../Core/Src/RF24.cpp:1293:17:rf24_datarate_e RF24::getDataRate()	16	static
../Core/Src/RF24.cpp:1320:6:void RF24::setCRCLength(rf24_crclength_e)	16	static
../Core/Src/RF24.cpp:1343:18:rf24_crclength_e RF24::getCRCLength()	24	static
../Core/Src/RF24.cpp:1363:6:void RF24::disableCRC()	16	static
../Core/Src/RF24.cpp:1370:6:void RF24::setRetries(uint8_t, uint8_t)	16	static
