Archive member included to satisfy reference by file (symbol)

d:/programs/stm32cubeide_1.2.0/stm32cubeide/plugins/com.st.stm32cube.ide.mcu.externaltools.gnu-tools-for-stm32.7-2018-q2-update.win32_1.0.0.201904181610/tools/bin/../lib/gcc/arm-none-eabi/7.3.1/../../../../arm-none-eabi/lib/thumb/v7e-m/fpv4-sp/hard\libc_nano.a(lib_a-errno.o)
                              Core/Src/syscalls.o (__errno)
d:/programs/stm32cubeide_1.2.0/stm32cubeide/plugins/com.st.stm32cube.ide.mcu.externaltools.gnu-tools-for-stm32.7-2018-q2-update.win32_1.0.0.201904181610/tools/bin/../lib/gcc/arm-none-eabi/7.3.1/../../../../arm-none-eabi/lib/thumb/v7e-m/fpv4-sp/hard\libc_nano.a(lib_a-exit.o)
                              d:/programs/stm32cubeide_1.2.0/stm32cubeide/plugins/com.st.stm32cube.ide.mcu.externaltools.gnu-tools-for-stm32.7-2018-q2-update.win32_1.0.0.201904181610/tools/bin/../lib/gcc/arm-none-eabi/7.3.1/../../../../arm-none-eabi/lib/thumb/v7e-m/fpv4-sp/hard/crt0.o (exit)
d:/programs/stm32cubeide_1.2.0/stm32cubeide/plugins/com.st.stm32cube.ide.mcu.externaltools.gnu-tools-for-stm32.7-2018-q2-update.win32_1.0.0.201904181610/tools/bin/../lib/gcc/arm-none-eabi/7.3.1/../../../../arm-none-eabi/lib/thumb/v7e-m/fpv4-sp/hard\libc_nano.a(lib_a-impure.o)
                              d:/programs/stm32cubeide_1.2.0/stm32cubeide/plugins/com.st.stm32cube.ide.mcu.externaltools.gnu-tools-for-stm32.7-2018-q2-update.win32_1.0.0.201904181610/tools/bin/../lib/gcc/arm-none-eabi/7.3.1/../../../../arm-none-eabi/lib/thumb/v7e-m/fpv4-sp/hard\libc_nano.a(lib_a-exit.o) (_global_impure_ptr)
d:/programs/stm32cubeide_1.2.0/stm32cubeide/plugins/com.st.stm32cube.ide.mcu.externaltools.gnu-tools-for-stm32.7-2018-q2-update.win32_1.0.0.201904181610/tools/bin/../lib/gcc/arm-none-eabi/7.3.1/../../../../arm-none-eabi/lib/thumb/v7e-m/fpv4-sp/hard\libc_nano.a(lib_a-init.o)
                              d:/programs/stm32cubeide_1.2.0/stm32cubeide/plugins/com.st.stm32cube.ide.mcu.externaltools.gnu-tools-for-stm32.7-2018-q2-update.win32_1.0.0.201904181610/tools/bin/../lib/gcc/arm-none-eabi/7.3.1/../../../../arm-none-eabi/lib/thumb/v7e-m/fpv4-sp/hard/crt0.o (__libc_init_array)
d:/programs/stm32cubeide_1.2.0/stm32cubeide/plugins/com.st.stm32cube.ide.mcu.externaltools.gnu-tools-for-stm32.7-2018-q2-update.win32_1.0.0.201904181610/tools/bin/../lib/gcc/arm-none-eabi/7.3.1/../../../../arm-none-eabi/lib/thumb/v7e-m/fpv4-sp/hard\libc_nano.a(lib_a-memset.o)
                              d:/programs/stm32cubeide_1.2.0/stm32cubeide/plugins/com.st.stm32cube.ide.mcu.externaltools.gnu-tools-for-stm32.7-2018-q2-update.win32_1.0.0.201904181610/tools/bin/../lib/gcc/arm-none-eabi/7.3.1/../../../../arm-none-eabi/lib/thumb/v7e-m/fpv4-sp/hard/crt0.o (memset)
d:/programs/stm32cubeide_1.2.0/stm32cubeide/plugins/com.st.stm32cube.ide.mcu.externaltools.gnu-tools-for-stm32.7-2018-q2-update.win32_1.0.0.201904181610/tools/bin/../lib/gcc/arm-none-eabi/7.3.1/thumb/v7e-m/fpv4-sp/hard\libgcc.a(_aeabi_uldivmod.o)
                              Drivers/STM32F7xx_HAL_Driver/Src/stm32f7xx_hal_rcc.o (__aeabi_uldivmod)
d:/programs/stm32cubeide_1.2.0/stm32cubeide/plugins/com.st.stm32cube.ide.mcu.externaltools.gnu-tools-for-stm32.7-2018-q2-update.win32_1.0.0.201904181610/tools/bin/../lib/gcc/arm-none-eabi/7.3.1/thumb/v7e-m/fpv4-sp/hard\libgcc.a(_udivmoddi4.o)
                              d:/programs/stm32cubeide_1.2.0/stm32cubeide/plugins/com.st.stm32cube.ide.mcu.externaltools.gnu-tools-for-stm32.7-2018-q2-update.win32_1.0.0.201904181610/tools/bin/../lib/gcc/arm-none-eabi/7.3.1/thumb/v7e-m/fpv4-sp/hard\libgcc.a(_aeabi_uldivmod.o) (__udivmoddi4)
d:/programs/stm32cubeide_1.2.0/stm32cubeide/plugins/com.st.stm32cube.ide.mcu.externaltools.gnu-tools-for-stm32.7-2018-q2-update.win32_1.0.0.201904181610/tools/bin/../lib/gcc/arm-none-eabi/7.3.1/thumb/v7e-m/fpv4-sp/hard\libgcc.a(_dvmd_tls.o)
                              d:/programs/stm32cubeide_1.2.0/stm32cubeide/plugins/com.st.stm32cube.ide.mcu.externaltools.gnu-tools-for-stm32.7-2018-q2-update.win32_1.0.0.201904181610/tools/bin/../lib/gcc/arm-none-eabi/7.3.1/thumb/v7e-m/fpv4-sp/hard\libgcc.a(_aeabi_uldivmod.o) (__aeabi_ldiv0)

Allocating common symbols
Common symbol       size              file

retSD               0x1               FATFS/App/fatfs.o
hdma_usart2_rx      0x60              Core/Src/usart.o
hi2c3               0x4c              Core/Src/i2c.o
hdma_i2c3_rx        0x60              Core/Src/i2c.o
hspi2               0x64              Core/Src/spi.o
htim4               0x40              Core/Src/tim.o
hi2c1               0x4c              Core/Src/i2c.o
hdma_spi2_rx        0x60              Core/Src/spi.o
hsd1                0x84              Core/Src/sdmmc.o
uwTick              0x4               Drivers/STM32F7xx_HAL_Driver/Src/stm32f7xx_hal.o
pFlash              0x1c              Drivers/STM32F7xx_HAL_Driver/Src/stm32f7xx_hal_flash.o
htim5               0x40              Core/Src/tim.o
htim3               0x40              Core/Src/tim.o
[...]
Memory Configuration

Name             Origin             Length             Attributes
RAM              0x0000000020000000 0x0000000000040000 xrw
FLASH            0x0000000008000000 0x0000000000080000 xr
*default*        0x0000000000000000 0xffffffffffffffff

Linker script and memory map

LOAD d:/programs/stm32cubeide_1.2.0/stm32cubeide/plugins/com.st.stm32cube.ide.mcu.externaltools.gnu-tools-for-stm32.7-2018-q2-update.win32_1.0.0.201904181610/tools/bin/../lib/gcc/arm-none-eabi/7.3.1/thumb/v7e-m/fpv4-sp/hard/crti.o
LOAD d:/programs/stm32cubeide_1.2.0/stm32cubeide/plugins/com.st.stm32cube.ide.mcu.externaltools.gnu-tools-for-stm32.7-2018-q2-update.win32_1.0.0.201904181610/tools/bin/../lib/gcc/arm-none-eabi/7.3.1/thumb/v7e-m/fpv4-sp/hard/crtbegin.o
LOAD d:/programs/stm32cubeide_1.2.0/stm32cubeide/plugins/com.st.stm32cube.ide.mcu.externaltools.gnu-tools-for-stm32.7-2018-q2-update.win32_1.0.0.201904181610/tools/bin/../lib/gcc/arm-none-eabi/7.3.1/../../../../arm-none-eabi/lib/thumb/v7e-m/fpv4-sp/hard/crt0.o
LOAD Core/Src/adc.o
LOAD Core/Src/bsp_driver_sd.o
LOAD Core/Src/dac.o
LOAD Core/Src/dma.o
LOAD Core/Src/gpio.o
LOAD Core/Src/i2c.o
LOAD Core/Src/main.o
LOAD Core/Src/sdmmc.o
LOAD Core/Src/spi.o
LOAD Core/Src/stm32f7xx_hal_msp.o
LOAD Core/Src/stm32f7xx_it.o
LOAD Core/Src/sys.o
LOAD Core/Src/syscalls.o
LOAD Core/Src/sysmem.o
LOAD Core/Src/system_stm32f7xx.o
LOAD Core/Src/tim.o
LOAD Core/Src/usart.o
LOAD Core/Startup/startup_stm32f722retx.o
LOAD Drivers/STM32F7xx_HAL_Driver/Src/stm32f7xx_hal.o
LOAD Drivers/STM32F7xx_HAL_Driver/Src/stm32f7xx_hal_adc.o
LOAD Drivers/STM32F7xx_HAL_Driver/Src/stm32f7xx_hal_adc_ex.o
LOAD Drivers/STM32F7xx_HAL_Driver/Src/stm32f7xx_hal_cortex.o
LOAD Drivers/STM32F7xx_HAL_Driver/Src/stm32f7xx_hal_dac.o
LOAD Drivers/STM32F7xx_HAL_Driver/Src/stm32f7xx_hal_dac_ex.o
LOAD Drivers/STM32F7xx_HAL_Driver/Src/stm32f7xx_hal_dma.o
LOAD Drivers/STM32F7xx_HAL_Driver/Src/stm32f7xx_hal_dma_ex.o
LOAD Drivers/STM32F7xx_HAL_Driver/Src/stm32f7xx_hal_exti.o
LOAD Drivers/STM32F7xx_HAL_Driver/Src/stm32f7xx_hal_flash.o
LOAD Drivers/STM32F7xx_HAL_Driver/Src/stm32f7xx_hal_flash_ex.o
LOAD Drivers/STM32F7xx_HAL_Driver/Src/stm32f7xx_hal_gpio.o
LOAD Drivers/STM32F7xx_HAL_Driver/Src/stm32f7xx_hal_i2c.o
LOAD Drivers/STM32F7xx_HAL_Driver/Src/stm32f7xx_hal_i2c_ex.o
LOAD Drivers/STM32F7xx_HAL_Driver/Src/stm32f7xx_hal_pwr.o
LOAD Drivers/STM32F7xx_HAL_Driver/Src/stm32f7xx_hal_pwr_ex.o
LOAD Drivers/STM32F7xx_HAL_Driver/Src/stm32f7xx_hal_rcc.o
LOAD Drivers/STM32F7xx_HAL_Driver/Src/stm32f7xx_hal_rcc_ex.o
LOAD Drivers/STM32F7xx_HAL_Driver/Src/stm32f7xx_hal_sd.o
LOAD Drivers/STM32F7xx_HAL_Driver/Src/stm32f7xx_hal_spi.o
LOAD Drivers/STM32F7xx_HAL_Driver/Src/stm32f7xx_hal_spi_ex.o
LOAD Drivers/STM32F7xx_HAL_Driver/Src/stm32f7xx_hal_tim.o
LOAD Drivers/STM32F7xx_HAL_Driver/Src/stm32f7xx_hal_tim_ex.o
LOAD Drivers/STM32F7xx_HAL_Driver/Src/stm32f7xx_hal_uart.o
LOAD Drivers/STM32F7xx_HAL_Driver/Src/stm32f7xx_hal_uart_ex.o
LOAD Drivers/STM32F7xx_HAL_Driver/Src/stm32f7xx_ll_sdmmc.o
LOAD FATFS/App/fatfs.o
LOAD FATFS/Target/bsp_driver_sd.o
LOAD FATFS/Target/fatfs_platform.o
LOAD FATFS/Target/sd_diskio.o
LOAD Middlewares/Third_Party/FatFs/src/diskio.o
LOAD Middlewares/Third_Party/FatFs/src/ff.o
LOAD Middlewares/Third_Party/FatFs/src/ff_gen_drv.o
LOAD Middlewares/Third_Party/FatFs/src/option/syscall.o
START GROUP
LOAD d:/programs/stm32cubeide_1.2.0/stm32cubeide/plugins/com.st.stm32cube.ide.mcu.externaltools.gnu-tools-for-stm32.7-2018-q2-update.win32_1.0.0.201904181610/tools/bin/../lib/gcc/arm-none-eabi/7.3.1/../../../../arm-none-eabi/lib/thumb/v7e-m/fpv4-sp/hard\libc_nano.a
LOAD d:/programs/stm32cubeide_1.2.0/stm32cubeide/plugins/com.st.stm32cube.ide.mcu.externaltools.gnu-tools-for-stm32.7-2018-q2-update.win32_1.0.0.201904181610/tools/bin/../lib/gcc/arm-none-eabi/7.3.1/../../../../arm-none-eabi/lib/thumb/v7e-m/fpv4-sp/hard\libm.a
END GROUP
START GROUP
LOAD d:/programs/stm32cubeide_1.2.0/stm32cubeide/plugins/com.st.stm32cube.ide.mcu.externaltools.gnu-tools-for-stm32.7-2018-q2-update.win32_1.0.0.201904181610/tools/bin/../lib/gcc/arm-none-eabi/7.3.1/thumb/v7e-m/fpv4-sp/hard\libgcc.a
LOAD d:/programs/stm32cubeide_1.2.0/stm32cubeide/plugins/com.st.stm32cube.ide.mcu.externaltools.gnu-tools-for-stm32.7-2018-q2-update.win32_1.0.0.201904181610/tools/bin/../lib/gcc/arm-none-eabi/7.3.1/../../../../arm-none-eabi/lib/thumb/v7e-m/fpv4-sp/hard\libc_nano.a
END GROUP
START GROUP
LOAD d:/programs/stm32cubeide_1.2.0/stm32cubeide/plugins/com.st.stm32cube.ide.mcu.externaltools.gnu-tools-for-stm32.7-2018-q2-update.win32_1.0.0.201904181610/tools/bin/../lib/gcc/arm-none-eabi/7.3.1/thumb/v7e-m/fpv4-sp/hard\libgcc.a
LOAD d:/programs/stm32cubeide_1.2.0/stm32cubeide/plugins/com.st.stm32cube.ide.mcu.externaltools.gnu-tools-for-stm32.7-2018-q2-update.win32_1.0.0.201904181610/tools/bin/../lib/gcc/arm-none-eabi/7.3.1/../../../../arm-none-eabi/lib/thumb/v7e-m/fpv4-sp/hard\libc_nano.a
LOAD d:/programs/stm32cubeide_1.2.0/stm32cubeide/plugins/com.st.stm32cube.ide.mcu.externaltools.gnu-tools-for-stm32.7-2018-q2-update.win32_1.0.0.201904181610/tools/bin/../lib/gcc/arm-none-eabi/7.3.1/../../../../arm-none-eabi/lib/thumb/v7e-m/fpv4-sp/hard\libnosys.a
END GROUP
START GROUP
LOAD d:/programs/stm32cubeide_1.2.0/stm32cubeide/plugins/com.st.stm32cube.ide.mcu.externaltools.gnu-tools-for-stm32.7-2018-q2-update.win32_1.0.0.201904181610/tools/bin/../lib/gcc/arm-none-eabi/7.3.1/thumb/v7e-m/fpv4-sp/hard\libgcc.a
LOAD d:/programs/stm32cubeide_1.2.0/stm32cubeide/plugins/com.st.stm32cube.ide.mcu.externaltools.gnu-tools-for-stm32.7-2018-q2-update.win32_1.0.0.201904181610/tools/bin/../lib/gcc/arm-none-eabi/7.3.1/../../../../arm-none-eabi/lib/thumb/v7e-m/fpv4-sp/hard\libc_nano.a
LOAD d:/programs/stm32cubeide_1.2.0/stm32cubeide/plugins/com.st.stm32cube.ide.mcu.externaltools.gnu-tools-for-stm32.7-2018-q2-update.win32_1.0.0.201904181610/tools/bin/../lib/gcc/arm-none-eabi/7.3.1/../../../../arm-none-eabi/lib/thumb/v7e-m/fpv4-sp/hard\libnosys.a
END GROUP
LOAD d:/programs/stm32cubeide_1.2.0/stm32cubeide/plugins/com.st.stm32cube.ide.mcu.externaltools.gnu-tools-for-stm32.7-2018-q2-update.win32_1.0.0.201904181610/tools/bin/../lib/gcc/arm-none-eabi/7.3.1/thumb/v7e-m/fpv4-sp/hard/crtend.o
LOAD d:/programs/stm32cubeide_1.2.0/stm32cubeide/plugins/com.st.stm32cube.ide.mcu.externaltools.gnu-tools-for-stm32.7-2018-q2-update.win32_1.0.0.201904181610/tools/bin/../lib/gcc/arm-none-eabi/7.3.1/thumb/v7e-m/fpv4-sp/hard/crtn.o
                0x0000000020040000                _estack = (ORIGIN (RAM) + LENGTH (RAM))
                0x0000000000002000                _Min_Heap_Size = 0x2000
                0x0000000000004000                _Min_Stack_Size = 0x4000

.isr_vector     0x0000000008000000      0x1e0
                0x0000000008000000                . = ALIGN (0x4)
 *(.isr_vector)
 .isr_vector    0x0000000008000000      0x1e0 Core/Startup/startup_stm32f722retx.o
                0x0000000008000000                g_pfnVectors
                0x00000000080001e0                . = ALIGN (0x4)

.text           0x00000000080001e0     0x81fc
                0x00000000080001e0                . = ALIGN (0x4)
 *(.text)
 .text          0x00000000080001e0       0x40 d:/programs/stm32cubeide_1.2.0/stm32cubeide/plugins/com.st.stm32cube.ide.mcu.externaltools.gnu-tools-for-stm32.7-2018-q2-update.win32_1.0.0.201904181610/tools/bin/../lib/gcc/arm-none-eabi/7.3.1/thumb/v7e-m/fpv4-sp/hard/crtbegin.o
 .text          0x0000000008000220       0x30 d:/programs/stm32cubeide_1.2.0/stm32cubeide/plugins/com.st.stm32cube.ide.mcu.externaltools.gnu-tools-for-stm32.7-2018-q2-update.win32_1.0.0.201904181610/tools/bin/../lib/gcc/arm-none-eabi/7.3.1/thumb/v7e-m/fpv4-sp/hard\libgcc.a(_aeabi_uldivmod.o)
                0x0000000008000220                __aeabi_uldivmod
 .text          0x0000000008000250      0x2cc d:/programs/stm32cubeide_1.2.0/stm32cubeide/plugins/com.st.stm32cube.ide.mcu.externaltools.gnu-tools-for-stm32.7-2018-q2-update.win32_1.0.0.201904181610/tools/bin/../lib/gcc/arm-none-eabi/7.3.1/thumb/v7e-m/fpv4-sp/hard\libgcc.a(_udivmoddi4.o)
                0x0000000008000250                __udivmoddi4
 .text          0x000000000800051c        0x4 d:/programs/stm32cubeide_1.2.0/stm32cubeide/plugins/com.st.stm32cube.ide.mcu.externaltools.gnu-tools-for-stm32.7-2018-q2-update.win32_1.0.0.201904181610/tools/bin/../lib/gcc/arm-none-eabi/7.3.1/thumb/v7e-m/fpv4-sp/hard\libgcc.a(_dvmd_tls.o)
                0x000000000800051c                __aeabi_idiv0
                0x000000000800051c                __aeabi_ldiv0
 *(.text*)
 .text.MX_ADC1_Init
                0x0000000008000520       0xa4 Core/Src/adc.o
                0x0000000008000520                MX_ADC1_Init
 .text.HAL_ADC_MspInit
                0x00000000080005c4       0xe4 Core/Src/adc.o
                0x00000000080005c4                HAL_ADC_MspInit
 .text.BSP_SD_Init
                0x00000000080006a8       0x30 Core/Src/bsp_driver_sd.o
                0x00000000080006a8                BSP_SD_Init
 .text.BSP_SD_ReadBlocks
                0x00000000080006d8       0x3c Core/Src/bsp_driver_sd.o
                0x00000000080006d8                BSP_SD_ReadBlocks
 .text.BSP_SD_WriteBlocks
                0x0000000008000714       0x3c Core/Src/bsp_driver_sd.o
                0x0000000008000714                BSP_SD_WriteBlocks
 .text.BSP_SD_GetCardState
                0x0000000008000750       0x20 Core/Src/bsp_driver_sd.o
                0x0000000008000750                BSP_SD_GetCardState
 .text.BSP_SD_GetCardInfo
                0x0000000008000770       0x1c Core/Src/bsp_driver_sd.o
                0x0000000008000770                BSP_SD_GetCardInfo
 .text.HAL_SD_AbortCallback
                0x000000000800078c       0x14 Core/Src/bsp_driver_sd.o
                0x000000000800078c                HAL_SD_AbortCallback
 .text.HAL_SD_TxCpltCallback
                0x00000000080007a0       0x14 Core/Src/bsp_driver_sd.o
                0x00000000080007a0                HAL_SD_TxCpltCallback
 .text.HAL_SD_RxCpltCallback
                0x00000000080007b4       0x14 Core/Src/bsp_driver_sd.o
                0x00000000080007b4                HAL_SD_RxCpltCallback
 .text.BSP_SD_AbortCallback
                0x00000000080007c8        0xe Core/Src/bsp_driver_sd.o
                0x00000000080007c8                BSP_SD_AbortCallback
 .text.BSP_SD_WriteCpltCallback
                0x00000000080007d6        0xe Core/Src/bsp_driver_sd.o
                0x00000000080007d6                BSP_SD_WriteCpltCallback
 .text.BSP_SD_ReadCpltCallback
                0x00000000080007e4        0xe Core/Src/bsp_driver_sd.o
                0x00000000080007e4                BSP_SD_ReadCpltCallback
 .text.BSP_SD_IsDetected
                0x00000000080007f2       0x24 Core/Src/bsp_driver_sd.o
                0x00000000080007f2                BSP_SD_IsDetected
 *fill*         0x0000000008000816        0x2 
 .text.MX_DAC_Init
                0x0000000008000818       0x54 Core/Src/dac.o
                0x0000000008000818                MX_DAC_Init
 .text.HAL_DAC_MspInit
                0x000000000800086c       0xe4 Core/Src/dac.o
                0x000000000800086c                HAL_DAC_MspInit
 .text.MX_DMA_Init
                0x0000000008000950      0x104 Core/Src/dma.o
                0x0000000008000950                MX_DMA_Init
 .text.MX_GPIO_Init
                0x0000000008000a54      0x1cc Core/Src/gpio.o
                0x0000000008000a54                MX_GPIO_Init
 .text.MX_I2C1_Init
                0x0000000008000c20       0x80 Core/Src/i2c.o
                0x0000000008000c20                MX_I2C1_Init
 .text.MX_I2C3_Init
                0x0000000008000ca0       0x80 Core/Src/i2c.o
                0x0000000008000ca0                MX_I2C3_Init
 .text.HAL_I2C_MspInit
                0x0000000008000d20      0x190 Core/Src/i2c.o
                0x0000000008000d20                HAL_I2C_MspInit
 .text.main     0x0000000008000eb0       0x56 Core/Src/main.o
                0x0000000008000eb0                main
 *fill*         0x0000000008000f06        0x2 
 .text.SystemClock_Config
                0x0000000008000f08      0x13c Core/Src/main.o
                0x0000000008000f08                SystemClock_Config
 .text.Error_Handler
                0x0000000008001044        0xe Core/Src/main.o
                0x0000000008001044                Error_Handler
 *fill*         0x0000000008001052        0x2 
 .text.MX_SDMMC1_SD_Init
                0x0000000008001054       0x40 Core/Src/sdmmc.o
                0x0000000008001054                MX_SDMMC1_SD_Init
 .text.HAL_SD_MspInit
                0x0000000008001094      0x1d4 Core/Src/sdmmc.o
                0x0000000008001094                HAL_SD_MspInit
 .text.MX_SPI2_Init
                0x0000000008001268       0x7c Core/Src/spi.o
                0x0000000008001268                MX_SPI2_Init
 .text.MX_SPI3_Init
                0x00000000080012e4       0x7c Core/Src/spi.o
                0x00000000080012e4                MX_SPI3_Init
 .text.HAL_SPI_MspInit
                0x0000000008001360      0x2fc Core/Src/spi.o
                0x0000000008001360                HAL_SPI_MspInit
 .text.HAL_MspInit
                0x000000000800165c       0x48 Core/Src/stm32f7xx_hal_msp.o
                0x000000000800165c                HAL_MspInit
 .text.NMI_Handler
                0x00000000080016a4        0xe Core/Src/stm32f7xx_it.o
                0x00000000080016a4                NMI_Handler
 .text.HardFault_Handler
                0x00000000080016b2        0x6 Core/Src/stm32f7xx_it.o
                0x00000000080016b2                HardFault_Handler
 .text.MemManage_Handler
                0x00000000080016b8        0x6 Core/Src/stm32f7xx_it.o
                0x00000000080016b8                MemManage_Handler
 .text.BusFault_Handler
                0x00000000080016be        0x6 Core/Src/stm32f7xx_it.o
                0x00000000080016be                BusFault_Handler
 .text.UsageFault_Handler
                0x00000000080016c4        0x6 Core/Src/stm32f7xx_it.o
                0x00000000080016c4                UsageFault_Handler
 .text.SVC_Handler
                0x00000000080016ca        0xe Core/Src/stm32f7xx_it.o
                0x00000000080016ca                SVC_Handler
 .text.DebugMon_Handler
                0x00000000080016d8        0xe Core/Src/stm32f7xx_it.o
                0x00000000080016d8                DebugMon_Handler
 .text.PendSV_Handler
                0x00000000080016e6        0xe Core/Src/stm32f7xx_it.o
                0x00000000080016e6                PendSV_Handler
 .text.SysTick_Handler
                0x00000000080016f4        0xc Core/Src/stm32f7xx_it.o
                0x00000000080016f4                SysTick_Handler
 .text.DMA1_Stream1_IRQHandler
                0x0000000008001700       0x14 Core/Src/stm32f7xx_it.o
                0x0000000008001700                DMA1_Stream1_IRQHandler
 .text.DMA1_Stream2_IRQHandler
                0x0000000008001714       0x14 Core/Src/stm32f7xx_it.o
                0x0000000008001714                DMA1_Stream2_IRQHandler
 .text.DMA1_Stream3_IRQHandler
                0x0000000008001728       0x14 Core/Src/stm32f7xx_it.o
                0x0000000008001728                DMA1_Stream3_IRQHandler
 .text.DMA1_Stream4_IRQHandler
                0x000000000800173c       0x14 Core/Src/stm32f7xx_it.o
                0x000000000800173c                DMA1_Stream4_IRQHandler
 .text.DMA1_Stream5_IRQHandler
                0x0000000008001750       0x14 Core/Src/stm32f7xx_it.o
                0x0000000008001750                DMA1_Stream5_IRQHandler
 .text.DMA1_Stream6_IRQHandler
                0x0000000008001764       0x14 Core/Src/stm32f7xx_it.o
                0x0000000008001764                DMA1_Stream6_IRQHandler
 .text.EXTI9_5_IRQHandler
                0x0000000008001778       0x16 Core/Src/stm32f7xx_it.o
                0x0000000008001778                EXTI9_5_IRQHandler
 *fill*         0x000000000800178e        0x2 
 .text.TIM4_IRQHandler
                0x0000000008001790       0x14 Core/Src/stm32f7xx_it.o
                0x0000000008001790                TIM4_IRQHandler
 .text.USART2_IRQHandler
                0x00000000080017a4       0x14 Core/Src/stm32f7xx_it.o
                0x00000000080017a4                USART2_IRQHandler
 .text.DMA1_Stream7_IRQHandler
                0x00000000080017b8       0x14 Core/Src/stm32f7xx_it.o
                0x00000000080017b8                DMA1_Stream7_IRQHandler
 .text.SDMMC1_IRQHandler
                0x00000000080017cc       0x14 Core/Src/stm32f7xx_it.o
                0x00000000080017cc                SDMMC1_IRQHandler
 .text.TIM5_IRQHandler
                0x00000000080017e0       0x14 Core/Src/stm32f7xx_it.o
                0x00000000080017e0                TIM5_IRQHandler
 .text.TIM7_IRQHandler
                0x00000000080017f4       0x14 Core/Src/stm32f7xx_it.o
                0x00000000080017f4                TIM7_IRQHandler
 .text.DMA2_Stream0_IRQHandler
                0x0000000008001808       0x14 Core/Src/stm32f7xx_it.o
                0x0000000008001808                DMA2_Stream0_IRQHandler
 .text.DMA2_Stream2_IRQHandler
                0x000000000800181c       0x14 Core/Src/stm32f7xx_it.o
                0x000000000800181c                DMA2_Stream2_IRQHandler
 .text.DMA2_Stream3_IRQHandler
                0x0000000008001830       0x14 Core/Src/stm32f7xx_it.o
                0x0000000008001830                DMA2_Stream3_IRQHandler
 .text.DMA2_Stream6_IRQHandler
                0x0000000008001844       0x14 Core/Src/stm32f7xx_it.o
                0x0000000008001844                DMA2_Stream6_IRQHandler
 .text.DMA2_Stream7_IRQHandler
                0x0000000008001858       0x14 Core/Src/stm32f7xx_it.o
                0x0000000008001858                DMA2_Stream7_IRQHandler
 .text.SystemInit
                0x000000000800186c       0x6c Core/Src/system_stm32f7xx.o
                0x000000000800186c                SystemInit
 .text.MX_TIM2_Init
                0x00000000080018d8      0x130 Core/Src/tim.o
                0x00000000080018d8                MX_TIM2_Init
 .text.MX_TIM3_Init
                0x0000000008001a08       0xe0 Core/Src/tim.o
                0x0000000008001a08                MX_TIM3_Init
 .text.MX_TIM4_Init
                0x0000000008001ae8       0x9c Core/Src/tim.o
                0x0000000008001ae8                MX_TIM4_Init
 .text.MX_TIM5_Init
                0x0000000008001b84       0x9c Core/Src/tim.o
                0x0000000008001b84                MX_TIM5_Init
 .text.MX_TIM6_Init
                0x0000000008001c20       0x6c Core/Src/tim.o
                0x0000000008001c20                MX_TIM6_Init
 .text.MX_TIM7_Init
                0x0000000008001c8c       0x6c Core/Src/tim.o
                0x0000000008001c8c                MX_TIM7_Init
 .text.HAL_TIM_Base_MspInit
                0x0000000008001cf8      0x108 Core/Src/tim.o
                0x0000000008001cf8                HAL_TIM_Base_MspInit
 .text.HAL_TIM_PWM_MspInit
                0x0000000008001e00       0x40 Core/Src/tim.o
                0x0000000008001e00                HAL_TIM_PWM_MspInit
 .text.HAL_TIM_MspPostInit
                0x0000000008001e40       0xf0 Core/Src/tim.o
                0x0000000008001e40                HAL_TIM_MspPostInit
 .text.MX_USART1_UART_Init
                0x0000000008001f30       0x60 Core/Src/usart.o
                0x0000000008001f30                MX_USART1_UART_Init
 .text.MX_USART2_UART_Init
                0x0000000008001f90       0x60 Core/Src/usart.o
                0x0000000008001f90                MX_USART2_UART_Init
 .text.HAL_UART_MspInit
                0x0000000008001ff0      0x228 Core/Src/usart.o
                0x0000000008001ff0                HAL_UART_MspInit
 .text.Reset_Handler
                0x0000000008002218       0x50 Core/Startup/startup_stm32f722retx.o
                0x0000000008002218                Reset_Handler
 .text.Default_Handler
                0x0000000008002268        0x2 Core/Startup/startup_stm32f722retx.o
                0x0000000008002268                RTC_Alarm_IRQHandler
                0x0000000008002268                EXTI2_IRQHandler
                0x0000000008002268                TIM8_CC_IRQHandler
                0x0000000008002268                UART8_IRQHandler
                0x0000000008002268                SPI4_IRQHandler
                0x0000000008002268                TIM1_CC_IRQHandler
                0x0000000008002268                DMA2_Stream5_IRQHandler
                0x0000000008002268                PVD_IRQHandler
                0x0000000008002268                TAMP_STAMP_IRQHandler
                0x0000000008002268                EXTI3_IRQHandler
                0x0000000008002268                TIM8_TRG_COM_TIM14_IRQHandler
                0x0000000008002268                TIM1_UP_TIM10_IRQHandler
                0x0000000008002268                TIM8_UP_TIM13_IRQHandler
                0x0000000008002268                I2C3_ER_IRQHandler
                0x0000000008002268                EXTI0_IRQHandler
                0x0000000008002268                I2C2_EV_IRQHandler
                0x0000000008002268                CAN1_RX0_IRQHandler
                0x0000000008002268                FPU_IRQHandler
                0x0000000008002268                OTG_HS_WKUP_IRQHandler
                0x0000000008002268                SPI1_IRQHandler
                0x0000000008002268                TIM6_DAC_IRQHandler
                0x0000000008002268                TIM1_BRK_TIM9_IRQHandler
                0x0000000008002268                SAI2_IRQHandler
                0x0000000008002268                USART6_IRQHandler
                0x0000000008002268                USART3_IRQHandler
                0x0000000008002268                CAN1_RX1_IRQHandler
                0x0000000008002268                UART5_IRQHandler
                0x0000000008002268                QUADSPI_IRQHandler
                0x0000000008002268                I2C1_EV_IRQHandler
                0x0000000008002268                UART4_IRQHandler
                0x0000000008002268                TIM3_IRQHandler
                0x0000000008002268                RCC_IRQHandler
                0x0000000008002268                TIM8_BRK_TIM12_IRQHandler
                0x0000000008002268                Default_Handler
                0x0000000008002268                EXTI15_10_IRQHandler
                0x0000000008002268                ADC_IRQHandler
                0x0000000008002268                SPI5_IRQHandler
                0x0000000008002268                I2C3_EV_IRQHandler
                0x0000000008002268                RTC_WKUP_IRQHandler
                0x0000000008002268                SPI2_IRQHandler
                0x0000000008002268                OTG_HS_EP1_IN_IRQHandler
                0x0000000008002268                DMA1_Stream0_IRQHandler
                0x0000000008002268                CAN1_TX_IRQHandler
                0x0000000008002268                EXTI4_IRQHandler
                0x0000000008002268                RNG_IRQHandler
                0x0000000008002268                OTG_HS_EP1_OUT_IRQHandler
                0x0000000008002268                WWDG_IRQHandler
                0x0000000008002268                TIM2_IRQHandler
                0x0000000008002268                OTG_FS_WKUP_IRQHandler
                0x0000000008002268                TIM1_TRG_COM_TIM11_IRQHandler
                0x0000000008002268                OTG_HS_IRQHandler
                0x0000000008002268                EXTI1_IRQHandler
                0x0000000008002268                SDMMC2_IRQHandler
                0x0000000008002268                UART7_IRQHandler
                0x0000000008002268                I2C2_ER_IRQHandler
                0x0000000008002268                DMA2_Stream1_IRQHandler
                0x0000000008002268                CAN1_SCE_IRQHandler
                0x0000000008002268                FLASH_IRQHandler
                0x0000000008002268                DMA2_Stream4_IRQHandler
                0x0000000008002268                USART1_IRQHandler
                0x0000000008002268                OTG_FS_IRQHandler
                0x0000000008002268                SPI3_IRQHandler
                0x0000000008002268                I2C1_ER_IRQHandler
                0x0000000008002268                FMC_IRQHandler
                0x0000000008002268                LPTIM1_IRQHandler
                0x0000000008002268                SAI1_IRQHandler
 .text.HAL_Init
                0x000000000800226a       0x1a Drivers/STM32F7xx_HAL_Driver/Src/stm32f7xx_hal.o
                0x000000000800226a                HAL_Init
 .text.HAL_InitTick
                0x0000000008002284       0x60 Drivers/STM32F7xx_HAL_Driver/Src/stm32f7xx_hal.o
                0x0000000008002284                HAL_InitTick
 .text.HAL_IncTick
                0x00000000080022e4       0x28 Drivers/STM32F7xx_HAL_Driver/Src/stm32f7xx_hal.o
                0x00000000080022e4                HAL_IncTick
 .text.HAL_GetTick
                0x000000000800230c       0x18 Drivers/STM32F7xx_HAL_Driver/Src/stm32f7xx_hal.o
                0x000000000800230c                HAL_GetTick
 .text.HAL_Delay
                0x0000000008002324       0x44 Drivers/STM32F7xx_HAL_Driver/Src/stm32f7xx_hal.o
                0x0000000008002324                HAL_Delay
 .text.HAL_ADC_Init
                0x0000000008002368       0x88 Drivers/STM32F7xx_HAL_Driver/Src/stm32f7xx_hal_adc.o
                0x0000000008002368                HAL_ADC_Init
 .text.HAL_ADC_ConfigChannel
                0x00000000080023f0      0x268 Drivers/STM32F7xx_HAL_Driver/Src/stm32f7xx_hal_adc.o
                0x00000000080023f0                HAL_ADC_ConfigChannel
 .text.ADC_Init
                0x0000000008002658      0x1f4 Drivers/STM32F7xx_HAL_Driver/Src/stm32f7xx_hal_adc.o
 .text.__NVIC_SetPriorityGrouping
                0x000000000800284c       0x48 Drivers/STM32F7xx_HAL_Driver/Src/stm32f7xx_hal_cortex.o
 .text.__NVIC_GetPriorityGrouping
                0x0000000008002894       0x1c Drivers/STM32F7xx_HAL_Driver/Src/stm32f7xx_hal_cortex.o
 .text.__NVIC_EnableIRQ
                0x00000000080028b0       0x3c Drivers/STM32F7xx_HAL_Driver/Src/stm32f7xx_hal_cortex.o
 .text.__NVIC_SetPriority
                0x00000000080028ec       0x54 Drivers/STM32F7xx_HAL_Driver/Src/stm32f7xx_hal_cortex.o
 .text.NVIC_EncodePriority
                0x0000000008002940       0x66 Drivers/STM32F7xx_HAL_Driver/Src/stm32f7xx_hal_cortex.o
 *fill*         0x00000000080029a6        0x2 
 .text.SysTick_Config
                0x00000000080029a8       0x44 Drivers/STM32F7xx_HAL_Driver/Src/stm32f7xx_hal_cortex.o
 .text.HAL_NVIC_SetPriorityGrouping
                0x00000000080029ec       0x16 Drivers/STM32F7xx_HAL_Driver/Src/stm32f7xx_hal_cortex.o
                0x00000000080029ec                HAL_NVIC_SetPriorityGrouping
 .text.HAL_NVIC_SetPriority
                0x0000000008002a02       0x38 Drivers/STM32F7xx_HAL_Driver/Src/stm32f7xx_hal_cortex.o
                0x0000000008002a02                HAL_NVIC_SetPriority
 .text.HAL_NVIC_EnableIRQ
                0x0000000008002a3a       0x1c Drivers/STM32F7xx_HAL_Driver/Src/stm32f7xx_hal_cortex.o
                0x0000000008002a3a                HAL_NVIC_EnableIRQ
 .text.HAL_SYSTICK_Config
                0x0000000008002a56       0x18 Drivers/STM32F7xx_HAL_Driver/Src/stm32f7xx_hal_cortex.o
                0x0000000008002a56                HAL_SYSTICK_Config
 .text.HAL_DAC_Init
                0x0000000008002a6e       0x44 Drivers/STM32F7xx_HAL_Driver/Src/stm32f7xx_hal_dac.o
                0x0000000008002a6e                HAL_DAC_Init
 .text.HAL_DAC_ConfigChannel
                0x0000000008002ab2       0x9a Drivers/STM32F7xx_HAL_Driver/Src/stm32f7xx_hal_dac.o
                0x0000000008002ab2                HAL_DAC_ConfigChannel
 .text.HAL_DMA_Init
                0x0000000008002b4c      0x15c Drivers/STM32F7xx_HAL_Driver/Src/stm32f7xx_hal_dma.o
                0x0000000008002b4c                HAL_DMA_Init
 .text.HAL_DMA_Abort_IT
                0x0000000008002ca8       0x44 Drivers/STM32F7xx_HAL_Driver/Src/stm32f7xx_hal_dma.o
                0x0000000008002ca8                HAL_DMA_Abort_IT
 .text.HAL_DMA_IRQHandler
                0x0000000008002cec      0x314 Drivers/STM32F7xx_HAL_Driver/Src/stm32f7xx_hal_dma.o
                0x0000000008002cec                HAL_DMA_IRQHandler
 .text.DMA_CalcBaseAndBitshift
                0x0000000008003000       0x6c Drivers/STM32F7xx_HAL_Driver/Src/stm32f7xx_hal_dma.o
 .text.DMA_CheckFifoParam
                0x000000000800306c       0xf4 Drivers/STM32F7xx_HAL_Driver/Src/stm32f7xx_hal_dma.o
 .text.HAL_GPIO_Init
                0x0000000008003160      0x334 Drivers/STM32F7xx_HAL_Driver/Src/stm32f7xx_hal_gpio.o
                0x0000000008003160                HAL_GPIO_Init
 .text.HAL_GPIO_ReadPin
                0x0000000008003494       0x30 Drivers/STM32F7xx_HAL_Driver/Src/stm32f7xx_hal_gpio.o
                0x0000000008003494                HAL_GPIO_ReadPin
 .text.HAL_GPIO_WritePin
                0x00000000080034c4       0x32 Drivers/STM32F7xx_HAL_Driver/Src/stm32f7xx_hal_gpio.o
                0x00000000080034c4                HAL_GPIO_WritePin
 *fill*         0x00000000080034f6        0x2 
 .text.HAL_GPIO_EXTI_IRQHandler
                0x00000000080034f8       0x30 Drivers/STM32F7xx_HAL_Driver/Src/stm32f7xx_hal_gpio.o
                0x00000000080034f8                HAL_GPIO_EXTI_IRQHandler
 .text.HAL_GPIO_EXTI_Callback
                0x0000000008003528       0x16 Drivers/STM32F7xx_HAL_Driver/Src/stm32f7xx_hal_gpio.o
                0x0000000008003528                HAL_GPIO_EXTI_Callback
 *fill*         0x000000000800353e        0x2 
 .text.HAL_I2C_Init
                0x0000000008003540      0x120 Drivers/STM32F7xx_HAL_Driver/Src/stm32f7xx_hal_i2c.o
                0x0000000008003540                HAL_I2C_Init
 .text.HAL_I2CEx_ConfigAnalogFilter
                0x0000000008003660       0x96 Drivers/STM32F7xx_HAL_Driver/Src/stm32f7xx_hal_i2c_ex.o
                0x0000000008003660                HAL_I2CEx_ConfigAnalogFilter
 .text.HAL_I2CEx_ConfigDigitalFilter
                0x00000000080036f6       0x98 Drivers/STM32F7xx_HAL_Driver/Src/stm32f7xx_hal_i2c_ex.o
                0x00000000080036f6                HAL_I2CEx_ConfigDigitalFilter
 *fill*         0x000000000800378e        0x2 
 .text.HAL_PWREx_EnableOverDrive
                0x0000000008003790       0xa0 Drivers/STM32F7xx_HAL_Driver/Src/stm32f7xx_hal_pwr_ex.o
                0x0000000008003790                HAL_PWREx_EnableOverDrive
 .text.HAL_RCC_OscConfig
                0x0000000008003830      0x4e0 Drivers/STM32F7xx_HAL_Driver/Src/stm32f7xx_hal_rcc.o
                0x0000000008003830                HAL_RCC_OscConfig
 .text.HAL_RCC_ClockConfig
                0x0000000008003d10      0x1d0 Drivers/STM32F7xx_HAL_Driver/Src/stm32f7xx_hal_rcc.o
                0x0000000008003d10                HAL_RCC_ClockConfig
 .text.HAL_RCC_GetSysClockFreq
                0x0000000008003ee0      0x1b0 Drivers/STM32F7xx_HAL_Driver/Src/stm32f7xx_hal_rcc.o
                0x0000000008003ee0                HAL_RCC_GetSysClockFreq
 .text.HAL_RCC_GetHCLKFreq
                0x0000000008004090       0x18 Drivers/STM32F7xx_HAL_Driver/Src/stm32f7xx_hal_rcc.o
                0x0000000008004090                HAL_RCC_GetHCLKFreq
 .text.HAL_RCC_GetPCLK1Freq
                0x00000000080040a8       0x28 Drivers/STM32F7xx_HAL_Driver/Src/stm32f7xx_hal_rcc.o
                0x00000000080040a8                HAL_RCC_GetPCLK1Freq
 .text.HAL_RCC_GetPCLK2Freq
                0x00000000080040d0       0x28 Drivers/STM32F7xx_HAL_Driver/Src/stm32f7xx_hal_rcc.o
                0x00000000080040d0                HAL_RCC_GetPCLK2Freq
 .text.HAL_RCCEx_PeriphCLKConfig
                0x00000000080040f8      0x690 Drivers/STM32F7xx_HAL_Driver/Src/stm32f7xx_hal_rcc_ex.o
                0x00000000080040f8                HAL_RCCEx_PeriphCLKConfig
 .text.HAL_SD_Init
                0x0000000008004788       0x56 Drivers/STM32F7xx_HAL_Driver/Src/stm32f7xx_hal_sd.o
                0x0000000008004788                HAL_SD_Init
 .text.HAL_SD_InitCard
                0x00000000080047de       0xc8 Drivers/STM32F7xx_HAL_Driver/Src/stm32f7xx_hal_sd.o
                0x00000000080047de                HAL_SD_InitCard
 .text.HAL_SD_ReadBlocks
                0x00000000080048a6      0x32c Drivers/STM32F7xx_HAL_Driver/Src/stm32f7xx_hal_sd.o
                0x00000000080048a6                HAL_SD_ReadBlocks
 .text.HAL_SD_WriteBlocks
                0x0000000008004bd2      0x2ce Drivers/STM32F7xx_HAL_Driver/Src/stm32f7xx_hal_sd.o
                0x0000000008004bd2                HAL_SD_WriteBlocks
 .text.HAL_SD_IRQHandler
                0x0000000008004ea0      0x2a8 Drivers/STM32F7xx_HAL_Driver/Src/stm32f7xx_hal_sd.o
                0x0000000008004ea0                HAL_SD_IRQHandler
 .text.HAL_SD_ErrorCallback
                0x0000000008005148       0x14 Drivers/STM32F7xx_HAL_Driver/Src/stm32f7xx_hal_sd.o
                0x0000000008005148                HAL_SD_ErrorCallback
 .text.HAL_SD_GetCardCSD
                0x000000000800515c      0x450 Drivers/STM32F7xx_HAL_Driver/Src/stm32f7xx_hal_sd.o
                0x000000000800515c                HAL_SD_GetCardCSD
 .text.HAL_SD_GetCardInfo
                0x00000000080055ac       0x58 Drivers/STM32F7xx_HAL_Driver/Src/stm32f7xx_hal_sd.o
                0x00000000080055ac                HAL_SD_GetCardInfo
 .text.HAL_SD_GetCardState
                0x0000000008005604       0x4a Drivers/STM32F7xx_HAL_Driver/Src/stm32f7xx_hal_sd.o
                0x0000000008005604                HAL_SD_GetCardState
 .text.SD_DMATxAbort
                0x000000000800564e       0x7c Drivers/STM32F7xx_HAL_Driver/Src/stm32f7xx_hal_sd.o
 .text.SD_DMARxAbort
                0x00000000080056ca       0x7c Drivers/STM32F7xx_HAL_Driver/Src/stm32f7xx_hal_sd.o
 .text.SD_InitCard
                0x0000000008005746      0x192 Drivers/STM32F7xx_HAL_Driver/Src/stm32f7xx_hal_sd.o
 .text.SD_PowerON
                0x00000000080058d8      0x150 Drivers/STM32F7xx_HAL_Driver/Src/stm32f7xx_hal_sd.o
 .text.SD_SendStatus
                0x0000000008005a28       0x54 Drivers/STM32F7xx_HAL_Driver/Src/stm32f7xx_hal_sd.o
 .text.SD_Read_IT
                0x0000000008005a7c       0x50 Drivers/STM32F7xx_HAL_Driver/Src/stm32f7xx_hal_sd.o
 .text.SD_Write_IT
                0x0000000008005acc       0x4c Drivers/STM32F7xx_HAL_Driver/Src/stm32f7xx_hal_sd.o
 .text.HAL_SPI_Init
                0x0000000008005b18      0x124 Drivers/STM32F7xx_HAL_Driver/Src/stm32f7xx_hal_spi.o
                0x0000000008005b18                HAL_SPI_Init
 .text.HAL_TIM_Base_Init
                0x0000000008005c3c       0x56 Drivers/STM32F7xx_HAL_Driver/Src/stm32f7xx_hal_tim.o
                0x0000000008005c3c                HAL_TIM_Base_Init
 .text.HAL_TIM_PWM_Init
                0x0000000008005c92       0x56 Drivers/STM32F7xx_HAL_Driver/Src/stm32f7xx_hal_tim.o
                0x0000000008005c92                HAL_TIM_PWM_Init
 .text.HAL_TIM_IRQHandler
                0x0000000008005ce8      0x23e Drivers/STM32F7xx_HAL_Driver/Src/stm32f7xx_hal_tim.o
                0x0000000008005ce8                HAL_TIM_IRQHandler
 *fill*         0x0000000008005f26        0x2 
 .text.HAL_TIM_PWM_ConfigChannel
                0x0000000008005f28      0x230 Drivers/STM32F7xx_HAL_Driver/Src/stm32f7xx_hal_tim.o
                0x0000000008005f28                HAL_TIM_PWM_ConfigChannel
 .text.HAL_TIM_ConfigClockSource
                0x0000000008006158      0x174 Drivers/STM32F7xx_HAL_Driver/Src/stm32f7xx_hal_tim.o
                0x0000000008006158                HAL_TIM_ConfigClockSource
 .text.HAL_TIM_PeriodElapsedCallback
                0x00000000080062cc       0x14 Drivers/STM32F7xx_HAL_Driver/Src/stm32f7xx_hal_tim.o
                0x00000000080062cc                HAL_TIM_PeriodElapsedCallback
 .text.HAL_TIM_OC_DelayElapsedCallback
                0x00000000080062e0       0x14 Drivers/STM32F7xx_HAL_Driver/Src/stm32f7xx_hal_tim.o
                0x00000000080062e0                HAL_TIM_OC_DelayElapsedCallback
 .text.HAL_TIM_IC_CaptureCallback
                0x00000000080062f4       0x14 Drivers/STM32F7xx_HAL_Driver/Src/stm32f7xx_hal_tim.o
                0x00000000080062f4                HAL_TIM_IC_CaptureCallback
 .text.HAL_TIM_PWM_PulseFinishedCallback
                0x0000000008006308       0x14 Drivers/STM32F7xx_HAL_Driver/Src/stm32f7xx_hal_tim.o
                0x0000000008006308                HAL_TIM_PWM_PulseFinishedCallback
 .text.HAL_TIM_TriggerCallback
                0x000000000800631c       0x14 Drivers/STM32F7xx_HAL_Driver/Src/stm32f7xx_hal_tim.o
                0x000000000800631c                HAL_TIM_TriggerCallback
 .text.TIM_Base_SetConfig
                0x0000000008006330      0x140 Drivers/STM32F7xx_HAL_Driver/Src/stm32f7xx_hal_tim.o
                0x0000000008006330                TIM_Base_SetConfig
 .text.TIM_OC1_SetConfig
                0x0000000008006470       0xe4 Drivers/STM32F7xx_HAL_Driver/Src/stm32f7xx_hal_tim.o
 .text.TIM_OC2_SetConfig
                0x0000000008006554       0xf0 Drivers/STM32F7xx_HAL_Driver/Src/stm32f7xx_hal_tim.o
                0x0000000008006554                TIM_OC2_SetConfig
 .text.TIM_OC3_SetConfig
                0x0000000008006644       0xec Drivers/STM32F7xx_HAL_Driver/Src/stm32f7xx_hal_tim.o
 .text.TIM_OC4_SetConfig
                0x0000000008006730       0xb0 Drivers/STM32F7xx_HAL_Driver/Src/stm32f7xx_hal_tim.o
 .text.TIM_OC5_SetConfig
                0x00000000080067e0       0xa4 Drivers/STM32F7xx_HAL_Driver/Src/stm32f7xx_hal_tim.o
 .text.TIM_OC6_SetConfig
                0x0000000008006884       0xa8 Drivers/STM32F7xx_HAL_Driver/Src/stm32f7xx_hal_tim.o
 .text.TIM_TI1_ConfigInputStage
                0x000000000800692c       0x5e Drivers/STM32F7xx_HAL_Driver/Src/stm32f7xx_hal_tim.o
 .text.TIM_TI2_ConfigInputStage
                0x000000000800698a       0x60 Drivers/STM32F7xx_HAL_Driver/Src/stm32f7xx_hal_tim.o
 .text.TIM_ITRx_SetConfig
                0x00000000080069ea       0x36 Drivers/STM32F7xx_HAL_Driver/Src/stm32f7xx_hal_tim.o
 .text.TIM_ETR_SetConfig
                0x0000000008006a20       0x40 Drivers/STM32F7xx_HAL_Driver/Src/stm32f7xx_hal_tim.o
                0x0000000008006a20                TIM_ETR_SetConfig
 .text.HAL_TIMEx_MasterConfigSynchronization
                0x0000000008006a60       0xb8 Drivers/STM32F7xx_HAL_Driver/Src/stm32f7xx_hal_tim_ex.o
                0x0000000008006a60                HAL_TIMEx_MasterConfigSynchronization
 .text.HAL_TIMEx_CommutCallback
                0x0000000008006b18       0x14 Drivers/STM32F7xx_HAL_Driver/Src/stm32f7xx_hal_tim_ex.o
                0x0000000008006b18                HAL_TIMEx_CommutCallback
 .text.HAL_TIMEx_BreakCallback
                0x0000000008006b2c       0x14 Drivers/STM32F7xx_HAL_Driver/Src/stm32f7xx_hal_tim_ex.o
                0x0000000008006b2c                HAL_TIMEx_BreakCallback
 .text.HAL_TIMEx_Break2Callback
                0x0000000008006b40       0x14 Drivers/STM32F7xx_HAL_Driver/Src/stm32f7xx_hal_tim_ex.o
                0x0000000008006b40                HAL_TIMEx_Break2Callback
 .text.HAL_UART_Init
                0x0000000008006b54       0x9c Drivers/STM32F7xx_HAL_Driver/Src/stm32f7xx_hal_uart.o
                0x0000000008006b54                HAL_UART_Init
 .text.HAL_UART_IRQHandler
                0x0000000008006bf0      0x238 Drivers/STM32F7xx_HAL_Driver/Src/stm32f7xx_hal_uart.o
                0x0000000008006bf0                HAL_UART_IRQHandler
 .text.HAL_UART_TxCpltCallback
                0x0000000008006e28       0x14 Drivers/STM32F7xx_HAL_Driver/Src/stm32f7xx_hal_uart.o
                0x0000000008006e28                HAL_UART_TxCpltCallback
 .text.HAL_UART_ErrorCallback
                0x0000000008006e3c       0x14 Drivers/STM32F7xx_HAL_Driver/Src/stm32f7xx_hal_uart.o
                0x0000000008006e3c                HAL_UART_ErrorCallback
 .text.UART_SetConfig
                0x0000000008006e50      0x548 Drivers/STM32F7xx_HAL_Driver/Src/stm32f7xx_hal_uart.o
                0x0000000008006e50                UART_SetConfig
 .text.UART_AdvFeatureConfig
                0x0000000008007398      0x144 Drivers/STM32F7xx_HAL_Driver/Src/stm32f7xx_hal_uart.o
                0x0000000008007398                UART_AdvFeatureConfig
 .text.UART_CheckIdleState
                0x00000000080074dc       0x5e Drivers/STM32F7xx_HAL_Driver/Src/stm32f7xx_hal_uart.o
                0x00000000080074dc                UART_CheckIdleState
 .text.UART_WaitOnFlagUntilTimeout
                0x000000000800753a       0x90 Drivers/STM32F7xx_HAL_Driver/Src/stm32f7xx_hal_uart.o
                0x000000000800753a                UART_WaitOnFlagUntilTimeout
 .text.UART_EndRxTransfer
                0x00000000080075ca       0x40 Drivers/STM32F7xx_HAL_Driver/Src/stm32f7xx_hal_uart.o
 .text.UART_DMAAbortOnError
                0x000000000800760a       0x2c Drivers/STM32F7xx_HAL_Driver/Src/stm32f7xx_hal_uart.o
 .text.UART_EndTransmit_IT
                0x0000000008007636       0x32 Drivers/STM32F7xx_HAL_Driver/Src/stm32f7xx_hal_uart.o
 .text.SDMMC_Init
                0x0000000008007668       0x58 Drivers/STM32F7xx_HAL_Driver/Src/stm32f7xx_ll_sdmmc.o
                0x0000000008007668                SDMMC_Init
 .text.SDMMC_ReadFIFO
                0x00000000080076c0       0x1a Drivers/STM32F7xx_HAL_Driver/Src/stm32f7xx_ll_sdmmc.o
                0x00000000080076c0                SDMMC_ReadFIFO
 .text.SDMMC_WriteFIFO
                0x00000000080076da       0x22 Drivers/STM32F7xx_HAL_Driver/Src/stm32f7xx_ll_sdmmc.o
                0x00000000080076da                SDMMC_WriteFIFO
 .text.SDMMC_PowerState_ON
                0x00000000080076fc       0x1c Drivers/STM32F7xx_HAL_Driver/Src/stm32f7xx_ll_sdmmc.o
                0x00000000080076fc                SDMMC_PowerState_ON
 .text.SDMMC_GetPowerState
                0x0000000008007718       0x1c Drivers/STM32F7xx_HAL_Driver/Src/stm32f7xx_ll_sdmmc.o
                0x0000000008007718                SDMMC_GetPowerState
 .text.SDMMC_SendCommand
                0x0000000008007734       0x54 Drivers/STM32F7xx_HAL_Driver/Src/stm32f7xx_ll_sdmmc.o
                0x0000000008007734                SDMMC_SendCommand
 .text.SDMMC_GetCommandResponse
                0x0000000008007788       0x1a Drivers/STM32F7xx_HAL_Driver/Src/stm32f7xx_ll_sdmmc.o
                0x0000000008007788                SDMMC_GetCommandResponse
 .text.SDMMC_GetResponse
                0x00000000080077a2       0x2a Drivers/STM32F7xx_HAL_Driver/Src/stm32f7xx_ll_sdmmc.o
                0x00000000080077a2                SDMMC_GetResponse
 .text.SDMMC_ConfigData
                0x00000000080077cc       0x58 Drivers/STM32F7xx_HAL_Driver/Src/stm32f7xx_ll_sdmmc.o
                0x00000000080077cc                SDMMC_ConfigData
 .text.SDMMC_CmdBlockLength
                0x0000000008007824       0x48 Drivers/STM32F7xx_HAL_Driver/Src/stm32f7xx_ll_sdmmc.o
                0x0000000008007824                SDMMC_CmdBlockLength
 .text.SDMMC_CmdReadSingleBlock
                0x000000000800786c       0x48 Drivers/STM32F7xx_HAL_Driver/Src/stm32f7xx_ll_sdmmc.o
                0x000000000800786c                SDMMC_CmdReadSingleBlock
 .text.SDMMC_CmdReadMultiBlock
                0x00000000080078b4       0x48 Drivers/STM32F7xx_HAL_Driver/Src/stm32f7xx_ll_sdmmc.o
                0x00000000080078b4                SDMMC_CmdReadMultiBlock
 .text.SDMMC_CmdWriteSingleBlock
                0x00000000080078fc       0x48 Drivers/STM32F7xx_HAL_Driver/Src/stm32f7xx_ll_sdmmc.o
                0x00000000080078fc                SDMMC_CmdWriteSingleBlock
 .text.SDMMC_CmdWriteMultiBlock
                0x0000000008007944       0x48 Drivers/STM32F7xx_HAL_Driver/Src/stm32f7xx_ll_sdmmc.o
                0x0000000008007944                SDMMC_CmdWriteMultiBlock
 .text.SDMMC_CmdStopTransfer
                0x000000000800798c       0x48 Drivers/STM32F7xx_HAL_Driver/Src/stm32f7xx_ll_sdmmc.o
                0x000000000800798c                SDMMC_CmdStopTransfer
 .text.SDMMC_CmdSelDesel
                0x00000000080079d4       0x4a Drivers/STM32F7xx_HAL_Driver/Src/stm32f7xx_ll_sdmmc.o
                0x00000000080079d4                SDMMC_CmdSelDesel
 .text.SDMMC_CmdGoIdleState
                0x0000000008007a1e       0x40 Drivers/STM32F7xx_HAL_Driver/Src/stm32f7xx_ll_sdmmc.o
                0x0000000008007a1e                SDMMC_CmdGoIdleState
 .text.SDMMC_CmdOperCond
                0x0000000008007a5e       0x42 Drivers/STM32F7xx_HAL_Driver/Src/stm32f7xx_ll_sdmmc.o
                0x0000000008007a5e                SDMMC_CmdOperCond
 .text.SDMMC_CmdAppCommand
                0x0000000008007aa0       0x48 Drivers/STM32F7xx_HAL_Driver/Src/stm32f7xx_ll_sdmmc.o
                0x0000000008007aa0                SDMMC_CmdAppCommand
 .text.SDMMC_CmdAppOperCommand
                0x0000000008007ae8       0x4c Drivers/STM32F7xx_HAL_Driver/Src/stm32f7xx_ll_sdmmc.o
                0x0000000008007ae8                SDMMC_CmdAppOperCommand
 .text.SDMMC_CmdSendCID
                0x0000000008007b34       0x40 Drivers/STM32F7xx_HAL_Driver/Src/stm32f7xx_ll_sdmmc.o
                0x0000000008007b34                SDMMC_CmdSendCID
 .text.SDMMC_CmdSendCSD
                0x0000000008007b74       0x42 Drivers/STM32F7xx_HAL_Driver/Src/stm32f7xx_ll_sdmmc.o
                0x0000000008007b74                SDMMC_CmdSendCSD
 .text.SDMMC_CmdSetRelAdd
                0x0000000008007bb6       0x46 Drivers/STM32F7xx_HAL_Driver/Src/stm32f7xx_ll_sdmmc.o
                0x0000000008007bb6                SDMMC_CmdSetRelAdd
 .text.SDMMC_CmdSendStatus
                0x0000000008007bfc       0x48 Drivers/STM32F7xx_HAL_Driver/Src/stm32f7xx_ll_sdmmc.o
                0x0000000008007bfc                SDMMC_CmdSendStatus
 .text.SDMMC_GetCmdError
                0x0000000008007c44       0x54 Drivers/STM32F7xx_HAL_Driver/Src/stm32f7xx_ll_sdmmc.o
 .text.SDMMC_GetCmdResp1
                0x0000000008007c98      0x1cc Drivers/STM32F7xx_HAL_Driver/Src/stm32f7xx_ll_sdmmc.o
 .text.SDMMC_GetCmdResp2
                0x0000000008007e64       0x80 Drivers/STM32F7xx_HAL_Driver/Src/stm32f7xx_ll_sdmmc.o
 .text.SDMMC_GetCmdResp3
                0x0000000008007ee4       0x68 Drivers/STM32F7xx_HAL_Driver/Src/stm32f7xx_ll_sdmmc.o
 .text.SDMMC_GetCmdResp6
                0x0000000008007f4c       0xdc Drivers/STM32F7xx_HAL_Driver/Src/stm32f7xx_ll_sdmmc.o
 .text.SDMMC_GetCmdResp7
                0x0000000008008028       0x74 Drivers/STM32F7xx_HAL_Driver/Src/stm32f7xx_ll_sdmmc.o
 .text.MX_FATFS_Init
                0x000000000800809c       0x24 FATFS/App/fatfs.o
                0x000000000800809c                MX_FATFS_Init
 .text.BSP_PlatformIsDetected
                0x00000000080080c0       0x2c FATFS/Target/fatfs_platform.o
                0x00000000080080c0                BSP_PlatformIsDetected
 .text.SD_CheckStatus
                0x00000000080080ec       0x3c FATFS/Target/sd_diskio.o
 .text.SD_initialize
                0x0000000008008128       0x3c FATFS/Target/sd_diskio.o
                0x0000000008008128                SD_initialize
 .text.SD_status
                0x0000000008008164       0x1c FATFS/Target/sd_diskio.o
                0x0000000008008164                SD_status
 .text.SD_read  0x0000000008008180       0x42 FATFS/Target/sd_diskio.o
                0x0000000008008180                SD_read
 .text.SD_write
                0x00000000080081c2       0x42 FATFS/Target/sd_diskio.o
                0x00000000080081c2                SD_write
 .text.SD_ioctl
                0x0000000008008204       0xb0 FATFS/Target/sd_diskio.o
                0x0000000008008204                SD_ioctl
 .text.FATFS_LinkDriverEx
                0x00000000080082b4       0x98 Middlewares/Third_Party/FatFs/src/ff_gen_drv.o
                0x00000000080082b4                FATFS_LinkDriverEx
 .text.FATFS_LinkDriver
                0x000000000800834c       0x1e Middlewares/Third_Party/FatFs/src/ff_gen_drv.o
                0x000000000800834c                FATFS_LinkDriver
 *fill*         0x000000000800836a        0x2 
 .text.__libc_init_array
                0x000000000800836c       0x48 d:/programs/stm32cubeide_1.2.0/stm32cubeide/plugins/com.st.stm32cube.ide.mcu.externaltools.gnu-tools-for-stm32.7-2018-q2-update.win32_1.0.0.201904181610/tools/bin/../lib/gcc/arm-none-eabi/7.3.1/../../../../arm-none-eabi/lib/thumb/v7e-m/fpv4-sp/hard\libc_nano.a(lib_a-init.o)
                0x000000000800836c                __libc_init_array
 .text.memset   0x00000000080083b4       0x10 d:/programs/stm32cubeide_1.2.0/stm32cubeide/plugins/com.st.stm32cube.ide.mcu.externaltools.gnu-tools-for-stm32.7-2018-q2-update.win32_1.0.0.201904181610/tools/bin/../lib/gcc/arm-none-eabi/7.3.1/../../../../arm-none-eabi/lib/thumb/v7e-m/fpv4-sp/hard\libc_nano.a(lib_a-memset.o)
                0x00000000080083b4                memset
 *(.glue_7)
 .glue_7        0x00000000080083c4        0x0 linker stubs
 *(.glue_7t)
 .glue_7t       0x00000000080083c4        0x0 linker stubs
 *(.eh_frame)
 .eh_frame      0x00000000080083c4        0x0 d:/programs/stm32cubeide_1.2.0/stm32cubeide/plugins/com.st.stm32cube.ide.mcu.externaltools.gnu-tools-for-stm32.7-2018-q2-update.win32_1.0.0.201904181610/tools/bin/../lib/gcc/arm-none-eabi/7.3.1/thumb/v7e-m/fpv4-sp/hard/crtbegin.o
 *(.init)
 .init          0x00000000080083c4        0x4 d:/programs/stm32cubeide_1.2.0/stm32cubeide/plugins/com.st.stm32cube.ide.mcu.externaltools.gnu-tools-for-stm32.7-2018-q2-update.win32_1.0.0.201904181610/tools/bin/../lib/gcc/arm-none-eabi/7.3.1/thumb/v7e-m/fpv4-sp/hard/crti.o
                0x00000000080083c4                _init
 .init          0x00000000080083c8        0x8 d:/programs/stm32cubeide_1.2.0/stm32cubeide/plugins/com.st.stm32cube.ide.mcu.externaltools.gnu-tools-for-stm32.7-2018-q2-update.win32_1.0.0.201904181610/tools/bin/../lib/gcc/arm-none-eabi/7.3.1/thumb/v7e-m/fpv4-sp/hard/crtn.o
 *(.fini)
 .fini          0x00000000080083d0        0x4 d:/programs/stm32cubeide_1.2.0/stm32cubeide/plugins/com.st.stm32cube.ide.mcu.externaltools.gnu-tools-for-stm32.7-2018-q2-update.win32_1.0.0.201904181610/tools/bin/../lib/gcc/arm-none-eabi/7.3.1/thumb/v7e-m/fpv4-sp/hard/crti.o
                0x00000000080083d0                _fini
 .fini          0x00000000080083d4        0x8 d:/programs/stm32cubeide_1.2.0/stm32cubeide/plugins/com.st.stm32cube.ide.mcu.externaltools.gnu-tools-for-stm32.7-2018-q2-update.win32_1.0.0.201904181610/tools/bin/../lib/gcc/arm-none-eabi/7.3.1/thumb/v7e-m/fpv4-sp/hard/crtn.o
                0x00000000080083dc                . = ALIGN (0x4)
                0x00000000080083dc                _etext = .

.vfp11_veneer   0x00000000080083dc        0x0
 .vfp11_veneer  0x00000000080083dc        0x0 linker stubs

.v4_bx          0x00000000080083dc        0x0
 .v4_bx         0x00000000080083dc        0x0 linker stubs

.iplt           0x00000000080083dc        0x0
 .iplt          0x00000000080083dc        0x0 d:/programs/stm32cubeide_1.2.0/stm32cubeide/plugins/com.st.stm32cube.ide.mcu.externaltools.gnu-tools-for-stm32.7-2018-q2-update.win32_1.0.0.201904181610/tools/bin/../lib/gcc/arm-none-eabi/7.3.1/thumb/v7e-m/fpv4-sp/hard/crtbegin.o

.rodata         0x00000000080083dc       0x34
                0x00000000080083dc                . = ALIGN (0x4)
 *(.rodata)
 *(.rodata*)
 .rodata.AHBPrescTable
                0x00000000080083dc       0x10 Core/Src/system_stm32f7xx.o
                0x00000000080083dc                AHBPrescTable
 .rodata.APBPrescTable
                0x00000000080083ec        0x8 Core/Src/system_stm32f7xx.o
                0x00000000080083ec                APBPrescTable
 .rodata.flagBitshiftOffset.9268
                0x00000000080083f4        0x8 Drivers/STM32F7xx_HAL_Driver/Src/stm32f7xx_hal_dma.o
 .rodata.SD_Driver
                0x00000000080083fc       0x14 FATFS/Target/sd_diskio.o
                0x00000000080083fc                SD_Driver
                0x0000000008008410                . = ALIGN (0x4)

.ARM.extab      0x0000000008008410        0x0
                0x0000000008008410                . = ALIGN (0x4)
 *(.ARM.extab* .gnu.linkonce.armextab.*)
                0x0000000008008410                . = ALIGN (0x4)

.ARM            0x0000000008008410        0x8
                0x0000000008008410                . = ALIGN (0x4)
                0x0000000008008410                __exidx_start = .
 *(.ARM.exidx*)
 .ARM.exidx     0x0000000008008410        0x8 d:/programs/stm32cubeide_1.2.0/stm32cubeide/plugins/com.st.stm32cube.ide.mcu.externaltools.gnu-tools-for-stm32.7-2018-q2-update.win32_1.0.0.201904181610/tools/bin/../lib/gcc/arm-none-eabi/7.3.1/thumb/v7e-m/fpv4-sp/hard\libgcc.a(_udivmoddi4.o)
                0x0000000008008418                __exidx_end = .
                0x0000000008008418                . = ALIGN (0x4)

.rel.dyn        0x0000000008008418        0x0
 .rel.iplt      0x0000000008008418        0x0 d:/programs/stm32cubeide_1.2.0/stm32cubeide/plugins/com.st.stm32cube.ide.mcu.externaltools.gnu-tools-for-stm32.7-2018-q2-update.win32_1.0.0.201904181610/tools/bin/../lib/gcc/arm-none-eabi/7.3.1/thumb/v7e-m/fpv4-sp/hard/crtbegin.o

.preinit_array  0x0000000008008418        0x0
                0x0000000008008418                . = ALIGN (0x4)
                0x0000000008008418                PROVIDE (__preinit_array_start = .)
 *(.preinit_array*)
                0x0000000008008418                PROVIDE (__preinit_array_end = .)
                0x0000000008008418                . = ALIGN (0x4)

.init_array     0x0000000008008418        0x4
                0x0000000008008418                . = ALIGN (0x4)
                0x0000000008008418                PROVIDE (__init_array_start = .)
 *(SORT_BY_NAME(.init_array.*))
 *(.init_array*)
 .init_array    0x0000000008008418        0x4 d:/programs/stm32cubeide_1.2.0/stm32cubeide/plugins/com.st.stm32cube.ide.mcu.externaltools.gnu-tools-for-stm32.7-2018-q2-update.win32_1.0.0.201904181610/tools/bin/../lib/gcc/arm-none-eabi/7.3.1/thumb/v7e-m/fpv4-sp/hard/crtbegin.o
                0x000000000800841c                PROVIDE (__init_array_end = .)
                0x000000000800841c                . = ALIGN (0x4)

.fini_array     0x000000000800841c        0x4
                0x000000000800841c                . = ALIGN (0x4)
                [!provide]                        PROVIDE (__fini_array_start = .)
 *(SORT_BY_NAME(.fini_array.*))
 *(.fini_array*)
 .fini_array    0x000000000800841c        0x4 d:/programs/stm32cubeide_1.2.0/stm32cubeide/plugins/com.st.stm32cube.ide.mcu.externaltools.gnu-tools-for-stm32.7-2018-q2-update.win32_1.0.0.201904181610/tools/bin/../lib/gcc/arm-none-eabi/7.3.1/thumb/v7e-m/fpv4-sp/hard/crtbegin.o
                [!provide]                        PROVIDE (__fini_array_end = .)
                0x0000000008008420                . = ALIGN (0x4)
                0x0000000008008420                _sidata = LOADADDR (.data)

.data           0x0000000020000000        0xc load address 0x0000000008008420
                0x0000000020000000                . = ALIGN (0x4)
                0x0000000020000000                _sdata = .
 *(.data)
 *(.data*)
 .data.SystemCoreClock
                0x0000000020000000        0x4 Core/Src/system_stm32f7xx.o
                0x0000000020000000                SystemCoreClock
 .data.uwTickPrio
                0x0000000020000004        0x4 Drivers/STM32F7xx_HAL_Driver/Src/stm32f7xx_hal.o
                0x0000000020000004                uwTickPrio
 .data.uwTickFreq
                0x0000000020000008        0x1 Drivers/STM32F7xx_HAL_Driver/Src/stm32f7xx_hal.o
                0x0000000020000008                uwTickFreq
 .data.Stat     0x0000000020000009        0x1 FATFS/Target/sd_diskio.o
                0x000000002000000c                . = ALIGN (0x4)
 *fill*         0x000000002000000a        0x2 
                0x000000002000000c                _edata = .

.igot.plt       0x000000002000000c        0x0 load address 0x000000000800842c
 .igot.plt      0x000000002000000c        0x0 d:/programs/stm32cubeide_1.2.0/stm32cubeide/plugins/com.st.stm32cube.ide.mcu.externaltools.gnu-tools-for-stm32.7-2018-q2-update.win32_1.0.0.201904181610/tools/bin/../lib/gcc/arm-none-eabi/7.3.1/thumb/v7e-m/fpv4-sp/hard/crtbegin.o
                0x000000002000000c                . = ALIGN (0x4)

.bss            0x000000002000000c      0xdd4 load address 0x000000000800842c
                0x000000002000000c                _sbss = .
                0x000000002000000c                __bss_start__ = _sbss
 *(.bss)
 .bss           0x000000002000000c       0x1c d:/programs/stm32cubeide_1.2.0/stm32cubeide/plugins/com.st.stm32cube.ide.mcu.externaltools.gnu-tools-for-stm32.7-2018-q2-update.win32_1.0.0.201904181610/tools/bin/../lib/gcc/arm-none-eabi/7.3.1/thumb/v7e-m/fpv4-sp/hard/crtbegin.o
 *(.bss*)
 .bss.disk      0x0000000020000028        0xc Middlewares/Third_Party/FatFs/src/ff_gen_drv.o
                0x0000000020000028                disk
 *(COMMON)
 COMMON         0x0000000020000034       0xa8 Core/Src/adc.o
                0x0000000020000034                hadc1
                0x000000002000007c                hdma_adc1
 COMMON         0x00000000200000dc       0x74 Core/Src/dac.o
                0x00000000200000dc                hdac
                0x00000000200000f0                hdma_dac2
 COMMON         0x0000000020000150       0xf8 Core/Src/i2c.o
                0x0000000020000150                hi2c3
                0x000000002000019c                hdma_i2c3_rx
                0x00000000200001fc                hi2c1
 COMMON         0x0000000020000248      0x144 Core/Src/sdmmc.o
                0x0000000020000248                hsd1
                0x00000000200002cc                hdma_sdmmc1_rx
                0x000000002000032c                hdma_sdmmc1_tx
 COMMON         0x000000002000038c      0x248 Core/Src/spi.o
                0x000000002000038c                hspi2
                0x00000000200003f0                hdma_spi2_rx
                0x0000000020000450                hspi3
                0x00000000200004b4                hdma_spi3_tx
                0x0000000020000514                hdma_spi2_tx
                0x0000000020000574                hdma_spi3_rx
 COMMON         0x00000000200005d4      0x180 Core/Src/tim.o
                0x00000000200005d4                htim4
                0x0000000020000614                htim5
                0x0000000020000654                htim3
                0x0000000020000694                htim6
                0x00000000200006d4                htim2
                0x0000000020000714                htim7
 COMMON         0x0000000020000754      0x220 Core/Src/usart.o
                0x0000000020000754                hdma_usart2_rx
                0x00000000200007b4                hdma_usart1_tx
                0x0000000020000814                hdma_usart1_rx
                0x0000000020000874                huart1
                0x00000000200008f4                huart2
 COMMON         0x0000000020000974        0x4 Drivers/STM32F7xx_HAL_Driver/Src/stm32f7xx_hal.o
                0x0000000020000974                uwTick
 COMMON         0x0000000020000978      0x468 FATFS/App/fatfs.o
                0x0000000020000978                retSD
                0x000000002000097c                SDPath
                0x0000000020000980                SDFile
                0x0000000020000bb0                SDFatFS
                0x0000000020000de0                . = ALIGN (0x4)
                0x0000000020000de0                _ebss = .
                0x0000000020000de0                __bss_end__ = _ebss

._user_heap_stack
                0x0000000020000de0     0x6000 load address 0x000000000800842c
                0x0000000020000de0                . = ALIGN (0x8)
                0x0000000020000de0                PROVIDE (end = .)
                [!provide]                        PROVIDE (_end = .)
                0x0000000020002de0                . = (. + _Min_Heap_Size)
 *fill*         0x0000000020000de0     0x2000 
                0x0000000020006de0                . = (. + _Min_Stack_Size)
 *fill*         0x0000000020002de0     0x4000 
                0x0000000020006de0                . = ALIGN (0x8)

/DISCARD/
 libc.a(*)
 libm.a(*)
 libgcc.a(*)

.ARM.attributes
                0x0000000000000000       0x30
 *(.ARM.attributes)
 .ARM.attributes
                0x0000000000000000       0x22 d:/programs/stm32cubeide_1.2.0/stm32cubeide/plugins/com.st.stm32cube.ide.mcu.externaltools.gnu-tools-for-stm32.7-2018-q2-update.win32_1.0.0.201904181610/tools/bin/../lib/gcc/arm-none-eabi/7.3.1/thumb/v7e-m/fpv4-sp/hard/crti.o
 .ARM.attributes
                0x0000000000000022       0x34 d:/programs/stm32cubeide_1.2.0/stm32cubeide/plugins/com.st.stm32cube.ide.mcu.externaltools.gnu-tools-for-stm32.7-2018-q2-update.win32_1.0.0.201904181610/tools/bin/../lib/gcc/arm-none-eabi/7.3.1/thumb/v7e-m/fpv4-sp/hard/crtbegin.o
 .ARM.attributes
                0x0000000000000056       0x39 Core/Src/adc.o
 .ARM.attributes
                0x000000000000008f       0x39 Core/Src/bsp_driver_sd.o
 .ARM.attributes
                0x00000000000000c8       0x39 Core/Src/dac.o
 .ARM.attributes
                0x0000000000000101       0x39 Core/Src/dma.o
 .ARM.attributes
                0x000000000000013a       0x39 Core/Src/gpio.o
 .ARM.attributes
                0x0000000000000173       0x39 Core/Src/i2c.o
 .ARM.attributes
                0x00000000000001ac       0x39 Core/Src/main.o
 .ARM.attributes
                0x00000000000001e5       0x39 Core/Src/sdmmc.o
 .ARM.attributes
                0x000000000000021e       0x39 Core/Src/spi.o
 .ARM.attributes
                0x0000000000000257       0x39 Core/Src/stm32f7xx_hal_msp.o
 .ARM.attributes
                0x0000000000000290       0x39 Core/Src/stm32f7xx_it.o
 .ARM.attributes
                0x00000000000002c9       0x39 Core/Src/system_stm32f7xx.o
 .ARM.attributes
                0x0000000000000302       0x39 Core/Src/tim.o
 .ARM.attributes
                0x000000000000033b       0x39 Core/Src/usart.o
 .ARM.attributes
                0x0000000000000374       0x21 Core/Startup/startup_stm32f722retx.o
 .ARM.attributes
                0x0000000000000395       0x39 Drivers/STM32F7xx_HAL_Driver/Src/stm32f7xx_hal.o
 .ARM.attributes
                0x00000000000003ce       0x39 Drivers/STM32F7xx_HAL_Driver/Src/stm32f7xx_hal_adc.o
 .ARM.attributes
                0x0000000000000407       0x39 Drivers/STM32F7xx_HAL_Driver/Src/stm32f7xx_hal_cortex.o
 .ARM.attributes
                0x0000000000000440       0x39 Drivers/STM32F7xx_HAL_Driver/Src/stm32f7xx_hal_dac.o
 .ARM.attributes
                0x0000000000000479       0x39 Drivers/STM32F7xx_HAL_Driver/Src/stm32f7xx_hal_dma.o
 .ARM.attributes
                0x00000000000004b2       0x39 Drivers/STM32F7xx_HAL_Driver/Src/stm32f7xx_hal_gpio.o
 .ARM.attributes
                0x00000000000004eb       0x39 Drivers/STM32F7xx_HAL_Driver/Src/stm32f7xx_hal_i2c.o
 .ARM.attributes
                0x0000000000000524       0x39 Drivers/STM32F7xx_HAL_Driver/Src/stm32f7xx_hal_i2c_ex.o
 .ARM.attributes
                0x000000000000055d       0x39 Drivers/STM32F7xx_HAL_Driver/Src/stm32f7xx_hal_pwr_ex.o
 .ARM.attributes
                0x0000000000000596       0x39 Drivers/STM32F7xx_HAL_Driver/Src/stm32f7xx_hal_rcc.o
 .ARM.attributes
                0x00000000000005cf       0x39 Drivers/STM32F7xx_HAL_Driver/Src/stm32f7xx_hal_rcc_ex.o
 .ARM.attributes
                0x0000000000000608       0x39 Drivers/STM32F7xx_HAL_Driver/Src/stm32f7xx_hal_sd.o
 .ARM.attributes
                0x0000000000000641       0x39 Drivers/STM32F7xx_HAL_Driver/Src/stm32f7xx_hal_spi.o
 .ARM.attributes
                0x000000000000067a       0x39 Drivers/STM32F7xx_HAL_Driver/Src/stm32f7xx_hal_tim.o
 .ARM.attributes
                0x00000000000006b3       0x39 Drivers/STM32F7xx_HAL_Driver/Src/stm32f7xx_hal_tim_ex.o
 .ARM.attributes
                0x00000000000006ec       0x39 Drivers/STM32F7xx_HAL_Driver/Src/stm32f7xx_hal_uart.o
 .ARM.attributes
                0x0000000000000725       0x39 Drivers/STM32F7xx_HAL_Driver/Src/stm32f7xx_ll_sdmmc.o
 .ARM.attributes
                0x000000000000075e       0x39 FATFS/App/fatfs.o
 .ARM.attributes
                0x0000000000000797       0x39 FATFS/Target/fatfs_platform.o
 .ARM.attributes
                0x00000000000007d0       0x39 FATFS/Target/sd_diskio.o
 .ARM.attributes
                0x0000000000000809       0x39 Middlewares/Third_Party/FatFs/src/ff_gen_drv.o
 .ARM.attributes
                0x0000000000000842       0x34 d:/programs/stm32cubeide_1.2.0/stm32cubeide/plugins/com.st.stm32cube.ide.mcu.externaltools.gnu-tools-for-stm32.7-2018-q2-update.win32_1.0.0.201904181610/tools/bin/../lib/gcc/arm-none-eabi/7.3.1/../../../../arm-none-eabi/lib/thumb/v7e-m/fpv4-sp/hard\libc_nano.a(lib_a-init.o)
 .ARM.attributes
                0x0000000000000876       0x34 d:/programs/stm32cubeide_1.2.0/stm32cubeide/plugins/com.st.stm32cube.ide.mcu.externaltools.gnu-tools-for-stm32.7-2018-q2-update.win32_1.0.0.201904181610/tools/bin/../lib/gcc/arm-none-eabi/7.3.1/../../../../arm-none-eabi/lib/thumb/v7e-m/fpv4-sp/hard\libc_nano.a(lib_a-memset.o)
 .ARM.attributes
                0x00000000000008aa       0x22 d:/programs/stm32cubeide_1.2.0/stm32cubeide/plugins/com.st.stm32cube.ide.mcu.externaltools.gnu-tools-for-stm32.7-2018-q2-update.win32_1.0.0.201904181610/tools/bin/../lib/gcc/arm-none-eabi/7.3.1/thumb/v7e-m/fpv4-sp/hard\libgcc.a(_aeabi_uldivmod.o)
 .ARM.attributes
                0x00000000000008cc       0x34 d:/programs/stm32cubeide_1.2.0/stm32cubeide/plugins/com.st.stm32cube.ide.mcu.externaltools.gnu-tools-for-stm32.7-2018-q2-update.win32_1.0.0.201904181610/tools/bin/../lib/gcc/arm-none-eabi/7.3.1/thumb/v7e-m/fpv4-sp/hard\libgcc.a(_udivmoddi4.o)
 .ARM.attributes
                0x0000000000000900       0x22 d:/programs/stm32cubeide_1.2.0/stm32cubeide/plugins/com.st.stm32cube.ide.mcu.externaltools.gnu-tools-for-stm32.7-2018-q2-update.win32_1.0.0.201904181610/tools/bin/../lib/gcc/arm-none-eabi/7.3.1/thumb/v7e-m/fpv4-sp/hard\libgcc.a(_dvmd_tls.o)
 .ARM.attributes
                0x0000000000000922       0x22 d:/programs/stm32cubeide_1.2.0/stm32cubeide/plugins/com.st.stm32cube.ide.mcu.externaltools.gnu-tools-for-stm32.7-2018-q2-update.win32_1.0.0.201904181610/tools/bin/../lib/gcc/arm-none-eabi/7.3.1/thumb/v7e-m/fpv4-sp/hard/crtn.o
OUTPUT(FlightcontrollerV2.elf elf32-littlearm)

.debug_info     0x0000000000000000    0x1ee4b
 .debug_info    0x0000000000000000      0xa18 Core/Src/adc.o
 .debug_info    0x0000000000000a18      0xa74 Core/Src/bsp_driver_sd.o
 .debug_info    0x000000000000148c      0x92f Core/Src/dac.o
 .debug_info    0x0000000000001dbb      0x5c5 Core/Src/dma.o
 .debug_info    0x0000000000002380      0x747 Core/Src/gpio.o
 .debug_info    0x0000000000002ac7      0xac5 Core/Src/i2c.o
 .debug_info    0x000000000000358c     0x2775 Core/Src/main.o
 .debug_info    0x0000000000005d01      0xd2a Core/Src/sdmmc.o
 .debug_info    0x0000000000006a2b      0xadf Core/Src/spi.o
 .debug_info    0x000000000000750a      0x389 Core/Src/stm32f7xx_hal_msp.o
 .debug_info    0x0000000000007893     0x1579 Core/Src/stm32f7xx_it.o
 .debug_info    0x0000000000008e0c      0x73d Core/Src/system_stm32f7xx.o
 .debug_info    0x0000000000009549      0xff9 Core/Src/tim.o
 .debug_info    0x000000000000a542      0xd18 Core/Src/usart.o
 .debug_info    0x000000000000b25a       0x22 Core/Startup/startup_stm32f722retx.o
 .debug_info    0x000000000000b27c      0x97c Drivers/STM32F7xx_HAL_Driver/Src/stm32f7xx_hal.o
 .debug_info    0x000000000000bbf8      0xc9d Drivers/STM32F7xx_HAL_Driver/Src/stm32f7xx_hal_adc.o
 .debug_info    0x000000000000c895     0x1002 Drivers/STM32F7xx_HAL_Driver/Src/stm32f7xx_hal_cortex.o
 .debug_info    0x000000000000d897      0xa3a Drivers/STM32F7xx_HAL_Driver/Src/stm32f7xx_hal_dac.o
 .debug_info    0x000000000000e2d1      0x968 Drivers/STM32F7xx_HAL_Driver/Src/stm32f7xx_hal_dma.o
 .debug_info    0x000000000000ec39      0x7dc Drivers/STM32F7xx_HAL_Driver/Src/stm32f7xx_hal_gpio.o
 .debug_info    0x000000000000f415     0x1fb9 Drivers/STM32F7xx_HAL_Driver/Src/stm32f7xx_hal_i2c.o
 .debug_info    0x00000000000113ce      0x9ee Drivers/STM32F7xx_HAL_Driver/Src/stm32f7xx_hal_i2c_ex.o
 .debug_info    0x0000000000011dbc      0x96b Drivers/STM32F7xx_HAL_Driver/Src/stm32f7xx_hal_pwr_ex.o
 .debug_info    0x0000000000012727      0x933 Drivers/STM32F7xx_HAL_Driver/Src/stm32f7xx_hal_rcc.o
 .debug_info    0x000000000001305a      0x79a Drivers/STM32F7xx_HAL_Driver/Src/stm32f7xx_hal_rcc_ex.o
 .debug_info    0x00000000000137f4     0x17c8 Drivers/STM32F7xx_HAL_Driver/Src/stm32f7xx_hal_sd.o
 .debug_info    0x0000000000014fbc     0x166a Drivers/STM32F7xx_HAL_Driver/Src/stm32f7xx_hal_spi.o
 .debug_info    0x0000000000016626     0x25a0 Drivers/STM32F7xx_HAL_Driver/Src/stm32f7xx_hal_tim.o
 .debug_info    0x0000000000018bc6     0x121c Drivers/STM32F7xx_HAL_Driver/Src/stm32f7xx_hal_tim_ex.o
 .debug_info    0x0000000000019de2     0x1639 Drivers/STM32F7xx_HAL_Driver/Src/stm32f7xx_hal_uart.o
 .debug_info    0x000000000001b41b     0x10bd Drivers/STM32F7xx_HAL_Driver/Src/stm32f7xx_ll_sdmmc.o
 .debug_info    0x000000000001c4d8      0xd86 FATFS/App/fatfs.o
 .debug_info    0x000000000001d25e      0x265 FATFS/Target/fatfs_platform.o
 .debug_info    0x000000000001d4c3      0xd14 FATFS/Target/sd_diskio.o
 .debug_info    0x000000000001e1d7      0xc74 Middlewares/Third_Party/FatFs/src/ff_gen_drv.o

.debug_abbrev   0x0000000000000000     0x401a
 .debug_abbrev  0x0000000000000000      0x1aa Core/Src/adc.o
 .debug_abbrev  0x00000000000001aa      0x234 Core/Src/bsp_driver_sd.o
 .debug_abbrev  0x00000000000003de      0x1aa Core/Src/dac.o
 .debug_abbrev  0x0000000000000588      0x112 Core/Src/dma.o
 .debug_abbrev  0x000000000000069a      0x13d Core/Src/gpio.o
 .debug_abbrev  0x00000000000007d7      0x1b5 Core/Src/i2c.o
 .debug_abbrev  0x000000000000098c      0x22d Core/Src/main.o
 .debug_abbrev  0x0000000000000bb9      0x1b3 Core/Src/sdmmc.o
 .debug_abbrev  0x0000000000000d6c      0x1aa Core/Src/spi.o
 .debug_abbrev  0x0000000000000f16      0x109 Core/Src/stm32f7xx_hal_msp.o
 .debug_abbrev  0x000000000000101f      0x19d Core/Src/stm32f7xx_it.o
 .debug_abbrev  0x00000000000011bc      0x147 Core/Src/system_stm32f7xx.o
 .debug_abbrev  0x0000000000001303      0x205 Core/Src/tim.o
 .debug_abbrev  0x0000000000001508      0x1b3 Core/Src/usart.o
 .debug_abbrev  0x00000000000016bb       0x12 Core/Startup/startup_stm32f722retx.o
 .debug_abbrev  0x00000000000016cd      0x1c7 Drivers/STM32F7xx_HAL_Driver/Src/stm32f7xx_hal.o
 .debug_abbrev  0x0000000000001894      0x205 Drivers/STM32F7xx_HAL_Driver/Src/stm32f7xx_hal_adc.o
 .debug_abbrev  0x0000000000001a99      0x2fa Drivers/STM32F7xx_HAL_Driver/Src/stm32f7xx_hal_cortex.o
 .debug_abbrev  0x0000000000001d93      0x1e4 Drivers/STM32F7xx_HAL_Driver/Src/stm32f7xx_hal_dac.o
 .debug_abbrev  0x0000000000001f77      0x229 Drivers/STM32F7xx_HAL_Driver/Src/stm32f7xx_hal_dma.o
 .debug_abbrev  0x00000000000021a0      0x1c9 Drivers/STM32F7xx_HAL_Driver/Src/stm32f7xx_hal_gpio.o
 .debug_abbrev  0x0000000000002369      0x22a Drivers/STM32F7xx_HAL_Driver/Src/stm32f7xx_hal_i2c.o
 .debug_abbrev  0x0000000000002593      0x19b Drivers/STM32F7xx_HAL_Driver/Src/stm32f7xx_hal_i2c_ex.o
 .debug_abbrev  0x000000000000272e      0x1b8 Drivers/STM32F7xx_HAL_Driver/Src/stm32f7xx_hal_pwr_ex.o
 .debug_abbrev  0x00000000000028e6      0x21a Drivers/STM32F7xx_HAL_Driver/Src/stm32f7xx_hal_rcc.o
 .debug_abbrev  0x0000000000002b00      0x18f Drivers/STM32F7xx_HAL_Driver/Src/stm32f7xx_hal_rcc_ex.o
 .debug_abbrev  0x0000000000002c8f      0x23d Drivers/STM32F7xx_HAL_Driver/Src/stm32f7xx_hal_sd.o
 .debug_abbrev  0x0000000000002ecc      0x228 Drivers/STM32F7xx_HAL_Driver/Src/stm32f7xx_hal_spi.o
 .debug_abbrev  0x00000000000030f4      0x230 Drivers/STM32F7xx_HAL_Driver/Src/stm32f7xx_hal_tim.o
 .debug_abbrev  0x0000000000003324      0x21e Drivers/STM32F7xx_HAL_Driver/Src/stm32f7xx_hal_tim_ex.o
 .debug_abbrev  0x0000000000003542      0x205 Drivers/STM32F7xx_HAL_Driver/Src/stm32f7xx_hal_uart.o
 .debug_abbrev  0x0000000000003747      0x1cd Drivers/STM32F7xx_HAL_Driver/Src/stm32f7xx_ll_sdmmc.o
 .debug_abbrev  0x0000000000003914      0x1df FATFS/App/fatfs.o
 .debug_abbrev  0x0000000000003af3       0xf7 FATFS/Target/fatfs_platform.o
 .debug_abbrev  0x0000000000003bea      0x1fa FATFS/Target/sd_diskio.o
 .debug_abbrev  0x0000000000003de4      0x236 Middlewares/Third_Party/FatFs/src/ff_gen_drv.o

.debug_aranges  0x0000000000000000     0x1968
 .debug_aranges
                0x0000000000000000       0x30 Core/Src/adc.o
 .debug_aranges
                0x0000000000000030       0x98 Core/Src/bsp_driver_sd.o
 .debug_aranges
                0x00000000000000c8       0x30 Core/Src/dac.o
 .debug_aranges
                0x00000000000000f8       0x20 Core/Src/dma.o
 .debug_aranges
                0x0000000000000118       0x20 Core/Src/gpio.o
 .debug_aranges
                0x0000000000000138       0x38 Core/Src/i2c.o
 .debug_aranges
                0x0000000000000170       0x30 Core/Src/main.o
 .debug_aranges
                0x00000000000001a0       0x30 Core/Src/sdmmc.o
 .debug_aranges
                0x00000000000001d0       0x38 Core/Src/spi.o
 .debug_aranges
                0x0000000000000208       0x20 Core/Src/stm32f7xx_hal_msp.o
 .debug_aranges
                0x0000000000000228       0xf0 Core/Src/stm32f7xx_it.o
 .debug_aranges
                0x0000000000000318       0x28 Core/Src/system_stm32f7xx.o
 .debug_aranges
                0x0000000000000340       0x70 Core/Src/tim.o
 .debug_aranges
                0x00000000000003b0       0x38 Core/Src/usart.o
 .debug_aranges
                0x00000000000003e8       0x28 Core/Startup/startup_stm32f722retx.o
 .debug_aranges
                0x0000000000000410      0x100 Drivers/STM32F7xx_HAL_Driver/Src/stm32f7xx_hal.o
 .debug_aranges
                0x0000000000000510       0xe8 Drivers/STM32F7xx_HAL_Driver/Src/stm32f7xx_hal_adc.o
 .debug_aranges
                0x00000000000005f8      0x118 Drivers/STM32F7xx_HAL_Driver/Src/stm32f7xx_hal_cortex.o
 .debug_aranges
                0x0000000000000710       0xc0 Drivers/STM32F7xx_HAL_Driver/Src/stm32f7xx_hal_dac.o
 .debug_aranges
                0x00000000000007d0       0x90 Drivers/STM32F7xx_HAL_Driver/Src/stm32f7xx_hal_dma.o
 .debug_aranges
                0x0000000000000860       0x58 Drivers/STM32F7xx_HAL_Driver/Src/stm32f7xx_hal_gpio.o
 .debug_aranges
                0x00000000000008b8      0x288 Drivers/STM32F7xx_HAL_Driver/Src/stm32f7xx_hal_i2c.o
 .debug_aranges
                0x0000000000000b40       0x38 Drivers/STM32F7xx_HAL_Driver/Src/stm32f7xx_hal_i2c_ex.o
 .debug_aranges
                0x0000000000000b78       0x80 Drivers/STM32F7xx_HAL_Driver/Src/stm32f7xx_hal_pwr_ex.o
 .debug_aranges
                0x0000000000000bf8       0x88 Drivers/STM32F7xx_HAL_Driver/Src/stm32f7xx_hal_rcc.o
 .debug_aranges
                0x0000000000000c80       0x50 Drivers/STM32F7xx_HAL_Driver/Src/stm32f7xx_hal_rcc_ex.o
 .debug_aranges
                0x0000000000000cd0      0x168 Drivers/STM32F7xx_HAL_Driver/Src/stm32f7xx_hal_sd.o
 .debug_aranges
                0x0000000000000e38      0x1d8 Drivers/STM32F7xx_HAL_Driver/Src/stm32f7xx_hal_spi.o
 .debug_aranges
                0x0000000000001010      0x3b8 Drivers/STM32F7xx_HAL_Driver/Src/stm32f7xx_hal_tim.o
 .debug_aranges
                0x00000000000013c8      0x160 Drivers/STM32F7xx_HAL_Driver/Src/stm32f7xx_hal_tim_ex.o
 .debug_aranges
                0x0000000000001528      0x1f8 Drivers/STM32F7xx_HAL_Driver/Src/stm32f7xx_hal_uart.o
 .debug_aranges
                0x0000000000001720      0x178 Drivers/STM32F7xx_HAL_Driver/Src/stm32f7xx_ll_sdmmc.o
 .debug_aranges
                0x0000000000001898       0x28 FATFS/App/fatfs.o
 .debug_aranges
                0x00000000000018c0       0x20 FATFS/Target/fatfs_platform.o
 .debug_aranges
                0x00000000000018e0       0x48 FATFS/Target/sd_diskio.o
 .debug_aranges
                0x0000000000001928       0x40 Middlewares/Third_Party/FatFs/src/ff_gen_drv.o

.debug_ranges   0x0000000000000000     0x1730
 .debug_ranges  0x0000000000000000       0x20 Core/Src/adc.o
 .debug_ranges  0x0000000000000020       0x88 Core/Src/bsp_driver_sd.o
 .debug_ranges  0x00000000000000a8       0x20 Core/Src/dac.o
 .debug_ranges  0x00000000000000c8       0x10 Core/Src/dma.o
 .debug_ranges  0x00000000000000d8       0x10 Core/Src/gpio.o
 .debug_ranges  0x00000000000000e8       0x28 Core/Src/i2c.o
 .debug_ranges  0x0000000000000110       0x20 Core/Src/main.o
 .debug_ranges  0x0000000000000130       0x20 Core/Src/sdmmc.o
 .debug_ranges  0x0000000000000150       0x28 Core/Src/spi.o
 .debug_ranges  0x0000000000000178       0x10 Core/Src/stm32f7xx_hal_msp.o
 .debug_ranges  0x0000000000000188       0xe0 Core/Src/stm32f7xx_it.o
 .debug_ranges  0x0000000000000268       0x18 Core/Src/system_stm32f7xx.o
 .debug_ranges  0x0000000000000280       0x60 Core/Src/tim.o
 .debug_ranges  0x00000000000002e0       0x28 Core/Src/usart.o
 .debug_ranges  0x0000000000000308       0x20 Core/Startup/startup_stm32f722retx.o
 .debug_ranges  0x0000000000000328       0xf0 Drivers/STM32F7xx_HAL_Driver/Src/stm32f7xx_hal.o
 .debug_ranges  0x0000000000000418       0xd8 Drivers/STM32F7xx_HAL_Driver/Src/stm32f7xx_hal_adc.o
 .debug_ranges  0x00000000000004f0      0x108 Drivers/STM32F7xx_HAL_Driver/Src/stm32f7xx_hal_cortex.o
 .debug_ranges  0x00000000000005f8       0xb0 Drivers/STM32F7xx_HAL_Driver/Src/stm32f7xx_hal_dac.o
 .debug_ranges  0x00000000000006a8       0x80 Drivers/STM32F7xx_HAL_Driver/Src/stm32f7xx_hal_dma.o
 .debug_ranges  0x0000000000000728       0x48 Drivers/STM32F7xx_HAL_Driver/Src/stm32f7xx_hal_gpio.o
 .debug_ranges  0x0000000000000770      0x278 Drivers/STM32F7xx_HAL_Driver/Src/stm32f7xx_hal_i2c.o
 .debug_ranges  0x00000000000009e8       0x28 Drivers/STM32F7xx_HAL_Driver/Src/stm32f7xx_hal_i2c_ex.o
 .debug_ranges  0x0000000000000a10       0x70 Drivers/STM32F7xx_HAL_Driver/Src/stm32f7xx_hal_pwr_ex.o
 .debug_ranges  0x0000000000000a80       0x78 Drivers/STM32F7xx_HAL_Driver/Src/stm32f7xx_hal_rcc.o
 .debug_ranges  0x0000000000000af8       0x40 Drivers/STM32F7xx_HAL_Driver/Src/stm32f7xx_hal_rcc_ex.o
 .debug_ranges  0x0000000000000b38      0x158 Drivers/STM32F7xx_HAL_Driver/Src/stm32f7xx_hal_sd.o
 .debug_ranges  0x0000000000000c90      0x1c8 Drivers/STM32F7xx_HAL_Driver/Src/stm32f7xx_hal_spi.o
 .debug_ranges  0x0000000000000e58      0x3a8 Drivers/STM32F7xx_HAL_Driver/Src/stm32f7xx_hal_tim.o
 .debug_ranges  0x0000000000001200      0x150 Drivers/STM32F7xx_HAL_Driver/Src/stm32f7xx_hal_tim_ex.o
 .debug_ranges  0x0000000000001350      0x1e8 Drivers/STM32F7xx_HAL_Driver/Src/stm32f7xx_hal_uart.o
 .debug_ranges  0x0000000000001538      0x168 Drivers/STM32F7xx_HAL_Driver/Src/stm32f7xx_ll_sdmmc.o
 .debug_ranges  0x00000000000016a0       0x18 FATFS/App/fatfs.o
 .debug_ranges  0x00000000000016b8       0x10 FATFS/Target/fatfs_platform.o
 .debug_ranges  0x00000000000016c8       0x38 FATFS/Target/sd_diskio.o
 .debug_ranges  0x0000000000001700       0x30 Middlewares/Third_Party/FatFs/src/ff_gen_drv.o

.debug_macro    0x0000000000000000    0x26bd4
 .debug_macro   0x0000000000000000      0x25c Core/Src/adc.o
 .debug_macro   0x000000000000025c      0xa5a Core/Src/adc.o
 .debug_macro   0x0000000000000cb6      0x1a1 Core/Src/adc.o
 .debug_macro   0x0000000000000e57       0x2e Core/Src/adc.o
 .debug_macro   0x0000000000000e85       0x3b Core/Src/adc.o
 .debug_macro   0x0000000000000ec0       0x22 Core/Src/adc.o
 .debug_macro   0x0000000000000ee2       0x8e Core/Src/adc.o
 .debug_macro   0x0000000000000f70       0x51 Core/Src/adc.o
 .debug_macro   0x0000000000000fc1       0xef Core/Src/adc.o
 .debug_macro   0x00000000000010b0       0x6a Core/Src/adc.o
 .debug_macro   0x000000000000111a      0x1df Core/Src/adc.o
 .debug_macro   0x00000000000012f9       0x1c Core/Src/adc.o
 .debug_macro   0x0000000000001315       0x22 Core/Src/adc.o
 .debug_macro   0x0000000000001337       0xdf Core/Src/adc.o
 .debug_macro   0x0000000000001416     0x12cd Core/Src/adc.o
 .debug_macro   0x00000000000026e3      0x11f Core/Src/adc.o
 .debug_macro   0x0000000000002802       0x19 Core/Src/adc.o
 .debug_macro   0x000000000000281b    0x15464 Core/Src/adc.o
 .debug_macro   0x0000000000017c7f       0x43 Core/Src/adc.o
 .debug_macro   0x0000000000017cc2     0x363d Core/Src/adc.o
 .debug_macro   0x000000000001b2ff      0x174 Core/Src/adc.o
 .debug_macro   0x000000000001b473       0x61 Core/Src/adc.o
 .debug_macro   0x000000000001b4d4     0x1588 Core/Src/adc.o
 .debug_macro   0x000000000001ca5c      0x6c4 Core/Src/adc.o
 .debug_macro   0x000000000001d120      0x103 Core/Src/adc.o
 .debug_macro   0x000000000001d223      0x117 Core/Src/adc.o
 .debug_macro   0x000000000001d33a      0x1d8 Core/Src/adc.o
 .debug_macro   0x000000000001d512       0x27 Core/Src/adc.o
 .debug_macro   0x000000000001d539      0x24f Core/Src/adc.o
 .debug_macro   0x000000000001d788       0x71 Core/Src/adc.o
 .debug_macro   0x000000000001d7f9       0x58 Core/Src/adc.o
 .debug_macro   0x000000000001d851      0x236 Core/Src/adc.o
 .debug_macro   0x000000000001da87      0x408 Core/Src/adc.o
 .debug_macro   0x000000000001de8f      0x161 Core/Src/adc.o
 .debug_macro   0x000000000001dff0      0x100 Core/Src/adc.o
 .debug_macro   0x000000000001e0f0       0xea Core/Src/adc.o
 .debug_macro   0x000000000001e1da       0xa0 Core/Src/adc.o
 .debug_macro   0x000000000001e27a       0x3c Core/Src/adc.o
 .debug_macro   0x000000000001e2b6      0x154 Core/Src/adc.o
 .debug_macro   0x000000000001e40a      0x2c4 Core/Src/adc.o
 .debug_macro   0x000000000001e6ce       0x12 Core/Src/adc.o
 .debug_macro   0x000000000001e6e0      0x22c Core/Src/adc.o
 .debug_macro   0x000000000001e90c       0x61 Core/Src/adc.o
 .debug_macro   0x000000000001e96d       0xa5 Core/Src/adc.o
 .debug_macro   0x000000000001ea12      0x12f Core/Src/adc.o
 .debug_macro   0x000000000001eb41      0x108 Core/Src/adc.o
 .debug_macro   0x000000000001ec49       0x35 Core/Src/adc.o
 .debug_macro   0x000000000001ec7e      0x757 Core/Src/adc.o
 .debug_macro   0x000000000001f3d5      0x19f Core/Src/adc.o
 .debug_macro   0x000000000001f574      0x2fe Core/Src/adc.o
 .debug_macro   0x000000000001f872      0x9e2 Core/Src/adc.o
 .debug_macro   0x0000000000020254       0x59 Core/Src/adc.o
 .debug_macro   0x00000000000202ad      0x519 Core/Src/adc.o
 .debug_macro   0x00000000000207c6       0x44 Core/Src/adc.o
 .debug_macro   0x000000000002080a      0x14e Core/Src/adc.o
 .debug_macro   0x0000000000020958      0x184 Core/Src/adc.o
 .debug_macro   0x0000000000020adc      0x25b Core/Src/bsp_driver_sd.o
 .debug_macro   0x0000000000020d37       0x1c Core/Src/bsp_driver_sd.o
 .debug_macro   0x0000000000020d53       0x3a Core/Src/bsp_driver_sd.o
 .debug_macro   0x0000000000020d8d      0x25c Core/Src/dac.o
 .debug_macro   0x0000000000020fe9      0x25c Core/Src/dma.o
 .debug_macro   0x0000000000021245      0x25c Core/Src/gpio.o
 .debug_macro   0x00000000000214a1      0x25c Core/Src/i2c.o
 .debug_macro   0x00000000000216fd      0x3e0 Core/Src/main.o
 .debug_macro   0x0000000000021add       0xe5 Core/Src/main.o
 .debug_macro   0x0000000000021bc2       0x18 Core/Src/main.o
 .debug_macro   0x0000000000021bda       0x46 Core/Src/main.o
 .debug_macro   0x0000000000021c20       0x3c Core/Src/main.o
 .debug_macro   0x0000000000021c5c       0x34 Core/Src/main.o
 .debug_macro   0x0000000000021c90       0x16 Core/Src/main.o
 .debug_macro   0x0000000000021ca6       0x35 Core/Src/main.o
 .debug_macro   0x0000000000021cdb       0x52 Core/Src/main.o
 .debug_macro   0x0000000000021d2d       0x1f Core/Src/main.o
 .debug_macro   0x0000000000021d4c       0x43 Core/Src/main.o
 .debug_macro   0x0000000000021d8f       0x20 Core/Src/main.o
 .debug_macro   0x0000000000021daf      0x1a3 Core/Src/main.o
 .debug_macro   0x0000000000021f52      0x32a Core/Src/main.o
 .debug_macro   0x000000000002227c       0x16 Core/Src/main.o
 .debug_macro   0x0000000000022292       0x29 Core/Src/main.o
 .debug_macro   0x00000000000222bb       0x12 Core/Src/main.o
 .debug_macro   0x00000000000222cd       0xe2 Core/Src/main.o
 .debug_macro   0x00000000000223af       0x8e Core/Src/main.o
 .debug_macro   0x000000000002243d      0x25c Core/Src/sdmmc.o
 .debug_macro   0x0000000000022699      0x25c Core/Src/spi.o
 .debug_macro   0x00000000000228f5      0x252 Core/Src/stm32f7xx_hal_msp.o
 .debug_macro   0x0000000000022b47      0x290 Core/Src/stm32f7xx_it.o
 .debug_macro   0x0000000000022dd7      0x184 Core/Src/stm32f7xx_it.o
 .debug_macro   0x0000000000022f5b       0x22 Core/Src/stm32f7xx_it.o
 .debug_macro   0x0000000000022f7d      0x249 Core/Src/system_stm32f7xx.o
 .debug_macro   0x00000000000231c6      0x25c Core/Src/tim.o
 .debug_macro   0x0000000000023422      0x25c Core/Src/usart.o
 .debug_macro   0x000000000002367e      0x267 Drivers/STM32F7xx_HAL_Driver/Src/stm32f7xx_hal.o
 .debug_macro   0x00000000000238e5      0x244 Drivers/STM32F7xx_HAL_Driver/Src/stm32f7xx_hal_adc.o
 .debug_macro   0x0000000000023b29      0x243 Drivers/STM32F7xx_HAL_Driver/Src/stm32f7xx_hal_cortex.o
 .debug_macro   0x0000000000023d6c      0x244 Drivers/STM32F7xx_HAL_Driver/Src/stm32f7xx_hal_dac.o
 .debug_macro   0x0000000000023fb0      0x249 Drivers/STM32F7xx_HAL_Driver/Src/stm32f7xx_hal_dma.o
 .debug_macro   0x00000000000241f9      0x279 Drivers/STM32F7xx_HAL_Driver/Src/stm32f7xx_hal_gpio.o
 .debug_macro   0x0000000000024472      0x308 Drivers/STM32F7xx_HAL_Driver/Src/stm32f7xx_hal_i2c.o
 .debug_macro   0x000000000002477a      0x243 Drivers/STM32F7xx_HAL_Driver/Src/stm32f7xx_hal_i2c_ex.o
 .debug_macro   0x00000000000249bd      0x25b Drivers/STM32F7xx_HAL_Driver/Src/stm32f7xx_hal_pwr_ex.o
 .debug_macro   0x0000000000024c18      0x267 Drivers/STM32F7xx_HAL_Driver/Src/stm32f7xx_hal_rcc.o
 .debug_macro   0x0000000000024e7f      0x243 Drivers/STM32F7xx_HAL_Driver/Src/stm32f7xx_hal_rcc_ex.o
 .debug_macro   0x00000000000250c2      0x244 Drivers/STM32F7xx_HAL_Driver/Src/stm32f7xx_hal_sd.o
 .debug_macro   0x0000000000025306      0x24b Drivers/STM32F7xx_HAL_Driver/Src/stm32f7xx_hal_spi.o
 .debug_macro   0x0000000000025551      0x244 Drivers/STM32F7xx_HAL_Driver/Src/stm32f7xx_hal_tim.o
 .debug_macro   0x0000000000025795      0x243 Drivers/STM32F7xx_HAL_Driver/Src/stm32f7xx_hal_tim_ex.o
 .debug_macro   0x00000000000259d8      0x260 Drivers/STM32F7xx_HAL_Driver/Src/stm32f7xx_hal_uart.o
 .debug_macro   0x0000000000025c38      0x244 Drivers/STM32F7xx_HAL_Driver/Src/stm32f7xx_ll_sdmmc.o
 .debug_macro   0x0000000000025e7c      0x382 FATFS/App/fatfs.o
 .debug_macro   0x00000000000261fe      0x24c FATFS/Target/fatfs_platform.o
 .debug_macro   0x000000000002644a      0x389 FATFS/Target/sd_diskio.o
 .debug_macro   0x00000000000267d3       0x16 FATFS/Target/sd_diskio.o
 .debug_macro   0x00000000000267e9       0x7c FATFS/Target/sd_diskio.o
 .debug_macro   0x0000000000026865      0x36f Middlewares/Third_Party/FatFs/src/ff_gen_drv.o

.debug_line     0x0000000000000000    0x187dd
 .debug_line    0x0000000000000000      0x80c Core/Src/adc.o
 .debug_line    0x000000000000080c      0x8fc Core/Src/bsp_driver_sd.o
 .debug_line    0x0000000000001108      0x7ff Core/Src/dac.o
 .debug_line    0x0000000000001907      0x7d7 Core/Src/dma.o
 .debug_line    0x00000000000020de      0x7f1 Core/Src/gpio.o
 .debug_line    0x00000000000028cf      0x846 Core/Src/i2c.o
 .debug_line    0x0000000000003115      0xa67 Core/Src/main.o
 .debug_line    0x0000000000003b7c      0x823 Core/Src/sdmmc.o
 .debug_line    0x000000000000439f      0x87d Core/Src/spi.o
 .debug_line    0x0000000000004c1c      0x7c5 Core/Src/stm32f7xx_hal_msp.o
 .debug_line    0x00000000000053e1      0x9e0 Core/Src/stm32f7xx_it.o
 .debug_line    0x0000000000005dc1      0x7e4 Core/Src/system_stm32f7xx.o
 .debug_line    0x00000000000065a5      0x941 Core/Src/tim.o
 .debug_line    0x0000000000006ee6      0x85b Core/Src/usart.o
 .debug_line    0x0000000000007741       0x86 Core/Startup/startup_stm32f722retx.o
 .debug_line    0x00000000000077c7      0x9ea Drivers/STM32F7xx_HAL_Driver/Src/stm32f7xx_hal.o
 .debug_line    0x00000000000081b1      0xc01 Drivers/STM32F7xx_HAL_Driver/Src/stm32f7xx_hal_adc.o
 .debug_line    0x0000000000008db2      0xaee Drivers/STM32F7xx_HAL_Driver/Src/stm32f7xx_hal_cortex.o
 .debug_line    0x00000000000098a0      0xa1e Drivers/STM32F7xx_HAL_Driver/Src/stm32f7xx_hal_dac.o
 .debug_line    0x000000000000a2be      0xa99 Drivers/STM32F7xx_HAL_Driver/Src/stm32f7xx_hal_dma.o
 .debug_line    0x000000000000ad57      0x9aa Drivers/STM32F7xx_HAL_Driver/Src/stm32f7xx_hal_gpio.o
 .debug_line    0x000000000000b701     0x1b4a Drivers/STM32F7xx_HAL_Driver/Src/stm32f7xx_hal_i2c.o
 .debug_line    0x000000000000d24b      0x883 Drivers/STM32F7xx_HAL_Driver/Src/stm32f7xx_hal_i2c_ex.o
 .debug_line    0x000000000000dace      0x90e Drivers/STM32F7xx_HAL_Driver/Src/stm32f7xx_hal_pwr_ex.o
 .debug_line    0x000000000000e3dc      0xa4e Drivers/STM32F7xx_HAL_Driver/Src/stm32f7xx_hal_rcc.o
 .debug_line    0x000000000000ee2a      0x9b6 Drivers/STM32F7xx_HAL_Driver/Src/stm32f7xx_hal_rcc_ex.o
 .debug_line    0x000000000000f7e0      0xfb9 Drivers/STM32F7xx_HAL_Driver/Src/stm32f7xx_hal_sd.o
 .debug_line    0x0000000000010799     0x1240 Drivers/STM32F7xx_HAL_Driver/Src/stm32f7xx_hal_spi.o
 .debug_line    0x00000000000119d9     0x1af2 Drivers/STM32F7xx_HAL_Driver/Src/stm32f7xx_hal_tim.o
 .debug_line    0x00000000000134cb      0xe4f Drivers/STM32F7xx_HAL_Driver/Src/stm32f7xx_hal_tim_ex.o
 .debug_line    0x000000000001431a     0x12d0 Drivers/STM32F7xx_HAL_Driver/Src/stm32f7xx_hal_uart.o
 .debug_line    0x00000000000155ea      0xc3e Drivers/STM32F7xx_HAL_Driver/Src/stm32f7xx_ll_sdmmc.o
 .debug_line    0x0000000000016228      0x9b8 FATFS/App/fatfs.o
 .debug_line    0x0000000000016be0      0x7d1 FATFS/Target/fatfs_platform.o
 .debug_line    0x00000000000173b1      0xa4a FATFS/Target/sd_diskio.o
 .debug_line    0x0000000000017dfb      0x9e2 Middlewares/Third_Party/FatFs/src/ff_gen_drv.o

.debug_str      0x0000000000000000    0xe584b
 .debug_str     0x0000000000000000    0xdae06 Core/Src/adc.o
                                      0xdb560 (size before relaxing)
 .debug_str     0x00000000000dae06      0x5a9 Core/Src/bsp_driver_sd.o
                                      0xdb1e7 (size before relaxing)
 .debug_str     0x00000000000db3af      0x19d Core/Src/dac.o
                                      0xdb4e3 (size before relaxing)
 .debug_str     0x00000000000db54c      0x516 Core/Src/dma.o
                                      0xdb588 (size before relaxing)
 .debug_str     0x00000000000dba62       0x46 Core/Src/gpio.o
                                      0xdb628 (size before relaxing)
 .debug_str     0x00000000000dbaa8      0x2b7 Core/Src/i2c.o
                                      0xdb665 (size before relaxing)
 .debug_str     0x00000000000dbd5f     0x3fd9 Core/Src/main.o
                                      0xdfd48 (size before relaxing)
 .debug_str     0x00000000000dfd38       0x6d Core/Src/sdmmc.o
                                      0xdbb1d (size before relaxing)
 .debug_str     0x00000000000dfda5       0x8c Core/Src/spi.o
                                      0xdb5d6 (size before relaxing)
 .debug_str     0x00000000000dfe31       0x2c Core/Src/stm32f7xx_hal_msp.o
                                      0xdb07c (size before relaxing)
 .debug_str     0x00000000000dfe5d      0x72d Core/Src/stm32f7xx_it.o
                                      0xdc41e (size before relaxing)
 .debug_str     0x00000000000e058a      0x18d Core/Src/system_stm32f7xx.o
                                      0xdabdb (size before relaxing)
 .debug_str     0x00000000000e0717      0x1f9 Core/Src/tim.o
                                      0xdbca5 (size before relaxing)
 .debug_str     0x00000000000e0910       0x6b Core/Src/usart.o
                                      0xdbadc (size before relaxing)
 .debug_str     0x00000000000e097b       0x36 Core/Startup/startup_stm32f722retx.o
                                         0x8a (size before relaxing)
 .debug_str     0x00000000000e09b1      0x36d Drivers/STM32F7xx_HAL_Driver/Src/stm32f7xx_hal.o
                                      0xdb3ee (size before relaxing)
 .debug_str     0x00000000000e0d1e      0x28e Drivers/STM32F7xx_HAL_Driver/Src/stm32f7xx_hal_adc.o
                                      0xdb07e (size before relaxing)
 .debug_str     0x00000000000e0fac      0x388 Drivers/STM32F7xx_HAL_Driver/Src/stm32f7xx_hal_cortex.o
                                      0xdb4a2 (size before relaxing)
 .debug_str     0x00000000000e1334      0x1bd Drivers/STM32F7xx_HAL_Driver/Src/stm32f7xx_hal_dac.o
                                      0xdaf19 (size before relaxing)
 .debug_str     0x00000000000e14f1      0x328 Drivers/STM32F7xx_HAL_Driver/Src/stm32f7xx_hal_dma.o
                                      0xdaf15 (size before relaxing)
 .debug_str     0x00000000000e1819      0x244 Drivers/STM32F7xx_HAL_Driver/Src/stm32f7xx_hal_gpio.o
                                      0xdadb1 (size before relaxing)
 .debug_str     0x00000000000e1a5d      0xcef Drivers/STM32F7xx_HAL_Driver/Src/stm32f7xx_hal_i2c.o
                                      0xdbcc9 (size before relaxing)
 .debug_str     0x00000000000e274c       0x89 Drivers/STM32F7xx_HAL_Driver/Src/stm32f7xx_hal_i2c_ex.o
                                      0xdb098 (size before relaxing)
 .debug_str     0x00000000000e27d5      0x1d1 Drivers/STM32F7xx_HAL_Driver/Src/stm32f7xx_hal_pwr_ex.o
                                      0xdae55 (size before relaxing)
 .debug_str     0x00000000000e29a6      0x269 Drivers/STM32F7xx_HAL_Driver/Src/stm32f7xx_hal_rcc.o
                                      0xdaef2 (size before relaxing)
 .debug_str     0x00000000000e2c0f      0x159 Drivers/STM32F7xx_HAL_Driver/Src/stm32f7xx_hal_rcc_ex.o
                                      0xdae7d (size before relaxing)
 .debug_str     0x00000000000e2d68      0x663 Drivers/STM32F7xx_HAL_Driver/Src/stm32f7xx_hal_sd.o
                                      0xdb674 (size before relaxing)
 .debug_str     0x00000000000e33cb      0x55c Drivers/STM32F7xx_HAL_Driver/Src/stm32f7xx_hal_spi.o
                                      0xdb395 (size before relaxing)
 .debug_str     0x00000000000e3927      0xca4 Drivers/STM32F7xx_HAL_Driver/Src/stm32f7xx_hal_tim.o